
HB HB1[1] <MultiChan_NL_Budget_lib:IQ_mod_bud:schematic>
Message from hpeesofsim during DC analysis `HB1'.
    Required filter order is calculated to be 6 for component
                 `a6_BPF1.CMP1'
Message from hpeesofsim during DC analysis `HB1'.
    Required filter order is calculated to be 7 for component
                 `b2_BPF2.CMP1'
Message from hpeesofsim during DC analysis `HB1'.
    Required filter order is calculated to be 7 for component
                 `a2_BPF1.CMP1'
    Number of tones:   1.
    Number of frequencies:   4.
    Number of time samples:  8.
    Number of HB equations (problem size): 371.
    Auto mode: off.
    Convergence mode: Fast.
    Linear solver: Krylov (GS_GMRES).
    Preconditioner: DCP.
    The general solver is used for HB Krylov preconditioning.
------------------------------------------------------------------------
Newton solver:				Linear solver:
Iter	KCL residual	Sol update	Iters	Residual
------------------------------------------------------------------------
0 	433.681e-21A             
1 	433.681e-21A	10.842 aV   	  1	1.570e-16   

HB HB1[1] <MultiChan_NL_Budget_lib:IQ_mod_bud:schematic>
    Number of tones:   3.
    Number of frequencies:   62.
    Number of time samples:  512.
    Number of HB equations (HB problem size): 6519.
    Number of SS/noise equations (SS/noise problem size): 13038.
    Auto mode: off.
    Convergence mode: Fast.
    Linear solver: Krylov (GS_GMRES).
    Preconditioner: DCP.
    The general solver is used for HB Krylov preconditioning.
0 	500 mA                   
1 	1.55618 GA              	  2	2.735e-10   
2 	6.47345e+15A            	  9	2.396e-03   
3 	2.29601e+15A            	  2	1.706e-14   
4 	109.359 kA              	  1	2.743e-15   
5 	2.78188 A               	  1	9.170e-08   
6 	4.50766 mA              	  1	7.671e-04   
7 	10.6352 nA              	  2	1.822e-15   
8 	1.1436 fA   	75.2025 nV  	  1	6.742e-08   

HB_NOISE HB1[1] <MultiChan_NL_Budget_lib:IQ_mod_bud:schematic>
Warning detected by hpeesofsim during spectral noise analysis `HB_NOISE'.
    Given a set of Harmonic Balance large-signal frequencies LSfreq
    (determined by Freq[], Order[] and MaxOrder) and a noise frequency
    FreqForNoise, the small-signal frequencies used in a nonlinear noise
    analysis are SSfreq=LSfreq+FreqForNoise and SSfreq=LSfreq-FreqForNoise.
    For this circuit, more than one such small-signal frequency differs
    from InputFreq by less than BandwidthForNoise. This means that the
    simulator is unable to uniquely determine what small-signal tone
    should be used for computing the small-signal conversion gains needed
    for the evaluation of NFssb and NFdsb. The small-signal frequency
    corresponding to the large-signal frequency with the lowest order will
    be used. In rare cases, NFssb and NFdsb are inaccurate. To eliminate
    this warning and the possibility of inaccurate results:
     o Reduce Order[] or MaxOrder to eliminate a conflicting large-signal
       frequency
     o Offset FreqForNoise and InputFreq by a small amount, like 1-2 Hz.
     o Offset one of the fundamental frequencies by a small amount, like
       1-2 Hz.
     o Eliminate any colliding tones in your Harmonic Balance setup,
       if present.

    Noise Freq=801 MHz  NFssb=9.684dB  NFdsb=9.684dB  Conv Gain=27.89dB

    Noise Freq=801 MHz  NFssb=9.684dB  NFdsb=9.684dB  Conv Gain=27.89dB

Resource usage:
  Total stopwatch time     =     2.81 seconds.

