PROGRESS 26
PROGRESS 27
PROGRESS 28
PROGRESS 29
PROGRESS 30
PROGRESS 31
PROGRESS 32
PROGRESS 33
PROGRESS 34
PROGRESS 35
PROGRESS 36
PROGRESS 37
PROGRESS 38
PROGRESS 39
PROGRESS 40
PROGRESS 41
PROGRESS 42
PROGRESS 43
PROGRESS 44
PROGRESS 45
PROGRESS 46
PROGRESS 47
PROGRESS 48
PROGRESS 49
PROGRESS 50
PROGRESS 51
PROGRESS 52
PROGRESS 53
PROGRESS 54
PROGRESS 55
PROGRESS 56
PROGRESS 57
PROGRESS 58
PROGRESS 59
PROGRESS 60
PROGRESS 61
PROGRESS 62
PROGRESS 63
PROGRESS 64
PROGRESS 65
PROGRESS 66
PROGRESS 67
PROGRESS 68
PROGRESS 69
PROGRESS 70
PROGRESS 71
PROGRESS 72
PROGRESS 73
PROGRESS 74
PROGRESS 75
PROGRESS 90
PROGRESS 100

 1. Frequency: 1 kHz      Unknowns:  123388
    Solver:  Direct threaded 64-bit
    CPU time: 00:00:14.6    Elapsed time: 00:00:09.2    Memory: 816.312 Mbyte 
PROGRESS 26
PROGRESS 27
PROGRESS 28
PROGRESS 29
PROGRESS 30
PROGRESS 31
PROGRESS 32
PROGRESS 33
PROGRESS 34
PROGRESS 35
PROGRESS 36
PROGRESS 37
PROGRESS 38
PROGRESS 39
PROGRESS 40
PROGRESS 41
PROGRESS 42
PROGRESS 43
PROGRESS 44
PROGRESS 45
PROGRESS 46
PROGRESS 47
PROGRESS 48
PROGRESS 49
PROGRESS 50
PROGRESS 51
PROGRESS 52
PROGRESS 53
PROGRESS 54
PROGRESS 55
PROGRESS 56
PROGRESS 57
PROGRESS 58
PROGRESS 59
PROGRESS 60
PROGRESS 61
PROGRESS 62
PROGRESS 63
PROGRESS 64
PROGRESS 65
PROGRESS 66
PROGRESS 67
PROGRESS 68
PROGRESS 69
PROGRESS 70
PROGRESS 71
PROGRESS 72
PROGRESS 73
PROGRESS 74
PROGRESS 75
PROGRESS 90
PROGRESS 100

 2. Frequency: 2 GHz      Unknowns:  123388
    Solver:  Direct threaded 64-bit
    CPU time: 00:00:10.3    Elapsed time: 00:00:05.7    Memory: 817.207 Mbyte 
PROGRESS 26
PROGRESS 27
PROGRESS 28
PROGRESS 29
PROGRESS 30
PROGRESS 31
PROGRESS 32
PROGRESS 33
PROGRESS 34
PROGRESS 35
PROGRESS 36
PROGRESS 37
PROGRESS 38
PROGRESS 39
PROGRESS 40
PROGRESS 41
PROGRESS 42
PROGRESS 43
PROGRESS 44
PROGRESS 45
PROGRESS 46
PROGRESS 47
PROGRESS 48
PROGRESS 49
PROGRESS 50
PROGRESS 51
PROGRESS 52
PROGRESS 53
PROGRESS 54
PROGRESS 55
PROGRESS 56
PROGRESS 57
PROGRESS 58
PROGRESS 59
PROGRESS 60
PROGRESS 61
PROGRESS 62
PROGRESS 63
PROGRESS 64
PROGRESS 65
PROGRESS 66
PROGRESS 67
PROGRESS 68
PROGRESS 69
PROGRESS 70
PROGRESS 71
PROGRESS 72
PROGRESS 73
PROGRESS 74
PROGRESS 75
PROGRESS 90
PROGRESS 100

 3. Frequency: 4 GHz      Unknowns:  123388
    Solver:  Direct threaded 64-bit
    CPU time: 00:00:10.2    Elapsed time: 00:00:05.3    Memory: 817.227 Mbyte 
PROGRESS 26
PROGRESS 27
PROGRESS 28
PROGRESS 29
PROGRESS 30
PROGRESS 31
PROGRESS 32
PROGRESS 33
PROGRESS 34
PROGRESS 35
PROGRESS 36
PROGRESS 37
PROGRESS 38
PROGRESS 39
PROGRESS 40
PROGRESS 41
PROGRESS 42
PROGRESS 43
PROGRESS 44
PROGRESS 45
PROGRESS 46
PROGRESS 47
PROGRESS 48
PROGRESS 49
PROGRESS 50
PROGRESS 51
PROGRESS 52
PROGRESS 53
PROGRESS 54
PROGRESS 55
PROGRESS 56
PROGRESS 57
PROGRESS 58
PROGRESS 59
PROGRESS 60
PROGRESS 61
PROGRESS 62
PROGRESS 63
PROGRESS 64
PROGRESS 65
PROGRESS 66
PROGRESS 67
PROGRESS 68
PROGRESS 69
PROGRESS 70
PROGRESS 71
PROGRESS 72
PROGRESS 73
PROGRESS 74
PROGRESS 75
PROGRESS 90
PROGRESS 100

 4. Frequency: 1 GHz      Unknowns:  123388
    Solver:  Direct threaded 64-bit
    CPU time: 00:00:10.0    Elapsed time: 00:00:05.8    Memory: 817.273 Mbyte 
PROGRESS 26
PROGRESS 27
PROGRESS 28
PROGRESS 29
PROGRESS 30
PROGRESS 31
PROGRESS 32
PROGRESS 33
PROGRESS 34
PROGRESS 35
PROGRESS 36
PROGRESS 37
PROGRESS 38
PROGRESS 39
PROGRESS 40
PROGRESS 41
PROGRESS 42
PROGRESS 43
PROGRESS 44
PROGRESS 45
PROGRESS 46
PROGRESS 47
PROGRESS 48
PROGRESS 49
PROGRESS 50
PROGRESS 51
PROGRESS 52
PROGRESS 53
PROGRESS 54
PROGRESS 55
PROGRESS 56
PROGRESS 57
PROGRESS 58
PROGRESS 59
PROGRESS 60
PROGRESS 61
PROGRESS 62
PROGRESS 63
PROGRESS 64
PROGRESS 65
PROGRESS 66
PROGRESS 67
PROGRESS 68
PROGRESS 69
PROGRESS 70
PROGRESS 71
PROGRESS 72
PROGRESS 73
PROGRESS 74
PROGRESS 75
PROGRESS 90
PROGRESS 100

 5. Frequency: 1.5 GHz      Unknowns:  123388
    Solver:  Direct threaded 64-bit
    CPU time: 00:00:10.3    Elapsed time: 00:00:05.8    Memory: 817.598 Mbyte 
PROGRESS 26
PROGRESS 27
PROGRESS 28
PROGRESS 29
PROGRESS 30
PROGRESS 31
PROGRESS 32
PROGRESS 33
PROGRESS 34
PROGRESS 35
PROGRESS 36
PROGRESS 37
PROGRESS 38
PROGRESS 39
PROGRESS 40
PROGRESS 41
PROGRESS 42
PROGRESS 43
PROGRESS 44
PROGRESS 45
PROGRESS 46
PROGRESS 47
PROGRESS 48
PROGRESS 49
PROGRESS 50
PROGRESS 51
PROGRESS 52
PROGRESS 53
PROGRESS 54
PROGRESS 55
PROGRESS 56
PROGRESS 57
PROGRESS 58
PROGRESS 59
PROGRESS 60
PROGRESS 61
PROGRESS 62
PROGRESS 63
PROGRESS 64
PROGRESS 65
PROGRESS 66
PROGRESS 67
PROGRESS 68
PROGRESS 69
PROGRESS 70
PROGRESS 71
PROGRESS 72
PROGRESS 73
PROGRESS 74
PROGRESS 75
PROGRESS 90
PROGRESS 100

 6. Frequency: 5 GHz      Unknowns:  123388
    Solver:  Direct threaded 64-bit
    CPU time: 00:00:09.9    Elapsed time: 00:00:05.3    Memory: 817.629 Mbyte 
PROGRESS 26
PROGRESS 27
PROGRESS 28
PROGRESS 29
PROGRESS 30
PROGRESS 31
PROGRESS 32
PROGRESS 33
PROGRESS 34
PROGRESS 35
PROGRESS 36
PROGRESS 37
PROGRESS 38
PROGRESS 39
PROGRESS 40
PROGRESS 41
PROGRESS 42
PROGRESS 43
PROGRESS 44
PROGRESS 45
PROGRESS 46
PROGRESS 47
PROGRESS 48
PROGRESS 49
PROGRESS 50
PROGRESS 51
PROGRESS 52
PROGRESS 53
PROGRESS 54
PROGRESS 55
PROGRESS 56
PROGRESS 57
PROGRESS 58
PROGRESS 59
PROGRESS 60
PROGRESS 61
PROGRESS 62
PROGRESS 63
PROGRESS 64
PROGRESS 65
PROGRESS 66
PROGRESS 67
PROGRESS 68
PROGRESS 69
PROGRESS 70
PROGRESS 71
PROGRESS 72
PROGRESS 73
PROGRESS 74
PROGRESS 75
PROGRESS 90
PROGRESS 100

 7. Frequency: 4.5 GHz      Unknowns:  123388
    Solver:  Direct threaded 64-bit
    CPU time: 00:00:10.2    Elapsed time: 00:00:05.7    Memory: 817.637 Mbyte 
PROGRESS 26
PROGRESS 27
PROGRESS 28
PROGRESS 29
PROGRESS 30
PROGRESS 31
PROGRESS 32
PROGRESS 33
PROGRESS 34
PROGRESS 35
PROGRESS 36
PROGRESS 37
PROGRESS 38
PROGRESS 39
PROGRESS 40
PROGRESS 41
PROGRESS 42
PROGRESS 43
PROGRESS 44
PROGRESS 45
PROGRESS 46
PROGRESS 47
PROGRESS 48
PROGRESS 49
PROGRESS 50
PROGRESS 51
PROGRESS 52
PROGRESS 53
PROGRESS 54
PROGRESS 55
PROGRESS 56
PROGRESS 57
PROGRESS 58
PROGRESS 59
PROGRESS 60
PROGRESS 61
PROGRESS 62
PROGRESS 63
PROGRESS 64
PROGRESS 65
PROGRESS 66
PROGRESS 67
PROGRESS 68
PROGRESS 69
PROGRESS 70
PROGRESS 71
PROGRESS 72
PROGRESS 73
PROGRESS 74
PROGRESS 75
PROGRESS 90
PROGRESS 100

 8. Frequency: 4.75 GHz      Unknowns:  123388
    Solver:  Direct threaded 64-bit
    CPU time: 00:00:10.2    Elapsed time: 00:00:05.7    Memory: 817.656 Mbyte 
PROGRESS 26
PROGRESS 27
PROGRESS 28
PROGRESS 29
PROGRESS 30
PROGRESS 31
PROGRESS 32
PROGRESS 33
PROGRESS 34
PROGRESS 35
PROGRESS 36
PROGRESS 37
PROGRESS 38
PROGRESS 39
PROGRESS 40
PROGRESS 41
PROGRESS 42
PROGRESS 43
PROGRESS 44
PROGRESS 45
PROGRESS 46
PROGRESS 47
PROGRESS 48
PROGRESS 49
PROGRESS 50
PROGRESS 51
PROGRESS 52
PROGRESS 53
PROGRESS 54
PROGRESS 55
PROGRESS 56
PROGRESS 57
PROGRESS 58
PROGRESS 59
PROGRESS 60
PROGRESS 61
PROGRESS 62
PROGRESS 63
PROGRESS 64
PROGRESS 65
PROGRESS 66
PROGRESS 67
PROGRESS 68
PROGRESS 69
PROGRESS 70
PROGRESS 71
PROGRESS 72
PROGRESS 73
PROGRESS 74
PROGRESS 75
PROGRESS 90
PROGRESS 100

 9. Frequency: 5.5 GHz      Unknowns:  123388
    Solver:  Direct threaded 64-bit
    CPU time: 00:00:10.1    Elapsed time: 00:00:05.4    Memory: 817.660 Mbyte 
PROGRESS 26
PROGRESS 27
PROGRESS 28
PROGRESS 29
PROGRESS 30
PROGRESS 31
PROGRESS 32
PROGRESS 33
PROGRESS 34
PROGRESS 35
PROGRESS 36
PROGRESS 37
PROGRESS 38
PROGRESS 39
PROGRESS 40
PROGRESS 41
PROGRESS 42
PROGRESS 43
PROGRESS 44
PROGRESS 45
PROGRESS 46
PROGRESS 47
PROGRESS 48
PROGRESS 49
PROGRESS 50
PROGRESS 51
PROGRESS 52
PROGRESS 53
PROGRESS 54
PROGRESS 55
PROGRESS 56
PROGRESS 57
PROGRESS 58
PROGRESS 59
PROGRESS 60
PROGRESS 61
PROGRESS 62
PROGRESS 63
PROGRESS 64
PROGRESS 65
PROGRESS 66
PROGRESS 67
PROGRESS 68
PROGRESS 69
PROGRESS 70
PROGRESS 71
PROGRESS 72
PROGRESS 73
PROGRESS 74
PROGRESS 75
PROGRESS 90
PROGRESS 100

10. Frequency: 500.001 MHz      Unknowns:  123388
    Solver:  Direct threaded 64-bit
    CPU time: 00:00:09.9    Elapsed time: 00:00:05.6    Memory: 817.660 Mbyte 
PROGRESS 26
PROGRESS 27
PROGRESS 28
PROGRESS 29
PROGRESS 30
PROGRESS 31
PROGRESS 32
PROGRESS 33
PROGRESS 34
PROGRESS 35
PROGRESS 36
PROGRESS 37
PROGRESS 38
PROGRESS 39
PROGRESS 40
PROGRESS 41
PROGRESS 42
PROGRESS 43
PROGRESS 44
PROGRESS 45
PROGRESS 46
PROGRESS 47
PROGRESS 48
PROGRESS 49
PROGRESS 50
PROGRESS 51
PROGRESS 52
PROGRESS 53
PROGRESS 54
PROGRESS 55
PROGRESS 56
PROGRESS 57
PROGRESS 58
PROGRESS 59
PROGRESS 60
PROGRESS 61
PROGRESS 62
PROGRESS 63
PROGRESS 64
PROGRESS 65
PROGRESS 66
PROGRESS 67
PROGRESS 68
PROGRESS 69
PROGRESS 70
PROGRESS 71
PROGRESS 72
PROGRESS 73
PROGRESS 74
PROGRESS 75
PROGRESS 90
PROGRESS 100

11. Frequency: 250.001 MHz      Unknowns:  123388
    Solver:  Direct threaded 64-bit
    CPU time: 00:00:10.1    Elapsed time: 00:00:05.6    Memory: 817.660 Mbyte 
PROGRESS 26
PROGRESS 27
PROGRESS 28
PROGRESS 29
PROGRESS 30
PROGRESS 31
PROGRESS 32
PROGRESS 33
PROGRESS 34
PROGRESS 35
PROGRESS 36
PROGRESS 37
PROGRESS 38
PROGRESS 39
PROGRESS 40
PROGRESS 41
PROGRESS 42
PROGRESS 43
PROGRESS 44
PROGRESS 45
PROGRESS 46
PROGRESS 47
PROGRESS 48
PROGRESS 49
PROGRESS 50
PROGRESS 51
PROGRESS 52
PROGRESS 53
PROGRESS 54
PROGRESS 55
PROGRESS 56
PROGRESS 57
PROGRESS 58
PROGRESS 59
PROGRESS 60
PROGRESS 61
PROGRESS 62
PROGRESS 63
PROGRESS 64
PROGRESS 65
PROGRESS 66
PROGRESS 67
PROGRESS 68
PROGRESS 69
PROGRESS 70
PROGRESS 71
PROGRESS 72
PROGRESS 73
PROGRESS 74
PROGRESS 75
PROGRESS 90
PROGRESS 100

12. Frequency: 3 GHz      Unknowns:  123388
    Solver:  Direct threaded 64-bit
    CPU time: 00:00:09.9    Elapsed time: 00:00:05.6    Memory: 817.660 Mbyte 
PROGRESS 26
PROGRESS 27
PROGRESS 28
PROGRESS 29
PROGRESS 30
PROGRESS 31
PROGRESS 32
PROGRESS 33
PROGRESS 34
PROGRESS 35
PROGRESS 36
PROGRESS 37
PROGRESS 38
PROGRESS 39
PROGRESS 40
PROGRESS 41
PROGRESS 42
PROGRESS 43
PROGRESS 44
PROGRESS 45
PROGRESS 46
PROGRESS 47
PROGRESS 48
PROGRESS 49
PROGRESS 50
PROGRESS 51
PROGRESS 52
PROGRESS 53
PROGRESS 54
PROGRESS 55
PROGRESS 56
PROGRESS 57
PROGRESS 58
PROGRESS 59
PROGRESS 60
PROGRESS 61
PROGRESS 62
PROGRESS 63
PROGRESS 64
PROGRESS 65
PROGRESS 66
PROGRESS 67
PROGRESS 68
PROGRESS 69
PROGRESS 70
PROGRESS 71
PROGRESS 72
PROGRESS 73
PROGRESS 74
PROGRESS 75
PROGRESS 90
PROGRESS 100

13. Frequency: 3.5 GHz      Unknowns:  123388
    Solver:  Direct threaded 64-bit
    CPU time: 00:00:10.2    Elapsed time: 00:00:05.7    Memory: 817.660 Mbyte 
