0.55419773602054645
0.50414225187267059
0.46877359856060674
0.44706035726568899
0.41176457948131051
0.40961998452818588
0.40002464236269114
0.38463579724255897
0.38459731766469052
0.36621769625559869
0.36571634959856181
0.36273247740538306
0.34779571978633927
0.33608307278673627
0.33423625636679782
0.33287720571555762
0.33265872007797764
0.32943906474796458
0.32404716331713057
0.32048658211412578
0.32017018993860741
0.31992183320039397
0.31947003151789921
0.31614053716502677
0.31359630944449096
0.31330179501024674
0.312995171828092
0.30784538149606505
0.30595476109729097
0.29673251834413084
0.29529475276207873
0.29210456597602652
0.29042797763092687
0.29010088183887234
0.28676229014409971
0.28492848681775679
0.2830472002923769
0.28290294045421566
0.28243141972279495
0.27965391536886502
0.27806030955643157
0.27642084963155528
0.27545227948106232
0.27325791128931604
0.27217445603879531
0.27039921065753036
0.27006326997894281
0.26978410210696646
0.26757092643620806
0.2624077959050245
0.25718003460947331
0.25691380443974665
0.25272279996711083
0.25186987810475497
0.251405081289582
0.25124245193730538
0.24865354208650337
0.24836385780071038
0.23985463791663361
0.2397077015703391
0.23885462191814597
0.23866434168214262
0.23850082066294118
0.23724477148192505
0.23719293911190051
0.23548120232362105
0.23483249187939589
0.23409028222821929
0.23367381928503062
0.23255509022829998
0.23151709597022191
0.23103899378821124
0.22879608750757421
0.2278669585694553
0.227062184153765
0.22648357462171217
0.22539337704539747
0.22427030370982806
0.22262210674272492
0.22159082179231673
0.22075648096503517
0.22072439926231721
0.22063719259757536
0.21936369067095568
0.21891872182675004
0.21741866473577703
0.21440756013721088
0.21241189047797152
0.21224600995033474
0.21159521449790258
0.21087934786191975
0.20915703609578221
0.20689371117285577
0.20608350115148907
0.20450374774671595
0.20249869263278669
0.20222502384440338
0.20213921815398397
0.2008930355520045
0.19787094744206957
0.19697806515236674
0.1967116248902718
0.1963386599140389
0.19416076435463062
0.19410860341162806
0.19327318917944281
0.19231562258235985
0.19223439436562909
0.19169883173596103
0.19120223642110917
0.19049984088420849
0.19007307878817836
0.18995478228079485
0.18940099761997006
0.18935080643129881
0.18833208858500008
0.1880844852186323
0.18748676290511307
0.18746850768028198
0.1867558784066862
0.1853391885844016
0.18435569101718885
0.18390011759816216
0.18383267488296773
0.18291901544432473
0.18273977753342807
0.18121742825265624
0.18065278840724527
0.18060984144217401
0.18033595026175606
0.18024132268602144
0.17945257968679704
0.17870405939917899
0.17861715020768484
0.17836502493178158
0.17832466463436492
0.17828375710779046
0.17823936694594789
0.17762354141770109
0.17749764122817693
0.17715729536822508
0.17701107660507892
0.1761622933255271
0.17597966062381171
0.17563140097750107
0.17545937855302726
0.17527731383210063
0.17516922353220477
0.17401097488388489
0.17400803238249171
0.17399460715158635
0.17391171547412873
0.17359625407000481
0.17349627157504102
0.17326075967343663
0.17233031258039877
0.16945650452765346
0.16923830722917399
0.16858378628929599
0.16805585186839014
0.16613457950986554
0.16610775174398204
0.16585193332125547
0.16556793437614511
0.16510687068167654
0.16472807920648935
0.16456268492105577
0.16431967677480838
0.16415314424492869
0.16375373883988728
0.16312893614677634
0.16274148397658483
0.16250898498316735
0.16208945287120516
0.16124472666187978
0.16074234152705927
0.16046100721928497
0.16017053638614903
0.16008212194996632
0.15945645317466553
0.15935158617054926
0.15920890233586157
0.15908872653775505
0.15871164905169197
0.15810056378820395
0.15786469643930504
0.15761989067400281
0.15728815491987244
0.1561844161011598
0.15611206250726498
0.15557314150515927
0.15543702591611713
0.15479267336521313
0.15467154501207517
0.15401457950908234
0.15378554326377183
0.15361861657111855
0.15351207230248956
0.15320982941546205
0.15245992915329928
0.15241770480999722
0.15214039484881373
0.15178883639672403
0.1514234224752164
0.15094569799353036
0.15082351907235245
0.15079221476809718
0.15051473916526625
0.15030992457512107
0.15029810469425167
0.15026813088543889
0.15019963255255261
0.14915039324476237
0.14900852831237715
0.1483223991934057
0.14828927198433328
0.14744878974475109
0.14725872896072686
0.14712286094039725
0.14690936614253761
0.14681897032042776
0.14664970075024042
0.14657204440060986
0.14573982496628535
0.14487481530944918
0.14453326829239513
0.14447198471266107
0.1443198216629821
0.14388387472860925
0.14366434865741987
0.14332896283769744
0.14319135661765633
0.1421662303978877
0.14206776619110792
0.14200060668435779
0.14196851833112464
0.14141619036027792
0.14129165874706009
0.14107291047944223
0.14100102862875064
0.14073552689700095
0.14071124399563903
0.14032624678552677
0.13933539593174837
0.13907930320811673
0.13890605024371253
0.13878561191155867
0.1386480974235636
0.13798773531970215
0.13794252302439913
0.13769897925735106
0.13751072995365476
0.13730182758783213
0.13727198933351784
0.13633767002999367
0.13598948478678058
0.13557252062095324
0.13518611795207908
0.13453884388129064
0.13410096275254146
0.13396105225144367
0.13347228253103294
0.13340546051846405
0.13333503299827221
0.1320973137872386
0.1315748541366569
0.12997442889110636
0.12964688196676016
0.12959241638439151
0.12925247672868559
0.12858695789597793
0.12856069581901156
0.12838522854340076
0.12787307052827715
0.12736003161397844
0.12686848118793329
0.12685677046700361
0.12673352422191003
0.12642205601042175
0.12527161277219195
0.1252646406656896
0.12483831056333178
0.12449855119022683
0.12418425823570514
0.12407974276347823
0.12389759432209933
0.12385879583732759
0.12301480181203082
0.12293019097678969
0.12281503907190139
0.12280048358613541
0.12255198409219716
0.12234422463506818
0.12163217360182581
0.12158739453732903
0.12129540227517668
0.12110474633869837
0.12108552967468433
0.12085019928862734
0.12068423597383775
0.12032645452595508
0.11991952084585976
0.11986413362077054
0.11984988453132481
0.11984361000011516
0.11944485248522768
0.11921364809353217
0.11909632833490699
0.11870345569480685
0.11855138065951011
0.11848743845430892
0.11846169704905085
0.11824137463218864
0.11816717070986307
0.11814897321286039
0.11806687655154774
0.11801555665070457
0.11797981901613994
0.11773668009043867
0.11768380924737282
0.11753695380208369
0.11753693605320054
0.11738194382433705
0.1172486339822922
0.11654528402681519
0.11614523350235835
0.11584526048161366
0.11534677871913722
0.1151683084128141
0.11489173136025849
0.11487928587788471
0.11472016114497836
0.11446468833193796
0.1143492579326697
0.11429560802061331
0.1142383535178613
0.1138950917215044
0.11352821482080755
0.11343242486611838
0.1133561681490405
0.1126428037046044
0.1126290493104833
0.11167723456468757
0.11149233254959484
0.11136516105398592
0.11108222374209097
0.11103491979374112
0.11059396612028626
0.11055228882283785
0.11024849149708491
0.11003870625750359
0.10991232302809624
0.10974497131081851
0.10902362090709405
0.10897298410074895
0.1089314304333095
0.10867254640725012
0.10799919547662445
0.10780024349029801
0.10777553167265434
0.10743614697308153
0.10741642469093791
0.10724919346566592
0.10696798243587093
0.1064368568397443
0.10638494018239859
0.10598631077956758
0.10593438782405448
0.1058969267899484
0.10555418927821253
0.10546895495721298
0.10541850755159646
0.10491547791872513
0.10457110915097124
0.10431571514410529
0.10426011048831842
0.10404992638247484
0.10359071525536236
0.1035751018019755
0.10329736415586106
0.10270159640921497
0.10258825869391028
0.1024978386803598
0.10221884986034782
0.1017949255768105
0.1017632014146571
0.10157373885823658
0.10147856768574356
0.10147102376271472
0.10091254237711142
0.10055051898274293
0.10048448093162152
0.1003307483511216
0.10023230397088846
0.099976811551219527
0.099893710387469317
0.099290139590719112
0.098850282469567535
0.098267694703101455
0.098043417627565202
0.097959952137731079
0.097885050611432489
0.097857632012901999
0.097824241421869629
0.09775778036129934
0.097677335406406454
0.097542892096964318
0.097495360674200268
0.097349469227713203
0.097268607487380254
0.097231489593721313
0.096562994258547932
0.096139660619570425
0.095706691736121008
0.095536643805719274
0.095053263213000713
0.094958043518365093
0.094912905768922612
0.094745706456176818
0.094492689210157146
0.094167590753186231
0.094125337991286334
0.09402165807133224
0.094013212979510014
0.09396585000207669
0.093663282359415373
0.093643771153449906
0.093560363608725675
0.093560081819157703
0.09339023381476054
0.093157251514724704
0.093067952135350879
0.09287952413338342
0.092799428759314295
0.092525882758719202
0.092468293433121795
0.092386946895287564
0.092101815371888315
0.091893527902620342
0.091885827079821847
0.091394396453998397
0.091320225206869152
0.091203002702228725
0.091081430029863936
0.090961439156645923
0.090778833174820092
0.090587147464446002
0.090423443224641561
0.090027808337222834
0.089976069177613374
0.089913366265244946
0.089889668190439628
0.088534711438401081
0.088516085964928395
0.088457381768424381
0.088432001066745605
0.088167749318259644
0.088106299636244556
0.087821855262645132
0.087667598553400547
0.087384066204756666
0.087171937980402431
0.0870701233349402
0.087046639608832133
0.086976962243473496
0.086599389682906314
0.086564399524365745
0.086477698783395229
0.0863095402705817
0.086279270502472249
0.086122200508367081
0.086080696072304355
0.085831710552157089
0.085651221872398528
0.085595699488742863
0.084810704210830243
0.084728652823430978
0.084275584318650232
0.084063113214813051
0.083821222320405564
0.083706299574050486
0.083551298347067898
0.083531696007347084
0.0833648229316898
0.083327498876574452
0.083191211433306919
0.082711110778416766
0.082557382959595263
0.082418285057064278
0.082389036879952082
0.08231333065033003
0.082133685161948994
0.082100493993906565
0.082007715731329547
0.081767577790924917
0.081282031030130417
0.081238715898477101
0.080829518424842456
0.080818546141707748
0.080761548004970624
0.080722464399129348
0.080305769442089614
0.079866182637496938
0.079590310431124286
0.079551753443579981
0.079276539918020625
0.078436611128412423
0.078305767859412428
0.078289421892248273
0.078272318407985542
0.078263233877148522
0.078134837757675282
0.078005068049046528
0.077911822600386232
0.077711540867871562
0.077683250200851331
0.077537037432723527
0.076947611371510752
0.076935834689524474
0.076723217660610077
0.076423712185359649
0.076238403761918552
0.076198510209830234
0.076032825999011261
0.075903472872806937
0.075854264388331386
0.075809472490199772
0.075679053143917485
0.075523370108361243
0.075272927510525875
0.075210839032401694
0.075203648207528909
0.074795478623921455
0.074792134525357934
0.074708720821104357
0.074521075304961243
0.074442744441368378
0.074431501874620443
0.074346280120759875
0.074160252567541898
0.074018794064914448
0.073948286934170979
0.073944010108888444
0.073822015857498799
0.073748002785967395
0.073688790072321389
0.073679080872997862
0.073576278730505609
0.073360685282296667
0.073110243435691502
0.073072053510154111
0.073003099550100287
0.072962485968426444
0.07277451755944439
0.072750329605425337
0.072671511270104114
0.072638052818134555
0.072336810188192782
0.072239914452921786
0.072079728872933679
0.071437002112311382
0.071055738173133987
0.071029296957386412
0.070884693962718848
0.070821320217498096
0.07080203370556018
0.070766273585617989
0.070751963913886259
0.07067355482495441
0.070662999111228017
0.07064117139438833
0.070621382303032235
0.07041517528783503
0.070247382174560904
0.070227719460326729
0.070220454578407254
0.069587488918817941
0.069515567396043573
0.069426070010977045
0.069425657838344548
0.069382696479446976
0.069237339096763134
0.069153883163660321
0.068813518827096451
0.068793306700591528
0.068685570195928997
0.068638564355460729
0.068479479573891749
0.068266805774067976
0.068238853119536189
0.068205126829328139
0.068197538504156746
0.068114520997350853
0.067959692404096064
0.067307057869090928
0.067060358115352756
0.06697729057067428
0.066893098865113867
0.066859111029338975
0.066715946033444662
0.066613901908439951
0.066579913424461443
0.06615945162946317
0.066020629912452097
0.066017315424153816
0.065985345360925499
0.065662189915211278
0.065655927975695791
0.065581073820644903
0.065341658366944541
0.065269902955951364
0.065224135282241552
0.064984717100129819
0.064965280993583868
0.064942021321625257
0.064937693609108088
0.064924756664038727
0.0648753231856979
0.064696653626878528
0.06450447227775688
0.064497230581269674
0.064477972860592397
0.064270057187726784
0.063935519233058041
0.063853174664919007
0.063736833151877101
0.063627002028278368
0.063522998169400297
0.063399439723720988
0.063281968434852523
0.063163801284466067
0.063157110770715924
0.063055549095180227
0.062967163174971738
0.062964212444065595
0.062893558098709709
0.06260768460309396
0.062504263392839418
0.062423822719356425
0.062394482420029776
0.062284962900217782
0.062013586460108412
0.061873158956606736
0.061840362065901322
0.061755226854118724
0.061708155991562472
0.061707603189238285
0.06170668280392879
0.061517035646622323
0.061508786410083151
0.061489011979573974
0.06135094829758677
0.061176874897440073
0.061151084527210221
0.06114329113683703
0.061085449640492485
0.061080731719138533
0.060979763962382368
0.060965816500296838
0.060858392296979313
0.060829943663421163
0.060708397651155162
0.060650834140928839
0.060587934123531445
0.060557609246998163
0.060462544277332213
0.060445166566128659
0.060436660348491565
0.060400710034536446
0.060285692879041029
0.060186465293079389
0.059935048544789024
0.059847499541576969
0.059698842907220211
0.05959387567767109
0.059486063772899812
0.059469204376909016
0.059460238072423774
0.05945988569517404
0.05938751841630073
0.059203390067065084
0.059200207800815245
0.05918745248708266
0.059176842663309477
0.058876880499791659
0.058715631600603148
0.058637853980368547
0.058619877031550617
0.058577645869540361
0.058445849642767139
0.058322644283290155
0.05825285296329915
0.058214079978320066
0.058100952608864415
0.058076859934241234
0.058039799726187183
0.057949600255331725
0.057734540029576432
0.057533068191850757
0.057245453641533231
0.057204299246414701
0.057185700413306791
0.057148268200307398
0.057059869850721187
0.056981896348039095
0.056938693462493035
0.056872867855844077
0.056703824009660952
0.056588884201303036
0.056400197116269979
0.056308989523545558
0.056241949100902959
0.056137890107302815
0.056124173281758602
0.056005619478870436
0.0557495496308619
0.055496405286815043
0.055220911411485371
0.055058721438755863
0.055033960341927701
0.054837423797280523
0.054425910194467825
0.054383376535276542
0.054244140107145546
0.053914687454541116
0.053888232632611451
0.053879145635701987
0.053859386627243586
0.05369415518776894
0.053605495875685798
0.053542738989036623
0.053533916330420865
0.053439600585073931
0.053392144430593654
0.053239799723746491
0.053222951244160502
0.053211084886758728
0.053193682641014262
0.053038428885662285
0.052831489441379345
0.052672795895116566
0.052609029501143073
0.052556630697325926
0.052332766628442079
0.052331217034314571
0.052323210210481079
0.052109461871691021
0.052017966632231023
0.052007715502483363
0.051990780071774594
0.051923133552889821
0.051868556080236605
0.051748571666384045
0.051628571842435446
0.05162151592914261
0.051618907386935586
0.051611882082466677
0.051508229735329078
0.051430503221579035
0.051356603716520739
0.051255776243094305
0.05116130465603845
0.05103221353616702
0.050956471904060045
0.050873651771048148
0.050811992120242531
0.050516891154750533
0.05048550947602827
0.050438940766630448
0.050419661109992464
0.050355086114379874
0.050272288127459493
0.050194437552983272
0.049960626134955707
0.049958185297309367
0.049884190212283526
0.049833466384000075
0.04978919951226022
0.04969996919387238
0.049685486476711692
0.049675165504875385
0.049510734708331734
0.049411952951887862
0.049388663303947887
0.049293078599096367
0.049081354728683566
0.049030336499957132
0.048917964257992101
0.048848162242682076
0.048838118736175766
0.04882610755285554
0.048779021123483451
0.048729582494447241
0.048522692120648754
0.048396014202539937
0.048186435153618874
0.048184929967504793
0.048130239071547384
0.048125656584882014
0.048119737430159432
0.048009374335569746
0.047999697890822847
0.047983111856541243
0.047838352062138274
0.04770422264972568
0.047653380181737759
0.04759228310500932
0.047557162234169836
0.047376815002395323
0.047222594255714297
0.047206417813163856
0.047156368472550191
0.047129819153697142
0.047073839177556094
0.047006424727910848
0.046992370266748358
0.046898849331760334
0.046756810147662982
0.046701263260172217
0.046673460173264299
0.046623433035252557
0.046550000542455519
0.046473357802376575
0.046388359428519564
0.046364480893612871
0.046261079945151218
0.046213995140282349
0.046208171256824498
0.046188139252441376
0.046177238521304599
0.046177218642171933
0.046125904071480754
0.046100710926260891
0.045989300659302741
0.045918274260029104
0.045731066348249839
0.04567436635119107
0.045496846139802184
0.045456826263284025
0.045383795789313591
0.04538261322955333
0.045329259800709502
0.045304625765553989
0.045154930386198347
0.045006752461736937
0.045001275269069121
0.044970719433793944
0.04487328858417107
0.044854121377354665
0.044836659401341385
0.044736240686666942
0.044657875881650787
0.044573359560281044
0.044427979059708175
0.044413419577168468
0.044301627520566211
0.044264895752287772
0.044210729316253201
0.044188080828745618
0.044120741144721275
0.044103367556053596
0.044060577143720324
0.043997132675453632
0.043809706382713851
0.043710917751774173
0.043710363195599899
0.043665903113435364
0.043537039549846043
0.043524689159482738
0.043395274522147899
0.043353771743262388
0.043336462285003603
0.043333871413054829
0.043311755988092469
0.043185546468300522
0.042874392987287346
0.042850174997492316
0.042815308731036728
0.042796463234497296
0.042694737570564571
0.042694534513306709
0.042687697817683321
0.042671887192391011
0.042666821933374191
0.042646352530478202
0.042637542474510216
0.042574422044828468
0.042483315321804008
0.042380386462522263
0.042356326343509526
0.042336544717836926
0.042324440403943196
0.042269817510345128
0.04225978617186487
0.042158745499057633
0.042110618537045987
0.042099574502154402
0.04208812262563405
0.042087018421991217
0.042070853976792
0.041955674578774811
0.041636448357276985
0.041450502665708697
0.041400612607029062
0.041394179607725859
0.041316156079075933
0.041285781074905943
0.041224447017906909
0.04111551999965378
0.041097398741374719
0.04109437934849592
0.041061162417570331
0.041026779649781797
0.040954231212427347
0.04086241342963335
0.040831057597686876
0.040651887326203624
0.04063888841532097
0.040574017256726047
0.04031106817870813
0.040283193524779028
0.040264978300055911
0.040255190450864925
0.040050054094282216
0.040035275887845466
0.039962950389880202
0.039922004555369116
0.039917635026752628
0.039868986268349345
0.039834043046473887
0.039796171280865961
0.039785941776175407
0.039648590316403512
0.039574076305182233
0.03954981526222455
0.039302467589749243
0.039275606518936461
0.039255736693886496
0.039242673089634861
0.039241987050624733
0.039191325859140848
0.039176049332439872
0.039158550352427345
0.039156153547254456
0.039153037787464685
0.039152641785403536
0.03909345696398589
0.039066997068374985
0.039013900160859295
0.038993229681243739
0.038918736508821432
0.03886342428717638
0.038804161320477919
0.038789987607002169
0.038662328596312724
0.038610360234269808
0.038602513580762873
0.038593172699020614
0.038516047954059981
0.038512912481466884
0.038426676741346602
0.038329731857790872
0.038224578072808109
0.03814830579854956
0.038130208751564573
0.038084803892223108
0.038050783650634815
0.037976055828776188
0.037934817370958857
0.037889788635755962
0.03782276212462661
0.037777628413476823
0.037760782078903501
0.037695581270335489
0.037685310333003007
0.037668896030981891
0.037611579703439653
0.037568518560477424
0.037555872588451833
0.037410825555284077
0.037364484330582419
0.03735695433850128
0.037336266321210503
0.037187178156078554
0.037149455678930833
0.037149012508605396
0.037118704526886967
0.037064100239133868
0.037006667225317966
0.036953711537090699
0.036934035617677108
0.036932073916466794
0.036916843963273924
0.036870972287842342
0.03669673094407272
0.036672696715922409
0.03667146147905951
0.036608597581570465
0.036591030593420011
0.036583124580344843
0.036568369163366199
0.036559791101225744
0.036501578624740627
0.036414085145876442
0.036354276083286036
0.036347452797883026
0.036323719588362835
0.036269722043222256
0.036228725130960281
0.036213440865392355
0.036206773164918452
0.036194721056997545
0.036029535060772409
0.035992534404895832
0.035984432710099212
0.035925613522191036
0.035922870455416409
0.035877667765409342
0.035868962606497613
0.03586283438638483
0.035822078897620964
0.035768128753666736
0.035727160308617313
0.035726457458922729
0.035471827555457761
0.03545465109056025
0.035407162466892489
0.035402602560669405
0.035388040665214872
0.035270958919180841
0.035255269979386245
0.035197073428598659
0.035184862511803305
0.034970172870818078
0.034961400168058918
0.034921451897105202
0.034815001608362754
0.03476957708947892
0.034748042758034468
0.034722343739942166
0.034708596296148038
0.034670246864021613
0.034640524236776389
0.034547859857269103
0.034535104235212812
0.034487749342536719
0.034462056465507568
0.034305199734577976
0.034297377441870676
0.034282992673637949
0.034246948201415751
0.034137049829549487
0.034126173704086014
0.034114861589612404
0.034111848374963387
0.034019883979929597
0.034007818496836942
0.033998489303664413
0.033974978208888805
0.033959004347169426
0.033943857329560463
0.033935104004566848
0.033931071215001891
0.033905501577507983
0.033896017015080382
0.03386516437025041
0.033857481127726616
0.033814985260845622
0.033714883792009737
0.033648565022537623
0.033601102225483077
0.033591706737720203
0.033582360453454072
0.033566198106094326
0.033432148329633253
0.033386390012923754
0.033326626891368942
0.033306970362242297
0.033238605610093473
0.033109363463140334
0.03310085851659663
0.033086098031032393
0.033012082067318156
0.032911319553787878
0.032849390444895196
0.032842745382350109
0.032830388003673841
0.032802290344401741
0.032783391570806709
0.032774023249007904
0.032762593086941079
0.032728721671454006
0.032684628333199045
0.032670051044142355
0.032632362736752997
0.032606935661744212
0.032574113869288962
0.032463608285614474
0.03231545003329573
0.032295021956823142
0.032284168566198743
0.032240707261948304
0.032215375507604303
0.032214326002223161
0.032204990997604793
0.032196657887039168
0.032195775601296182
0.032137049027076779
0.032100088495391796
0.03206112093653922
0.032035757073350803
0.032014933087313291
0.032011435553747136
0.032011406173686772
0.031979054918157418
0.031959582678221958
0.031921943139285126
0.031898698978019398
0.031871287320536332
0.031840142764594889
0.031750166321053992
0.031742299870174004
0.031645316543818219
0.031591100623909657
0.031589235049486283
0.031576499932511284
0.03151969554358032
0.031514727978989118
0.031513236593223859
0.031402854324990272
0.031392374081404252
0.031382379352923588
0.031342090054165231
0.031280705737222275
0.031128773058479976
0.031053937630615206
0.031010493160510466
0.030967928134366999
0.030967683087416778
0.030959807808361679
0.030951302675785875
0.030880713351200465
0.030798548144670618
0.030753813587925425
0.030732972644847943
0.03073150571041941
0.030606472279305168
0.030559356290744522
0.03055597554309105
0.030417697681707788
0.030410689890757778
0.030397807792435949
0.030393290570135383
0.030360723701806421
0.030274503913778013
0.030252377953181031
0.030084812552875526
0.030075607801514276
0.030035380220447348
0.030021209222034141
0.030018540427319329
0.029992598166538775
0.029979002980392751
0.029893117580649314
0.029879719424309399
0.029873570738282833
0.029870581242697081
0.029847235108205118
0.029845691877849835
0.02982979023132859
0.029804588917076085
0.029798464304898319
0.029706721643020916
0.02967505542123049
0.029653227494043317
0.029553899385809181
0.029547515109199902
0.029522193983796182
0.029497499525248903
0.029494364191318085
0.029482861018276279
0.029445953726607969
0.029441080796894659
0.02942827357919274
0.029397392484870034
0.029348591769110415
0.029299972790447784
0.029240773573189452
0.029185216400258923
0.029125490581367371
0.029061595623897551
0.029015543881064566
0.029013208129294536
0.028994240722951359
0.028935690784122919
0.028761260245999946
0.028756318301140119
0.028723202482967058
0.028720086282150326
0.0286653408027078
0.028626568958147216
0.028618372707260541
0.028587296503667127
0.028583487328838524
0.028540070868152714
0.028495405736639379
0.028485669264653481
0.028472978664362377
0.028470466649540699
0.028440643061298711
0.028386413832707444
0.028374906958295018
0.028279740890230939
0.028267810839872863
0.028242332777195178
0.028227274287438223
0.028212954393006147
0.028186376017892215
0.028158731064035034
0.02814232527505435
0.02809615747665959
0.028078042103733911
0.028076098892920617
0.028016787969159559
0.028007327288681657
0.027992081563085129
0.027980896222991845
0.027953903842108045
0.027929556395796511
0.027880292855047017
0.027839428067150208
0.027808350824956963
0.027795921500890244
0.027741071570646286
0.0277404939661706
0.027727139120735673
0.027680386157689734
0.027641921448419943
0.027602341489391512
0.027577085625161219
0.027574719042853153
0.027563460335768574
0.027540228727703155
0.027454124278094356
0.027442398208266786
0.027414913429063922
0.027397336370773961
0.027373074871804098
0.027300141114165177
0.027252423273562181
0.027224513062254374
0.027199026268572679
0.027146998853524017
0.027139903116982955
0.027133792080314186
0.027085402094786323
0.027071917876792775
0.026877756710915583
0.026868070971716923
0.026846418927004879
0.026829046989462604
0.026793298100108016
0.026773135992697716
0.026728539813608194
0.026728473251388836
0.026724994040934889
0.026715738749698542
0.026668776173320734
0.026647039140178155
0.026631855622796685
0.026574192778799601
0.02655400382067356
0.02654977103656889
0.026473600766199319
0.026434451943256086
0.026406981443699698
0.026370366458824283
0.026367401630045442
0.026364217875161969
0.026335267328006812
0.026326939715691246
0.026264734369865372
0.026239453279377913
0.026231345375773256
0.026229004684342604
0.026224182957218897
0.02620904890958874
0.026205389727679173
0.026150530645531748
0.026133499463311921
0.026125258974856215
0.02610339095853198
0.026097868178795128
0.025985084278040312
0.025918376893842316
0.025900124638168806
0.025878321998854842
0.025831275061911775
0.025769349864873312
0.025729303150094602
0.025726529252885932
0.02571316928609986
0.025688775439516687
0.025656181122330795
0.025627704910951118
0.025529410441300675
0.025514271516932575
0.025459428916707143
0.02544227536999636
0.025416160005935485
0.025382218522156233
0.025257116328120815
0.02514725440119801
0.025098958798456646
0.025082943099299451
0.025080363955038286
0.025079184933534428
0.025073882589910876
0.025073337588411616
0.025063970457847175
0.02504765087289193
0.025014723154446358
0.024963108572758675
0.02494781666760211
0.024885204817576948
0.024827000931166136
0.024794533944241089
0.024783957485016241
0.02474676164070138
0.02473600201683808
0.024735406986335036
0.024727963382618019
0.024718500244303651
0.024715953128160779
0.024714365275616074
0.024669002926870211
0.02466837392053671
0.024662219914666064
0.024611375593479274
0.024557117984130895
0.024548323782643971
0.024520283786593686
0.024517105668997709
0.024508016882654197
0.02445740199223094
0.024453753958528595
0.024450409598392845
0.024446633446352804
0.024384039073978691
0.024371667316444239
0.024362709652481714
0.024327506159251541
0.024301345115366389
0.024299651497809514
0.02424888178931011
0.024215330177629339
0.024176720334407247
0.024148128149502832
0.024071370100590191
0.024052929336950152
0.024021343137179317
0.023999744705166779
0.023961534002398178
0.023915068275840255
0.023902548769640538
0.02388144521137937
0.023853595508595265
0.023852801327807618
0.023787099778735932
0.023785937258527047
0.023763040905421584
0.023759480399813085
0.023680309038535553
0.02367435199177061
0.023667372824596408
0.02366065499960247
0.02364625308585893
0.023634911250493482
0.023621914140443838
0.0236208569293716
0.023609179776055787
0.02360498784722322
0.023591063940994014
0.023582922685269209
0.023581495633993924
0.023572594198783606
0.023565323988508708
0.023548491141128038
0.023370818256183656
0.023335147450496491
0.023322191533294089
0.023312774489027632
0.023305548851714573
0.023292485780199945
0.023288672303824923
0.023264943836212741
0.023262979073261896
0.023261090223366299
0.023232948721215667
0.023222579387084757
0.023217236419271842
0.023215197290791568
0.023211701393072399
0.023209734227047165
0.023190599759211412
0.023177067235760036
0.023173348733301454
0.02313417361311609
0.023133455731921947
0.023098182258899876
0.023059486180974559
0.023041781067831637
0.023035426772410647
0.023024671388993369
0.023005002653732891
0.022982129429066387
0.022899436733729527
0.02289648572262348
0.022884865384495939
0.022846638334455965
0.022841761419739145
0.022824568883917803
0.022770619312054381
0.022746564515832471
0.022727575812284479
0.02271736873227764
0.022712733600971934
0.022675165980932648
0.022630027679128965
0.022617416587772887
0.022595817441486976
0.022572778796582475
0.02248029098294296
0.022465457192168255
0.022460660825993978
0.022435981158805955
0.02243531724213375
0.022422333776096221
0.022270324784872089
0.022264205200257872
0.022262166377012105
0.022177891593487493
0.022082467683032257
0.022067925771101116
0.02204429694618695
0.022039600419772026
0.022034982538337765
0.022031207763776452
0.022027387672278013
0.022026512217929319
0.022022588972559553
0.022022216624879586
0.021986425548814591
0.021977215156143814
0.021976472107561918
0.021971303001609026
0.021884148985125213
0.021868586465010342
0.021834601084799544
0.02182318145685188
0.021786599457481001
0.021783920028910126
0.021751888970906852
0.021726720137652492
0.021719569761038414
0.021705393954032457
0.021686125706590537
0.021669801847217268
0.021645693501828239
0.021643581838365952
0.021625412221335086
0.021613363215943836
0.021554966363829971
0.021528889518610948
0.021528328604878015
0.021461754886832128
0.021445192144208102
0.021413724524322834
0.021405188157469467
0.021393080127728951
0.021386221209715221
0.021382990572541463
0.021368614326904192
0.021351084015618343
0.021331770626963783
0.021331542115368196
0.021324883975089366
0.021302178563874775
0.02130144649290748
0.021292349409704807
0.021284752184085334
0.02126172482863832
0.021242869708501561
0.021238604164549823
0.021233200651913722
0.021225254734544466
0.021215862263450354
0.021196989326897182
0.02116521131411369
0.021147173374540126
0.021140894046935473
0.0211364927695523
0.021129811805521873
0.021075455340673524
0.021071663253528942
0.021017454340556675
0.021003470370908377
0.020954088663393048
0.020952314293476371
0.020915462840937669
0.020903937234842192
0.020894671810662981
0.020835458475277038
0.020829908018790512
0.020824192926709499
0.020818508915920454
0.020814631693319315
0.02080266583941872
0.020790765081921726
0.02078843115202238
0.020730869077071789
0.020729307444236515
0.020704792380293911
0.020688387391088161
0.020687344981024796
0.020660281832564589
0.020645827406426325
0.020635010908489491
0.020633579921011114
0.020578500724527889
0.02056045432575947
0.020541998606125138
0.020491462897099657
0.020490053970407842
0.020482277766684976
0.020481388328200564
0.02046591656825145
0.020451567831907064
0.020448434332738227
0.020419405974870245
0.0203944744915481
0.020391541406886718
0.020389868314437013
0.020382682927348916
0.020350384820109875
0.020333699985608123
0.020325906374887088
0.020270974177497181
0.020268866427445128
0.020264171501771178
0.020258244016152185
0.020255472169089798
0.020254638961329632
0.020246304029597161
0.020237548906165623
0.020233872109337862
0.020233582662657359
0.020228004927789672
0.020213844184590476
0.020207238362295332
0.020206852061278591
0.020205910330345224
0.020182115217438665
0.020180502666975023
0.020175516570349956
0.020166133083776371
0.020157466426331455
0.020153530204054582
0.020149233637478739
0.020130413503516971
0.02012530541115453
0.020096183869839072
0.020078480949748061
0.020076353604244812
0.02003155656911421
0.02001549622380696
0.02001519819231511
0.019986430683096645
0.01998444193186712
0.019901288776574013
0.019847124914606273
0.019835618852152671
0.019824120085479912
0.019819983135345786
0.019819020787901622
0.019807750396539276
0.019771012026567173
0.019759418386251525
0.019712200808555867
0.019712195176143893
0.019708791060164953
0.019705644918010447
0.019671245313711377
0.01965731952653459
0.019619086631922484
0.019615769084787422
0.019613717177407588
0.019597383606670769
0.019567533814032111
0.019524409865787285
0.019518766415641053
0.01949118624952095
0.019487801918638442
0.019468396148355757
0.019444831300177698
0.019435412217577223
0.019378371329116933
0.019335803715305376
0.019321522084444594
0.019276297733412859
0.019263484342681464
0.019241469333129008
0.019227064238497703
0.019216620857099503
0.019209529802242969
0.019204067952167739
0.019149723558745623
0.019146078144026073
0.019131569731074799
0.019115787079711025
0.01908175992891778
0.019042311863518058
0.019016500292924031
0.019012229145975727
0.019000784880687346
0.018995033289881998
0.018985471640224478
0.018957834924097555
0.018933943423119926
0.018922630792204135
0.018921482009638901
0.018911819128180154
0.018907036568213104
0.018887611563587068
0.018885281272291266
0.018875182774802917
0.018871745282257522
0.018823602922415687
0.01881654926796646
0.018809699689407756
0.018788896279288453
0.018785290555945806
0.018751417021177816
0.018744490713759554
0.01871389582526347
0.018697250429539885
0.018673995118948711
0.018655007475839886
0.018652507628483441
0.018610279226258769
0.018608291894648618
0.018606183654045306
0.018570998218835649
0.018570128517366422
0.018560541400504355
0.018548420520606304
0.018542918862741228
0.018540987725428955
0.018529320942521816
0.018520090495024521
0.018513882272982327
0.018499771243457714
0.01848242873743881
0.018473277073873012
0.018372384117632732
0.018367441026137049
0.018337205131073429
0.01828263378498305
0.018274471153415999
0.018250280611567356
0.01823956395276401
0.018218392390055408
0.018217583857458336
0.018212748693493781
0.018203307739765473
0.018195978569304317
0.018179161690701946
0.018163831057127516
0.018152440809786351
0.01812574432113952
0.01812273724078917
0.018117301387196569
0.018117159245098827
0.018103052038095809
0.018070724522957462
0.018041044893558279
0.018031103178637174
0.01801282740985034
0.017979036967013608
0.017965944516023014
0.017936962745027558
0.017935254846227041
0.017922663304644735
0.01791517588672811
0.017881730569067767
0.017865822296027799
0.017794254632886152
0.017783131108506836
0.017781523861656844
0.017765355391593598
0.017761857969811046
0.017761134673767717
0.01776098549585102
0.017745472740039282
0.017741910401927085
0.017738659983731864
0.017720311132466988
0.017715436892291381
0.017715330295932936
0.017710847796002193
0.017705167384633631
0.017682017613257411
0.017630524133146527
0.017623023495500784
0.01761657977370543
0.017593778705270298
0.017568900090472531
0.017559240506022034
0.017530620821386265
0.017511769461967783
0.01750006764711682
0.017499499165970503
0.017494622759136384
0.017492502414672761
0.017477504090114775
0.01746535681008872
0.017459639582201206
0.017444138546776546
0.017443070898914982
0.017438728947552037
0.017416186012182276
0.017394203129263264
0.017375104453347723
0.017368651472728758
0.017363252907330755
0.017346932458673359
0.017339186988450689
0.017322237946314375
0.017319316162345222
0.017292143667057048
0.017285976706443454
0.017280261471364005
0.01727176784909305
0.017267017928507031
0.017242776757731167
0.017231642525681368
0.017227124084303557
0.017223545509709171
0.017216530679299003
0.017187720746764463
0.017163719985247065
0.017152606733303818
0.01713919428661282
0.017131992730900079
0.017131501932615197
0.017129799601193926
0.017127556999697473
0.017126621314247598
0.017110179146278687
0.017106349411212578
0.017097243646264845
0.017095481974425137
0.017093936394986506
0.01709277077102854
0.017079794157286159
0.017063118681938803
0.017051055552542341
0.01702014915897011
0.017016945855874831
0.016995891501196271
0.016994371408281164
0.016990213135059544
0.01698991505522366
0.016964437874497734
0.016954225650367395
0.016923340740277005
0.016916205090102623
0.016867093191469146
0.016854549798227942
0.016851886099550475
0.016848295546813528
0.016844716632234857
0.016818128492314888
0.016818064862868038
0.016795240642512213
0.0167360821589553
0.016715183690692508
0.016702135532997611
0.016698635405148557
0.016698230069817709
0.016694836199874764
0.016686811383290083
0.016661007736942388
0.016655296519932118
0.016648814849538607
0.016624857702696554
0.016619420166944569
0.016609643847197902
0.016603330019032678
0.016571539905241083
0.016557595088880311
0.016545228006325366
0.016535902808718039
0.016526112108111755
0.016490073242070462
0.016468912163474753
0.01646727373997392
0.01645537250681205
0.016423173430222277
0.016379421866184476
0.016376657751316581
0.016358818834847983
0.016355538326953127
0.016355516479230402
0.016338313340954928
0.016337786889461067
0.01633150166518366
0.016305910306974761
0.016291463458133797
0.016272180604397422
0.016247645835170937
0.016230511868804927
0.016229759563339337
0.016217760473034776
0.016197468969468276
0.016171188699622113
0.016119341775448916
0.016113552897947376
0.016113379311626434
0.016104934878668015
0.016097309050494561
0.016097250374201805
0.016091334549537688
0.016075432870336134
0.016075089783869369
0.016073980225680441
0.01606665571938258
0.016026360378617256
0.016022854197775514
0.01599813994491717
0.015970174000873087
0.015961329604163074
0.015960319826309074
0.015954314323614147
0.015922212042787414
0.01591661358863641
0.015863182955142122
0.015859984250290768
0.015859542526123583
0.01584888264347778
0.015836288783844885
0.0158293986859032
0.015824051188040769
0.015819313559972816
0.015794268451804143
0.01576927338047927
0.015767962529684321
0.015754801567624686
0.015721169534796593
0.015718202118075546
0.01571483247235388
0.015699168403657465
0.015670007250576639
0.015669666244416545
0.015652668437360708
0.015641368444166494
0.015611823478676222
0.015604803586838177
0.015600018884381442
0.015596721185067948
0.015578156326543554
0.015576956396033277
0.015561388525375336
0.015559775121133174
0.015537182336539532
0.015511732310685198
0.01550042116825737
0.015499166022675068
0.015494648283161432
0.015481884540440666
0.015474096342533024
0.015462878233327895
0.015447917290043127
0.015440946495319035
0.015439872308647001
0.015437995720525356
0.015431348514281192
0.015408429611228163
0.015396207597809432
0.015391334459720166
0.015377047725495764
0.015360456514969393
0.015316744583989019
0.015310671769466322
0.015306133173559111
0.015299827120380147
0.015284942523736515
0.015283133463252852
0.015280411402153093
0.015229376862191363
0.015219365532248414
0.015195284756495932
0.015189643105190909
0.015176848806535092
0.015167024681526281
0.015146431067755409
0.015139899217729919
0.015118156884388634
0.015111119966309238
0.015110656691223174
0.015109877640540326
0.015082096333489073
0.015052209168287584
0.015035188212307737
0.015033160000476543
0.015007565565414578
0.014997047489578303
0.014989950581117449
0.01498976343590353
0.0149891458305566
0.01498902086730142
0.014988735700104465
0.014984824408323496
0.014982023163208034
0.014963695041652562
0.014951771971830844
0.014945939088466986
0.014938442194043321
0.014919307209067402
0.014916139995009877
0.014911919020700005
0.014906905315539674
0.014894382201402311
0.014886512496045114
0.014864164931998635
0.014863471682673286
0.01486290598687149
0.014857236111459253
0.014855387008496677
0.014850621708991152
0.014848530844108934
0.014802215479935594
0.01479567221096741
0.014790851131378685
0.014782697075340454
0.014770591259449585
0.014764036933352698
0.014763102378102508
0.014723803565363732
0.014721286226548388
0.014718603948713325
0.014715495569506312
0.014705315620006992
0.014660442475940397
0.014660370991448415
0.014639988668899998
0.014597941866314626
0.014587781529496973
0.014581066022527504
0.014566909159545761
0.014559903326971371
0.014520551832963456
0.014502660380754831
0.01450085452525492
0.014497711453893204
0.014494240433357081
0.014476684443771785
0.014470148752521769
0.014451481815471342
0.014450943878954072
0.014446449932869978
0.014407883522778634
0.014407219520315059
0.014403564746673633
0.01438347548506937
0.014382274868915352
0.014377272473479769
0.014369493606379491
0.014362925475854155
0.014362127863098342
0.014327206751505155
0.014325268325774253
0.014316444263126652
0.014295712629998068
0.014286995614672544
0.014286859694209774
0.01427472253667105
0.01426320394732666
0.014252474901842274
0.014240315428814754
0.014211157514978206
0.014203216460632233
0.014186406076764127
0.014184757911106252
0.014184444133401737
0.014177351286920156
0.014171239521331463
0.01415929078621413
0.014148674737511873
0.014139604298389357
0.014138860033786525
0.014136579699701272
0.014044049440807956
0.014035556632430677
0.014029445222542316
0.014027460886022806
0.014017553632560454
0.014015188301600539
0.01399879519357438
0.013987666524045993
0.013975296519189764
0.013973163467053068
0.013963021566743016
0.013942033486088436
0.013940713763704406
0.013925869868149332
0.013895176391381639
0.013883534055991667
0.013871392267241408
0.013852376769107994
0.013846591798989326
0.013845423962243947
0.013838007564472858
0.013828023361997045
0.013821754813691089
0.013820192487520151
0.013810721363267518
0.013801056165811443
0.013790199950798285
0.013790102904120066
0.013776229884084315
0.013773404440603938
0.01377310831890104
0.013746832942048292
0.013724439283724341
0.013686487822250142
0.013677892562373291
0.013674322909547088
0.013666077480144829
0.013659756724290987
0.013658883272105186
0.013653374567003359
0.013649384977381423
0.013636296116473419
0.013635640153487892
0.013632177125883457
0.013606788738727565
0.013549613439848526
0.013546316706061549
0.013540299808399056
0.013512399042485954
0.013482198358957177
0.013444455203460213
0.013434921416253595
0.013430861924899871
0.013428401425674015
0.013399950419543867
0.013385902917863185
0.013375273142537574
0.013366584038610249
0.013360308841149658
0.013358405749006361
0.013340548377418483
0.013332574214905026
0.013319085934979671
0.013299781143276205
0.013269500478290596
0.013252655663300132
0.013221490270166633
0.013208761061094646
0.013167151495939432
0.013166304572681238
0.01315845647325359
0.013156600690505145
0.013146954011551044
0.01314037172740831
0.013138169433440058
0.01312874913175772
0.013127381455876025
0.013126986516205663
0.013122574770774467
0.013122225456792272
0.013106046622443255
0.013083587370845785
0.013080026813805296
0.013071984348453154
0.013068670649761752
0.013062990182098265
0.013061050318625721
0.013049904621108914
0.013040805573988248
0.01303543458570164
0.013029750566301417
0.01301492934213542
0.013012934411158614
0.013008563935460408
0.013008492128972957
0.01299826803188618
0.01299744161495356
0.012984701432652289
0.012977658730303189
0.012973607130646481
0.012955349820507609
0.012950981847118339
0.012949686627921012
0.012944277933903727
0.012932307936605365
0.01292610509043479
0.012921089700833312
0.012912111240658303
0.012908309231638186
0.012889321906446011
0.012885538908138797
0.012876468697193685
0.012864785351633483
0.012849291449170751
0.012835729913293218
0.012824576260615743
0.012818388382050258
0.012815417816752096
0.012791038345296326
0.012781912797464377
0.012776795654264929
0.012768337143488656
0.012760042992965213
0.012757087457051827
0.012751426604939152
0.01274932425900171
0.012744383480264297
0.012742457171889729
0.01273978348444129
0.012725803854976543
0.012718950121753744
0.012701124441208812
0.012698735606156402
0.012689603606366159
0.012684748378958992
0.012674873708537095
0.012667892500883246
0.01265776959116187
0.012656783224365108
0.012644726550397443
0.012632418245111666
0.012629935131988623
0.01261528791262824
0.012568558534400824
0.012558909782052662
0.012548413433187144
0.012539467017288088
0.012538402114801615
0.012535874624063904
0.012532576750357067
0.012531774312060673
0.012530073083490068
0.012521572463598007
0.012518556636763715
0.012508000255849187
0.012470704781420091
0.012470234859067059
0.012467194697843388
0.012463576085362768
0.012435055472366773
0.012430171667771281
0.012424224980186117
0.012393066553332555
0.012392152842513658
0.012391730761042328
0.012389304618705993
0.012378496075943676
0.012374875512741084
0.012370990213500171
0.012347599038337443
0.012327389270156357
0.012317228121898951
0.012310401136469355
0.012278649725158417
0.012246162242856034
0.012242840176867368
0.012241749430288133
0.012240509622821761
0.012224955010089179
0.012203517119872833
0.012200443639776142
0.012186919942848951
0.012184005271050007
0.012164145461727453
0.01215295108058446
0.012134102999925945
0.012133105079218474
0.012126292482527985
0.012107041122939715
0.012104796631977813
0.012103761797733118
0.012100203330844366
0.012092226260868342
0.012086471582376001
0.012084363945237134
0.012076615674373632
0.012076557568714712
0.012062387087089461
0.012054783282467816
0.012040434870499599
0.011994274490955026
0.011992806190235449
0.011991927670799932
0.011991686568821869
0.011983722821486601
0.011980476142806689
0.011970194927984346
0.011966391062389918
0.011965550343821399
0.011964037047042521
0.011963879936187371
0.011963066972738712
0.011955392598646704
0.011953368275521558
0.011948791159596399
0.011945432259633871
0.011943258757473655
0.01193027406746236
0.011925792547021667
0.011898645238677858
0.011894085476375561
0.011889963017542381
0.011857183601745891
0.011845953227865287
0.011843956043350078
0.011836948435484745
0.011833817254785831
0.011831994734580199
0.011829715005162743
0.01182308165036865
0.011820319324609191
0.011814083410595567
0.011813546406962605
0.011804297096733264
0.011793904575952911
0.011790815385719284
0.011790039885922794
0.011785680123715956
0.011773546759751351
0.011773474252776181
0.011763317794142771
0.011757520696813665
0.011755506451257921
0.011753158313678441
0.011752490545728142
0.011741153030185825
0.011739011826405256
0.011732352489791941
0.011718548682273358
0.011703782407713704
0.011688067008533422
0.011683755836681702
0.011679552105071577
0.011653179512230362
0.011652753066688521
0.011628993106307463
0.011618854163075724
0.011603191937373959
0.011576530701670924
0.011576440842552958
0.011537481652695575
0.01153207182575138
0.011519630296161305
0.011504912062326109
0.011504779391630396
0.011502121962758419
0.011493360894712859
0.011487241917008331
0.011475599946019471
0.011466700177831255
0.011453454406723683
0.011446836542529678
0.011442677085276734
0.011389570741104025
0.011360741814628388
0.011354446379285043
0.011350229723318166
0.011348571520913004
0.011331244530997516
0.011312099399476477
0.011306888168598433
0.011300423579621327
0.011296549560911598
0.011293330484656978
0.01127780889732696
0.011277182690307955
0.011259030372587886
0.011253800522764631
0.011249196644603275
0.011238721723083355
0.011229617562879071
0.011220441849540708
0.011214983178932447
0.011211362982627641
0.011195322463649657
0.011187263683308071
0.011185399339652121
0.011155777882138139
0.011144995582583085
0.011133182135661784
0.011128994655309164
0.011128747710442911
0.011110793032228221
0.011109101019269353
0.011102683102134815
0.011102451271824139
0.011101911643386668
0.011084015626377505
0.011078979182160229
0.011066504152322082
0.011062409323264608
0.011056360090179719
0.011055820666984255
0.011051253211012177
0.011047075494214149
0.011040084237377861
0.011037718510479006
0.011035751450432075
0.010993562119410752
0.010985030204808687
0.010977412374418669
0.010974449141390792
0.010970836714255663
0.01096079840746327
0.010955628002585352
0.010948990579310387
0.010937035192958187
0.010925280706317304
0.010919899769061768
0.010907220164046371
0.010900566527011241
0.01089008948255891
0.010883207309388646
0.010875545500247627
0.010864575504342115
0.010854134136466739
0.010850891968613378
0.010846063676468473
0.010838475632117919
0.01083131804522953
0.01082487268996213
0.010815429486463165
0.010813147392816561
0.010810530236607807
0.010808741716941628
0.010808676814193023
0.010801394219733236
0.010791481891375571
0.010780104665279375
0.01077869503574889
0.010768565574354322
0.010759675028950784
0.010749190998727932
0.010745627544700835
0.010741103934554654
0.01074107908479505
0.010740884664122792
0.010737904507967508
0.010735955493782038
0.010730763999919334
0.010718366153795823
0.010717633612361959
0.010709044587406921
0.010708410266522021
0.010698071221761307
0.010692414822643076
0.010675017212531885
0.010671267006349067
0.010668218528751479
0.010667565701729192
0.010652043264390808
0.010629942517906773
0.010617942131842814
0.010617146720628407
0.010615865655006716
0.010608379678220937
0.010595471914967472
0.010579962347740475
0.010579514770571338
0.010562437508180735
0.010553531487389363
0.01055336326552341
0.010547569051983695
0.010534374271236945
0.010531284235400142
0.010525364751902371
0.010525237180571785
0.010524039870892036
0.01051791778002524
0.010498398626053543
0.010497361726534525
0.010492063166268314
0.010489038941263365
0.010481874421677872
0.010479057619165498
0.010478104783460401
0.010453000151096636
0.010449850073502102
0.010446979616580225
0.010440321880708578
0.010435318968455985
0.010433064568993228
0.010419146653290148
0.010409831170673444
0.010399289418663141
0.010393279760157892
0.010384574325434414
0.010377195477336884
0.010363958061371895
0.010361900397551528
0.010352649982006204
0.010342119359925692
0.010340618125536313
0.01033327525020932
0.010328717709001624
0.010317933492668643
0.010314219448479019
0.010305482740175819
0.010302558072830984
0.01030156720721351
0.010297556643839974
0.010293959899255859
0.010289211270745722
0.010287979322903099
0.010276707062768821
0.010275942076545235
0.010271685858701883
0.010268066644566162
0.010252575521697636
0.010249124704194331
0.0102473601361673
0.010234053535535304
0.010226762478718584
0.010226004090587524
0.010222380175269436
0.010217878761177687
0.010216088709809733
0.010215582347607501
0.010213514530704263
0.010212488768780448
0.010200063988690928
0.010198286237145408
0.010195133945733193
0.010176177157445464
0.010158827938476951
0.010156409768572686
0.010154598158546911
0.010152671332956774
0.010143213196373511
0.010142057366751715
0.010137419849389541
0.010135529142299092
0.010135101200755271
0.010110242253349087
0.01010000375049952
0.010087410051922711
0.010072474444588935
0.010071200291511517
0.010067103668943084
0.010065125230796624
0.010055534843876618
0.010051107486213368
0.010045684176452749
0.0100394178860279
0.010036168031941862
0.010031448069942444
0.010020307312098981
0.010020222209713969
0.010018223815133311
0.01000697266823033
0.010001424351481275
0.0099935592963691453
0.0099932858520278556
0.0099869103224439829
0.0099809581578865509
0.009973204244965039
0.0099705991892865102
0.0099668602656188734
0.0099587986328972221
0.0099512931124528352
0.0099470035114558684
0.0099398414387208527
0.0099321952499761331
0.0099308698588812163
0.0098732383222452317
0.0098729497032816714
0.0098680127251171285
0.0098660563408094534
0.0098542130423140226
0.0098538533410688755
0.0098419952347910955
0.0098334153293808922
0.009826494407490621
0.0098237229678431563
0.009818810069533614
0.0098146027871483504
0.0098097539604747423
0.0098057224286140741
0.009795315289196185
0.0097890409693582158
