; Top Design: "MultiChan_NL_Budget_lib:IQ_mod_bud:schematic"
; Netlisted using Hierarchy Policy: "Standard"

Options ResourceUsage=yes UseNutmegFormat=no EnableOptim=no TopDesignName="MultiChan_NL_Budget_lib:IQ_mod_bud:schematic" DcopOutputNodeVoltages=yes DcopOutputPinCurrents=yes DcopOutputAllSweepPoints=no DcopOutputDcopType=0
aele our_bfreq=bud_freq(1,1);
aele our_bpwri=bud_pwr_inc(,1,2);
aele our_bgain=bud_gain("a0_PORT1", 1 , , 1);
aele our_bsnr=bud_snr(1,budget_path);
Port:b0_PORT2  N__4 0 Num=3 Z=50 Ohm P[1]=dbmtow(P_In) Freq[1]=1 MHz    Noise=yes Pac=dbmtow(0) 
Port:a0_PORT1  N__5 0 Num=1 Z=50 Ohm P[1]=dbmtow(P_In) Freq[1]=1 MHz    Noise=yes Pac=dbmtow(0) 
HB:HB1 MaxOrder=4 Freq[1]=1. MHz Freq[2]=10. MHz Freq[3]=790 MHz Order[1]=3 Order[2]=3 Order[3]=3 StatusLevel=2 FundOversample=1 \
Restart=no OutputBudgetIV=yes UseOutFile=no HBSS_WSP=0 UseInFile=no FreqForNoise=801 MHz NoiseInputPort=1 NoiseOutputPort=2 PhaseNoise=no SortNoise=0 IncludePortNoise=yes BandwidthForNoise=2.0 MHz \
OutputPlan="HB1_Output" ConvMode=2 MaxIters=10 ArcLevelMaxStep=0.0 MaxStepRatio=100 MaxShrinkage=1.0e-5 ArcMaxStep=0.0 \
UseKrylov=yes 

OutputPlan:HB1_Output \
      Type="Output" \
      UseNodeNestLevel=yes \
      NodeNestLevel=2 \
      UseEquationNestLevel=yes \
      EquationNestLevel=2 \
      UseSavedEquationNestLevel=yes \
      SavedEquationNestLevel=2 \
      UseDeviceCurrentNestLevel=no \
      DeviceCurrentNestLevel=0 \
      DeviceCurrentDeviceType="All" \
      DeviceCurrentSymSyntax=yes \
      UseCurrentNestLevel=yes \
      CurrentNestLevel=999 \
      UseDeviceVoltageNestLevel=no \
      DeviceVoltageNestLevel=0 \
      DeviceVoltageDeviceType="All"

Tran:HB1_tran HB_Sol=1 SteadyState=1 StatusLevel=3 \
Freq[1]=1. MHz Order[1]=3 

Component:tahb_HB1 Module="ATAHB" Type="ModelExtractor" \ 
 Tran_Analysis="HB1_tran" HB_Analysis="HB1" 

#uselib "ckt" , "BPF_Chebyshev"
BPF_Chebyshev:a2_BPF1  N__7 N__6 Fcenter=11. MHz BWpass=1. MHz Apass=1 dB Ripple=1 dB BWstop=1.2 MHz Astop=20 dB StopType="open" MaxRej=45 dB N=0 IL=0 dB Qu=1E308 Z1=50 Ohm Z2=50 Ohm Temp=16.85 
aele budget_path = ["a0_PORT1.t1","a1_MIX1.t2","a2_BPF1.t2","a3_AMP1.t2","a4_PWR2.t1","a5_MIX3.t2","a6_BPF1.t2","a7_AMP3.t2","a8_Term3.t1"];
Amplifier:a7_AMP3  N__8 Vout S21=dbpolar(20,0) S11=polar(0,0) S22=0+j*0 S12=0. NF=9 dB GainCompType=0 ReferToInput=0 GainCompPower=33 GainComp=1. dB ClipDataFile=0 
#uselib "ckt" , "BPF_Butterworth"
BPF_Butterworth:a6_BPF1  N__9 N__8 Fcenter=801 MHz BWpass=10. MHz Apass=3 dB BWstop=15 MHz Astop=20 dB StopType="open" MaxRej=45 dB N=0 IL=0 dB Qu=1E308 Z1=50 Ohm Z2=50 Ohm Temp=16.85 

Options:Options1 Temp=16.85 Tnom=25 TopologyCheck=yes ForceS_Params=yes V_RelTol=1e-6  \
I_RelTol=1e-6 GiveAllWarnings=yes MaxWarnings=10 SaveBranchCurrents=no OutputInternalNodes=no  \
ForceM_Params=yes DC_ReadInitialGuess=no DC_WriteFinalSolution=no TopologyCheckMessages=no GPU=no  \
doDeltaAC=yes ReduceSPort=no ReduceSPortRatio=0.5 WarnSOA=yes MaxWarnSOA=5  \
Census=no MinNodalR=1e-2 Ohm LargeCapThreshold=1e-3 F EnableAssertChecks=no EnableSpareRemoval=no 

#uselib "ckt" , "PwrSplit2"
PwrSplit2:a4_PWR2  N__10 V_Qmod V_Imod SP21=0.5 SP31=0.5 SP11=0. SP22=0.  Isolation=100. ZRef=50. Ohm Temp=16.85 CheckPassivity=1 
Mixer:a1_MIX1  N__5 N__7 N__11 SideBand=1 ConvGain=dbpolar(3,0) S11=polar(0,0) S22=0+j*0 S33=0. NF=4 dB GainCompType=0 ReferToInput=0 GainComp=1. 
#uselib "ckt" , "PhaseShift"
PhaseShift:PS1  N__13 N__12 Phase=90. PhaseSlope=0. RTConj=0 ZRef=50. Ohm 
#uselib "ckt" , "PwrSplit2"
PwrSplit2:PWR1  N__14 N__11 N__13 SP21=0.5 SP31=0.5 SP11=0. SP22=0.  Isolation=100. ZRef=50. Ohm Temp=16.85 CheckPassivity=1 
Mixer:b1_MIX2  N__4 N__15 N__12 SideBand=1 ConvGain=dbpolar(3,0) S11=polar(0,0) S22=0+j*0 S33=0. NF=4 dB GainCompType=0 ReferToInput=0 GainComp=1. 
Port:a8_Term3  Vout 0 Num=2 Z=50 Ohm Noise=yes 
Mixer:a5_MIX3  N__10 N__9 N__16 SideBand=1 ConvGain=dbpolar(2,0) S11=polar(0,0) S22=0+j*0 S33=0. NF=5 dB GainCompType=0 ReferToInput=0 GainComp=1. 
R:R2  N__16 N__17 R=50 Ohm Temp=16.85 Noise=yes 
V_Source:SRC2  N__17 0 Type="V_1Tone" V[1]=1 V Freq[1]=790 MHz    Vac=1 V SaveCurrent=1 
#uselib "ckt" , "BPF_Chebyshev"
BPF_Chebyshev:b2_BPF2  N__15 N__18 Fcenter=11. MHz BWpass=1. MHz Apass=1 dB Ripple=1 dB BWstop=1.2 MHz Astop=20 dB StopType="open" MaxRej=45 dB N=0 IL=0 dB Qu=1E308 Z1=50 Ohm Z2=50 Ohm Temp=16.85 
Amplifier:b3_AMP2  N__18 V_Qmod S21=dbpolar(10,0) S11=polar(0,0) S22=0+j*0 S12=0. NF=5 dB GainCompType=0 ReferToInput=0 GainCompPower=10 GainComp=1. dB ClipDataFile=0 
Amplifier:a3_AMP1  N__6 V_Imod S21=dbpolar(10, 0.) S11=polar(0,0) S22=0+j*0 S12=0. NF=5 dB GainCompType=0 ReferToInput=0 GainComp=1. ClipDataFile=0 

P_In=0
V_Source:SRC1  N__19 0 Type="V_1Tone" V[1]=1 V Freq[1]=10. MHz    Vac=1 V SaveCurrent=1 
R:R1  N__19 N__14 R=50 Ohm Temp=16.85 Noise=yes 
