mode = forced
CONFIGURATION VARIABLES WITH NON-DEFAULT VALUES:

                                        Actual             Default
------------------------------------------------------------------
  FEM_MESHER_SHOW_PROGRESS                 OFF                    
  
  
FEM engine                : 410.000 2021-07-26
FEM solver                : 1.3.11
AFS                       : 3.1.1

 
Machine                             : rfcourse
Maximum number of threads           : Automatic
Date                                : Sat Dec 27 14:11:33 2025
Design                              : C:\Users\simucstvsl\Documents\ADS_Course\TLines_wrk\simulation\TLines_lib\Pkg_Mline\layout\emSetup_FEM\proj.ep\Simulations\000001\emds_dsn\design

--------------------------------------------------------
         Pass 1
--------------------------------------------------------


*** MESH ***


FEM Mesher: 2.7.0


    
Automatic initial target mesh size: 1.67e+01 mm
   
PROGRESS 33
PROGRESS 35
PROGRESS 36
PROGRESS 37
PROGRESS 38
PROGRESS 39
PROGRESS 41
PROGRESS 42
PROGRESS 43
PROGRESS 44
PROGRESS 45
PROGRESS 46
PROGRESS 48
PROGRESS 49
PROGRESS 50
PROGRESS 51
PROGRESS 52
PROGRESS 54
PROGRESS 55
PROGRESS 56
PROGRESS 57
PROGRESS 58
PROGRESS 60
PROGRESS 61
PROGRESS 62
PROGRESS 63
PROGRESS 64
PROGRESS 66
PROGRESS 73
PROGRESS 81
PROGRESS 88
PROGRESS 90
Generated 5118 Tetrahedra, 10835 Surfaces, 1152 Points

    CPU time: 00:00:01.7    Elapsed time: 00:00:01.9

*** SOLVE ***

PROGRESS 26
PROGRESS 27
PROGRESS 28
PROGRESS 29
PROGRESS 30
PROGRESS 31
PROGRESS 32
PROGRESS 33
PROGRESS 34
PROGRESS 35
PROGRESS 36
PROGRESS 37
PROGRESS 38
PROGRESS 39
PROGRESS 40
PROGRESS 41
PROGRESS 42
PROGRESS 43
PROGRESS 44
PROGRESS 45
PROGRESS 46
PROGRESS 47
PROGRESS 48
PROGRESS 49
PROGRESS 50
PROGRESS 51
PROGRESS 53
PROGRESS 54
PROGRESS 55
PROGRESS 56
PROGRESS 57
PROGRESS 58
PROGRESS 59
PROGRESS 60
PROGRESS 61
PROGRESS 62
PROGRESS 63
PROGRESS 64
PROGRESS 65
PROGRESS 66
PROGRESS 67
PROGRESS 68
PROGRESS 69
PROGRESS 70
PROGRESS 71
PROGRESS 72
PROGRESS 73
PROGRESS 74
PROGRESS 75
PROGRESS 90
PROGRESS 100

 1. Frequency: 6 GHz      Unknowns:   35404
    Solver:  Direct threaded 64-bit
    CPU time: 00:00:03.8    Elapsed time: 00:00:02.3    Memory: 223.570 Mbyte 
    Delta S:  not available           [Target:  0.020000]
Generated dataset

--------------------------------------------------------
         Pass 2
--------------------------------------------------------


*** ADAPT ***

Generated 5891 Tetrahedra, 12443 Surfaces, 1317 Points

    CPU time: 00:00:00.5    Elapsed time: 00:00:00.6

*** SOLVE ***

PROGRESS 26
PROGRESS 27
PROGRESS 28
PROGRESS 29
PROGRESS 30
PROGRESS 31
PROGRESS 32
PROGRESS 33
PROGRESS 34
PROGRESS 35
PROGRESS 36
PROGRESS 37
PROGRESS 38
PROGRESS 39
PROGRESS 40
PROGRESS 41
PROGRESS 42
PROGRESS 43
PROGRESS 44
PROGRESS 45
PROGRESS 46
PROGRESS 47
PROGRESS 48
PROGRESS 49
PROGRESS 50
PROGRESS 51
PROGRESS 52
PROGRESS 53
PROGRESS 54
PROGRESS 55
PROGRESS 56
PROGRESS 57
PROGRESS 58
PROGRESS 59
PROGRESS 60
PROGRESS 61
PROGRESS 62
PROGRESS 63
PROGRESS 64
PROGRESS 65
PROGRESS 66
PROGRESS 68
PROGRESS 69
PROGRESS 70
PROGRESS 71
PROGRESS 72
PROGRESS 73
PROGRESS 74
PROGRESS 75
PROGRESS 90
PROGRESS 100

 1. Frequency: 6 GHz      Unknowns:   40620
    Solver:  Direct threaded 64-bit
    CPU time: 00:00:04.5    Elapsed time: 00:00:02.6    Memory: 257.086 Mbyte 
    Delta S:    0.025629           [Target:  0.020000]
Generated dataset

--------------------------------------------------------
         Pass 3
--------------------------------------------------------


*** ADAPT ***

Generated 7051 Tetrahedra, 14804 Surfaces, 1547 Points

    CPU time: 00:00:00.4    Elapsed time: 00:00:00.4

*** SOLVE ***

PROGRESS 26
PROGRESS 27
PROGRESS 28
PROGRESS 29
PROGRESS 30
PROGRESS 31
PROGRESS 32
PROGRESS 33
PROGRESS 34
PROGRESS 35
PROGRESS 36
PROGRESS 37
PROGRESS 38
PROGRESS 39
PROGRESS 40
PROGRESS 41
PROGRESS 42
PROGRESS 43
PROGRESS 44
PROGRESS 45
PROGRESS 46
PROGRESS 47
PROGRESS 48
PROGRESS 49
PROGRESS 50
PROGRESS 51
PROGRESS 52
PROGRESS 53
PROGRESS 54
PROGRESS 55
PROGRESS 56
PROGRESS 57
PROGRESS 58
PROGRESS 59
PROGRESS 60
PROGRESS 61
PROGRESS 62
PROGRESS 63
PROGRESS 64
PROGRESS 65
PROGRESS 66
PROGRESS 67
PROGRESS 68
PROGRESS 69
PROGRESS 70
PROGRESS 71
PROGRESS 72
PROGRESS 73
PROGRESS 74
PROGRESS 75
PROGRESS 90
PROGRESS 100

 1. Frequency: 6 GHz      Unknowns:   48204
    Solver:  Direct threaded 64-bit
    CPU time: 00:00:04.8    Elapsed time: 00:00:02.9    Memory: 291.176 Mbyte 
    Delta S:    0.020444           [Target:  0.020000]
Generated dataset

--------------------------------------------------------
         Pass 4
--------------------------------------------------------


*** ADAPT ***

Generated 8231 Tetrahedra, 17209 Surfaces, 1779 Points

    CPU time: 00:00:00.7    Elapsed time: 00:00:00.7

*** SOLVE ***

PROGRESS 26
PROGRESS 27
PROGRESS 28
PROGRESS 29
PROGRESS 30
PROGRESS 31
PROGRESS 32
PROGRESS 33
PROGRESS 34
PROGRESS 35
PROGRESS 36
PROGRESS 37
PROGRESS 38
PROGRESS 39
PROGRESS 40
PROGRESS 41
PROGRESS 42
PROGRESS 43
PROGRESS 44
PROGRESS 45
PROGRESS 46
PROGRESS 47
PROGRESS 48
PROGRESS 49
PROGRESS 50
PROGRESS 51
PROGRESS 52
PROGRESS 53
PROGRESS 54
PROGRESS 55
PROGRESS 56
PROGRESS 57
PROGRESS 58
PROGRESS 59
PROGRESS 60
PROGRESS 61
PROGRESS 62
PROGRESS 63
PROGRESS 64
PROGRESS 65
PROGRESS 66
PROGRESS 67
PROGRESS 68
PROGRESS 69
PROGRESS 70
PROGRESS 71
PROGRESS 72
PROGRESS 73
PROGRESS 74
PROGRESS 75
PROGRESS 90
PROGRESS 100

 1. Frequency: 6 GHz      Unknowns:   55928
    Solver:  Direct threaded 64-bit
    CPU time: 00:00:07.4    Elapsed time: 00:00:04.5    Memory: 355.484 Mbyte 
    Delta S:    0.018053           [Target:  0.020000]
Generated dataset

--------------------------------------------------------
         Computing solution
--------------------------------------------------------


*** SOLVE ***


 1. Frequency: 0 Hz      Unknowns:   48204
    Solver:  LF
    CPU time: 00:00:05.1    Elapsed time: 00:00:04.2    Memory: 292.332 Mbyte 

 2. Frequency: 6 GHz      Unknowns:   48204
    Solver:  reuse
    CPU time: 00:00:04.8    Elapsed time: 00:00:02.9    Memory: 291.176 Mbyte 

 3. Frequency: 2 GHz      Unknowns:   48204
    Solver:  Direct threaded 64-bit
    CPU time: 00:00:04.1    Elapsed time: 00:00:02.9    Memory: 292.992 Mbyte 

 4. Frequency: 4 GHz      Unknowns:   48204
    Solver:  Direct threaded 64-bit
    CPU time: 00:00:03.9    Elapsed time: 00:00:02.3    Memory: 293.332 Mbyte 

 5. Frequency: 1 GHz      Unknowns:   48204
    Solver:  Direct threaded 64-bit
    CPU time: 00:00:03.6    Elapsed time: 00:00:02.7    Memory: 293.496 Mbyte 

 6. Frequency: 500.001 MHz      Unknowns:   48204
    Solver:  Direct threaded 64-bit
    CPU time: 00:00:02.8    Elapsed time: 00:00:02.0    Memory: 293.539 Mbyte 

 7. Frequency: 5 GHz      Unknowns:   48204
    Solver:  Direct threaded 64-bit
    CPU time: 00:00:03.6    Elapsed time: 00:00:02.5    Memory: 293.590 Mbyte 

 8. Frequency: 5.5 GHz      Unknowns:   48204
    Solver:  Direct threaded 64-bit
    CPU time: 00:00:02.8    Elapsed time: 00:00:02.2    Memory: 293.672 Mbyte 

------------------------------------------------
DISTRIBUTION SUMMARY:
controller with id 0    on rfcourse 
solver with id 1    on rfcourse:  #freq:7     
------------------------------------------------
------------------------------------------------
Total Elapsed Time = 0:00:48
------------------------------------------------


Simulation results can be reused

