

=======================================================================
=======================================================================
=======================================================================


Flimit=1000, Fmin=0
adaptively solving frequency plan: 
discrete frequencies: 0 Hz 6 GHz 
frequency ranges: 
[ 0 Hz , 6 GHz ], #=101
Fdc = 1000
no cutoff intervals detected
cutoff intervals:
== ISOLATED DISCRETE FREQUENCIES ==========================

===============================================
== ADAPTIVE FIT in [1e-06 , 6] GHz, maxNbSamples=101 =========================
===============================================
Fitting options : 
  nbInitialSamplesPerInterval                : 4
  nbTestPointsPerInterval                    : 10
  maxDepthDifference                         : 3
  relFreqFactorForDistance                   : 0
  nbTestPointsForDistance                    : 1
  maxDistanceBetweenModels                   : 0.01
  maxDistanceFromSamples                     : 0.001
  nbNewSamples                               : 1
  nbNewDiscreteSamples                       : 0
  maxNbIntervalsToBeSubdivided               : 1
  maxNbSamples                               : 101
  minAbsDistanceBetweenSubsequentFrequencies : 10
  minRelDistanceBetweenSubsequentFrequencies : 0.001
  passivityThreshold                         : 0.005
  useSvdForPassivity                         : 0
  enforcePassivity                           : 0
  maxPhaseDifferenceBetweenSubsequentSamples : 2.0944
  unwrapPhaseDifference                      : 0
  amplitudeThresholdForMaxPhaseDifference    : 0.01
  maxNbSamplesInModelRange                   : 30
  model type for S-parameters                : 3
  #poles - #zeros                            : [-1 , -1]
  maxNbPoles                                 : 100
  maxImpedanceRelDistanceFromSamples         : 0.01
  maxNbThreads                               : 2
  extrapolateToDc                            : 0
  vectorfitting_mirrorPolesIntoLHP           : 0
  vectorfitting_maxNbIterations              : 5
  vectorfitting_leastSquaresMode             : QR
  vectorfitting_incremental                  : 1
== #samples 4 ======================
sorted and limited errors, not satisfying the fitting constraints: 
  Fitting error in [      1000,     2e+09], depth=0 : passivity= 0.221@( 5.455e+08 Hz, r=  0, c=  0), distance= 0.522@( 1.455e+09 Hz, r=  0, c=  1), delta_phase=    -1@(        -1 Hz, r=  0, c=  1)
  Fitting error in [     4e+09,     6e+09], depth=0 : passivity=0.0406@( 5.091e+09 Hz, r=  0, c=  0), distance= 0.182@( 5.091e+09 Hz, r=  0, c=  1), delta_phase=    -1@(        -1 Hz, r=  0, c=  1)
  Fitting error in [     2e+09,     4e+09], depth=0 : passivity=    -1@(        -1 Hz, r=  0, c=  0), distance= 0.474@(     2e+09 Hz, r=  0, c=  1), delta_phase=    -1@(        -1 Hz, r=  0, c=  1)
new frequencies (new sample frequencies                   : etime=00:00:00.0    ctime=00:00:00.0    rss= 24.711 Mbyte     virtual= 17.082 Mbyte     ) : 
  [1000 , 2e+09] : 1e+09, 
--> fit time : fit                                      : etime=00:00:00.0    ctime=00:00:00.0    rss= 24.824 Mbyte     virtual= 17.254 Mbyte      sec
--> errors   : errors                                   : etime=00:00:00.0    ctime=00:00:00.0    rss= 24.824 Mbyte     virtual= 17.254 Mbyte      sec
== #samples 5 ======================
sorted and limited errors, not satisfying the fitting constraints: 
  Fitting error in [      1000,     1e+09], depth=1 : passivity=    -1@(        -1 Hz, r=  0, c=  0), distance= 0.123@( 4.545e+08 Hz, r=  0, c=  1), delta_phase=    -1@(        -1 Hz, r=  0, c=  1)
  Fitting error in [     1e+09,     2e+09], depth=1 : passivity=    -1@(        -1 Hz, r=  0, c=  0), distance=0.0932@(     1e+09 Hz, r=  0, c=  1), delta_phase=    -1@(        -1 Hz, r=  1, c=  1)
  Fitting error in [     4e+09,     6e+09], depth=0 : passivity=    -1@(        -1 Hz, r=  0, c=  0), distance=0.0603@( 5.091e+09 Hz, r=  0, c=  1), delta_phase=    -1@(        -1 Hz, r=  0, c=  1)
  Fitting error in [     2e+09,     4e+09], depth=0 : passivity=    -1@(        -1 Hz, r=  0, c=  0), distance= 0.042@( 2.909e+09 Hz, r=  0, c=  1), delta_phase=    -1@(        -1 Hz, r=  0, c=  1)
new frequencies (new sample frequencies                   : etime=00:00:00.0    ctime=00:00:00.0    rss= 24.824 Mbyte     virtual= 17.254 Mbyte     ) : 
  [1000 , 1e+09] : 5e+08, 
--> fit time : fit                                      : etime=00:00:00.0    ctime=00:00:00.0    rss= 24.828 Mbyte     virtual= 17.254 Mbyte      sec
--> errors   : errors                                   : etime=00:00:00.0    ctime=00:00:00.0    rss= 24.828 Mbyte     virtual= 17.254 Mbyte      sec
== #samples 6 ======================
sorted and limited errors, not satisfying the fitting constraints: none
--> checking accuracy of fitted Z : checking Z                               : etime=00:00:00.0    ctime=00:00:00.0    rss= 24.828 Mbyte     virtual= 17.254 Mbyte      sec
FITTED IMPEDANCES ARE NOT ACCURATE
--> changing maxDistanceFromSamples:
	at 1 kHz : 1e-05
--> REFITTING
--> fit time : fit                                      : etime=00:00:00.0    ctime=00:00:00.0    rss= 24.828 Mbyte     virtual= 17.254 Mbyte      sec
--> errors   : errors                                   : etime=00:00:00.0    ctime=00:00:00.0    rss= 24.859 Mbyte     virtual= 17.254 Mbyte      sec
== #samples 6 ======================
sorted and limited errors, not satisfying the fitting constraints: 
  Fitting error in [     4e+09,     6e+09], depth=0 : passivity=    -1@(        -1 Hz, r=  0, c=  0), distance=0.0163@( 5.273e+09 Hz, r=  0, c=  1), delta_phase=    -1@(        -1 Hz, r=  0, c=  1)
new frequencies (new sample frequencies                   : etime=00:00:00.0    ctime=00:00:00.0    rss= 24.859 Mbyte     virtual= 17.254 Mbyte     ) : 
  [4e+09 , 6e+09] : 5e+09, 
--> fit time : fit                                      : etime=00:00:00.0    ctime=00:00:00.0    rss= 24.992 Mbyte     virtual= 17.254 Mbyte      sec
--> errors   : errors                                   : etime=00:00:00.0    ctime=00:00:00.0    rss= 24.992 Mbyte     virtual= 17.328 Mbyte      sec
== #samples 7 ======================
sorted and limited errors, not satisfying the fitting constraints: 
  Fitting error in [     5e+09,     6e+09], depth=1 : passivity=    -1@(        -1 Hz, r=  0, c=  0), distance=0.0263@( 5.545e+09 Hz, r=  1, c=  1), delta_phase=    -1@(        -1 Hz, r=  1, c=  1)
  Fitting error in [     4e+09,     5e+09], depth=1 : passivity=    -1@(        -1 Hz, r=  0, c=  0), distance=0.0144@( 4.818e+09 Hz, r=  1, c=  1), delta_phase=    -1@(        -1 Hz, r=  0, c=  1)
new frequencies (new sample frequencies                   : etime=00:00:00.0    ctime=00:00:00.0    rss= 24.992 Mbyte     virtual= 17.328 Mbyte     ) : 
  [5e+09 , 6e+09] : 5.5e+09, 
--> fit time : fit                                      : etime=00:00:00.0    ctime=00:00:00.0    rss= 25.004 Mbyte     virtual= 17.328 Mbyte      sec
--> errors   : errors                                   : etime=00:00:00.0    ctime=00:00:00.0    rss= 25.004 Mbyte     virtual= 17.328 Mbyte      sec
== #samples 8 ======================
sorted and limited errors, not satisfying the fitting constraints: none
--> checking accuracy of fitted Z : checking Z                               : etime=00:00:00.0    ctime=00:00:00.0    rss= 25.004 Mbyte     virtual= 17.328 Mbyte      sec
FITTED IMPEDANCES ARE NOT ACCURATE
--> changing maxDistanceFromSamples:
	at 1 kHz : 1e-07
--> REFITTING
--> fit time : fit                                      : etime=00:00:00.0    ctime=00:00:00.0    rss= 25.004 Mbyte     virtual= 17.328 Mbyte      sec
--> errors   : errors                                   : etime=00:00:00.0    ctime=00:00:00.0    rss= 25.004 Mbyte     virtual= 17.328 Mbyte      sec
== #samples 8 ======================
sorted and limited errors, not satisfying the fitting constraints: none
--> checking accuracy of fitted Z : checking Z                               : etime=00:00:00.0    ctime=00:00:00.0    rss= 25.004 Mbyte     virtual= 17.328 Mbyte      sec
--> CONVERGED