
  1. setup                                          : etime=00:00:00.4    ctime=00:00:00.4    rss= 35.250 Mbyte     virtual= 23.059 Mbyte     
     1. loading mesh                                : etime=00:00:00.2    ctime=00:00:00.2    rss= 34.430 Mbyte     virtual= 23.059 Mbyte     
        1. reading ovm-file                         : etime=00:00:00.2    ctime=00:00:00.2    rss= 27.438 Mbyte     virtual= 16.203 Mbyte     
     2. setup of local problems for iwp             : etime=00:00:00.0    ctime=00:00:00.0    rss= 34.430 Mbyte     virtual= 23.059 Mbyte     
     3. loading circuit components                  : etime=00:00:00.0    ctime=00:00:00.0    rss= 34.430 Mbyte     virtual= 23.059 Mbyte     
        1. reading current sources from calcbridge  : etime=00:00:00.0    ctime=00:00:00.0    rss= 34.430 Mbyte     virtual= 23.059 Mbyte     
        2. building current sources for waveguide ports: etime=00:00:00.0    ctime=00:00:00.0    rss= 34.430 Mbyte     virtual= 23.059 Mbyte     
        3. connectivity check                       : etime=00:00:00.0    ctime=00:00:00.0    rss= 34.430 Mbyte     virtual= 23.059 Mbyte     
           1. legacy FindImpedanceLinePathsForIWG [TO BE OBSOLETED]: etime=00:00:00.0    ctime=00:00:00.0    rss= 34.430 Mbyte     virtual= 23.059 Mbyte     
              1. find impedance line paths          : etime=00:00:00.0    ctime=00:00:00.0    rss= 34.430 Mbyte     virtual= 23.059 Mbyte     
     4. assigning unknowns                          : etime=00:00:00.0    ctime=00:00:00.0    rss= 34.430 Mbyte     virtual= 23.059 Mbyte     
        1. LFenhance                                : etime=00:00:00.0    ctime=00:00:00.0    rss= 34.430 Mbyte     virtual= 23.059 Mbyte     
     5. setup circuit components                    : etime=00:00:00.1    ctime=00:00:00.1    rss= 34.887 Mbyte     virtual= 23.059 Mbyte     
        1. line paths + line integrals              : etime=00:00:00.1    ctime=00:00:00.1    rss= 34.887 Mbyte     virtual= 23.059 Mbyte     
           1. node2cell connectivity                : etime=00:00:00.0    ctime=00:00:00.0    rss= 34.430 Mbyte     virtual= 23.059 Mbyte     
           2. edge2cell connectivity                : etime=00:00:00.0    ctime=00:00:00.0    rss= 34.586 Mbyte     virtual= 23.059 Mbyte     
        2. FindPortCalibrationInductances           : etime=00:00:00.0    ctime=00:00:00.0    rss= 34.887 Mbyte     virtual= 23.059 Mbyte     
           1. setInductance                         : etime=00:00:00.0    ctime=00:00:00.0    rss= 34.887 Mbyte     virtual= 23.059 Mbyte     
        3. iwp                                      : etime=00:00:00.0    ctime=00:00:00.0    rss= 34.887 Mbyte     virtual= 23.059 Mbyte     

  2. symbolic matrix setup                          : etime=00:00:00.4    ctime=00:00:00.4    rss= 67.098 Mbyte     virtual= 54.898 Mbyte     

  3. iwp                                            : etime=00:00:00.0    ctime=00:00:00.0    rss= 67.098 Mbyte     virtual= 54.898 Mbyte     

  4. Frequency 1 kHz                                : etime=00:00:02.6    ctime=00:00:04.0    rss=292.539 Mbyte     virtual=329.539 Mbyte     
     1. constructing matrix                         : etime=00:00:00.5    ctime=00:00:00.9    rss= 68.516 Mbyte     virtual= 56.574 Mbyte     
        1. 1d                                       : etime=00:00:00.0    ctime=00:00:00.0    rss= 68.516 Mbyte     virtual= 56.117 Mbyte     
        2. 3d                                       : etime=00:00:00.4    ctime=00:00:00.8    rss= 68.516 Mbyte     virtual= 56.117 Mbyte     
        3. 2d                                       : etime=00:00:00.1    ctime=00:00:00.1    rss= 68.516 Mbyte     virtual= 56.574 Mbyte     
     2. setup direct solver PARDISO (LU-factorization): etime=00:00:02.0    ctime=00:00:03.0    rss=289.152 Mbyte     virtual=326.625 Mbyte     
     3. constructing excitation (48204 x 2)         : etime=00:00:00.0    ctime=00:00:00.0    rss=290.625 Mbyte     virtual=328.055 Mbyte     
     4. direct solve (backsubstitution)             : etime=00:00:00.1    ctime=00:00:00.2    rss=292.312 Mbyte     virtual=329.539 Mbyte     

  5. Frequency 2 GHz                                : etime=00:00:02.3    ctime=00:00:03.8    rss=292.992 Mbyte     virtual=330.363 Mbyte     
     1. constructing matrix                         : etime=00:00:00.7    ctime=00:00:01.2    rss=292.547 Mbyte     virtual=329.539 Mbyte     
        1. 1d                                       : etime=00:00:00.0    ctime=00:00:00.0    rss=292.547 Mbyte     virtual=329.539 Mbyte     
        2. 3d                                       : etime=00:00:00.6    ctime=00:00:01.0    rss=292.547 Mbyte     virtual=329.539 Mbyte     
        3. 2d                                       : etime=00:00:00.2    ctime=00:00:00.2    rss=292.547 Mbyte     virtual=329.539 Mbyte     
     2. setup direct solver PARDISO (LU-factorization): etime=00:00:01.4    ctime=00:00:02.3    rss=292.547 Mbyte     virtual=329.539 Mbyte     
     3. constructing excitation (48204 x 2)         : etime=00:00:00.0    ctime=00:00:00.0    rss=292.992 Mbyte     virtual=330.363 Mbyte     
     4. direct solve (backsubstitution)             : etime=00:00:00.2    ctime=00:00:00.2    rss=292.992 Mbyte     virtual=330.363 Mbyte     

  6. Frequency 4 GHz                                : etime=00:00:02.2    ctime=00:00:03.9    rss=293.332 Mbyte     virtual=330.543 Mbyte     
     1. constructing matrix                         : etime=00:00:00.9    ctime=00:00:01.6    rss=292.992 Mbyte     virtual=330.363 Mbyte     
        1. 1d                                       : etime=00:00:00.0    ctime=00:00:00.0    rss=292.992 Mbyte     virtual=330.363 Mbyte     
        2. 3d                                       : etime=00:00:00.8    ctime=00:00:01.5    rss=292.992 Mbyte     virtual=330.363 Mbyte     
        3. 2d                                       : etime=00:00:00.2    ctime=00:00:00.2    rss=292.992 Mbyte     virtual=330.363 Mbyte     
     2. setup direct solver PARDISO (LU-factorization): etime=00:00:01.1    ctime=00:00:02.0    rss=292.992 Mbyte     virtual=330.363 Mbyte     
     3. constructing excitation (48204 x 2)         : etime=00:00:00.0    ctime=00:00:00.0    rss=293.332 Mbyte     virtual=330.543 Mbyte     
     4. direct solve (backsubstitution)             : etime=00:00:00.1    ctime=00:00:00.2    rss=293.332 Mbyte     virtual=330.543 Mbyte     

  7. Frequency 1 GHz                                : etime=00:00:02.1    ctime=00:00:03.4    rss=293.496 Mbyte     virtual=330.645 Mbyte     
     1. constructing matrix                         : etime=00:00:00.7    ctime=00:00:01.1    rss=293.332 Mbyte     virtual=330.543 Mbyte     
        1. 1d                                       : etime=00:00:00.0    ctime=00:00:00.0    rss=293.332 Mbyte     virtual=330.543 Mbyte     
        2. 3d                                       : etime=00:00:00.6    ctime=00:00:01.1    rss=293.332 Mbyte     virtual=330.543 Mbyte     
        3. 2d                                       : etime=00:00:00.1    ctime=00:00:00.1    rss=293.332 Mbyte     virtual=330.543 Mbyte     
     2. setup direct solver PARDISO (LU-factorization): etime=00:00:01.3    ctime=00:00:02.0    rss=293.332 Mbyte     virtual=330.543 Mbyte     
     3. constructing excitation (48204 x 2)         : etime=00:00:00.0    ctime=00:00:00.0    rss=293.496 Mbyte     virtual=330.645 Mbyte     
     4. direct solve (backsubstitution)             : etime=00:00:00.2    ctime=00:00:00.2    rss=293.496 Mbyte     virtual=330.645 Mbyte     

  8. Frequency 500.001 MHz                          : etime=00:00:01.5    ctime=00:00:02.6    rss=293.539 Mbyte     virtual=330.645 Mbyte     
     1. constructing matrix                         : etime=00:00:00.6    ctime=00:00:01.0    rss=293.500 Mbyte     virtual=330.645 Mbyte     
        1. 1d                                       : etime=00:00:00.0    ctime=00:00:00.0    rss=293.500 Mbyte     virtual=330.645 Mbyte     
        2. 3d                                       : etime=00:00:00.6    ctime=00:00:00.9    rss=293.500 Mbyte     virtual=330.645 Mbyte     
        3. 2d                                       : etime=00:00:00.1    ctime=00:00:00.1    rss=293.500 Mbyte     virtual=330.645 Mbyte     
     2. setup direct solver PARDISO (LU-factorization): etime=00:00:00.8    ctime=00:00:01.5    rss=293.500 Mbyte     virtual=330.645 Mbyte     
     3. constructing excitation (48204 x 2)         : etime=00:00:00.0    ctime=00:00:00.0    rss=293.539 Mbyte     virtual=330.645 Mbyte     
     4. direct solve (backsubstitution)             : etime=00:00:00.1    ctime=00:00:00.2    rss=293.539 Mbyte     virtual=330.645 Mbyte     

  9. Frequency 5 GHz                                : etime=00:00:02.0    ctime=00:00:03.3    rss=293.590 Mbyte     virtual=330.723 Mbyte     
     1. constructing matrix                         : etime=00:00:00.6    ctime=00:00:01.0    rss=293.539 Mbyte     virtual=330.645 Mbyte     
        1. 1d                                       : etime=00:00:00.0    ctime=00:00:00.0    rss=293.539 Mbyte     virtual=330.645 Mbyte     
        2. 3d                                       : etime=00:00:00.5    ctime=00:00:00.9    rss=293.539 Mbyte     virtual=330.645 Mbyte     
        3. 2d                                       : etime=00:00:00.1    ctime=00:00:00.1    rss=293.539 Mbyte     virtual=330.645 Mbyte     
     2. setup direct solver PARDISO (LU-factorization): etime=00:00:01.3    ctime=00:00:02.2    rss=293.539 Mbyte     virtual=330.645 Mbyte     
     3. constructing excitation (48204 x 2)         : etime=00:00:00.0    ctime=00:00:00.0    rss=293.590 Mbyte     virtual=330.723 Mbyte     
     4. direct solve (backsubstitution)             : etime=00:00:00.1    ctime=00:00:00.2    rss=293.590 Mbyte     virtual=330.723 Mbyte     

 10. Frequency 5.5 GHz                              : etime=00:00:01.4    ctime=00:00:02.5    rss=293.672 Mbyte     virtual=330.730 Mbyte     
     1. constructing matrix                         : etime=00:00:00.5    ctime=00:00:00.9    rss=293.590 Mbyte     virtual=330.723 Mbyte     
        1. 1d                                       : etime=00:00:00.0    ctime=00:00:00.0    rss=293.590 Mbyte     virtual=330.723 Mbyte     
        2. 3d                                       : etime=00:00:00.4    ctime=00:00:00.8    rss=293.590 Mbyte     virtual=330.723 Mbyte     
        3. 2d                                       : etime=00:00:00.1    ctime=00:00:00.1    rss=293.590 Mbyte     virtual=330.723 Mbyte     
     2. setup direct solver PARDISO (LU-factorization): etime=00:00:00.8    ctime=00:00:01.4    rss=293.590 Mbyte     virtual=330.723 Mbyte     
     3. constructing excitation (48204 x 2)         : etime=00:00:00.0    ctime=00:00:00.0    rss=293.672 Mbyte     virtual=330.730 Mbyte     
     4. direct solve (backsubstitution)             : etime=00:00:00.1    ctime=00:00:00.2    rss=293.672 Mbyte     virtual=330.730 Mbyte     
