
  1. setup                                          : etime=00:00:05.6    ctime=00:00:05.7    rss=141.438 Mbyte     virtual=135.410 Mbyte     
     1. loading mesh                                : etime=00:00:04.2    ctime=00:00:04.1    rss=141.438 Mbyte     virtual=135.410 Mbyte     
        1. reading ovm-file                         : etime=00:00:03.9    ctime=00:00:03.7    rss= 67.965 Mbyte     virtual= 59.523 Mbyte     
     2. setup of local problems for iwp             : etime=00:00:00.0    ctime=00:00:00.0    rss=141.438 Mbyte     virtual=135.410 Mbyte     
     3. loading circuit components                  : etime=00:00:00.0    ctime=00:00:00.0    rss=141.438 Mbyte     virtual=135.410 Mbyte     
        1. reading current sources from calcbridge  : etime=00:00:00.0    ctime=00:00:00.0    rss=141.438 Mbyte     virtual=135.410 Mbyte     
        2. building current sources for waveguide ports: etime=00:00:00.0    ctime=00:00:00.0    rss=141.438 Mbyte     virtual=135.410 Mbyte     
        3. connectivity check                       : etime=00:00:00.0    ctime=00:00:00.0    rss=141.438 Mbyte     virtual=135.410 Mbyte     
           1. legacy FindImpedanceLinePathsForIWG [TO BE OBSOLETED]: etime=00:00:00.0    ctime=00:00:00.0    rss=141.438 Mbyte     virtual=135.410 Mbyte     
              1. find impedance line paths          : etime=00:00:00.0    ctime=00:00:00.0    rss=141.438 Mbyte     virtual=135.410 Mbyte     
     4. assigning unknowns                          : etime=00:00:00.6    ctime=00:00:00.6    rss=141.438 Mbyte     virtual=135.410 Mbyte     
        1. LFenhance                                : etime=00:00:00.5    ctime=00:00:00.5    rss=141.438 Mbyte     virtual=135.410 Mbyte     
     5. setup circuit components                    : etime=00:00:00.6    ctime=00:00:01.0    rss=141.438 Mbyte     virtual=135.410 Mbyte     
        1. line paths + line integrals              : etime=00:00:00.6    ctime=00:00:01.0    rss=141.438 Mbyte     virtual=135.410 Mbyte     
           1. node2cell connectivity                : etime=00:00:00.2    ctime=00:00:00.4    rss=141.438 Mbyte     virtual=135.410 Mbyte     
           2. edge2cell connectivity                : etime=00:00:00.3    ctime=00:00:00.5    rss=141.438 Mbyte     virtual=135.410 Mbyte     
        2. FindPortCalibrationInductances           : etime=00:00:00.0    ctime=00:00:00.0    rss=141.438 Mbyte     virtual=135.410 Mbyte     
           1. setInductance                         : etime=00:00:00.0    ctime=00:00:00.0    rss=141.438 Mbyte     virtual=135.410 Mbyte     
        3. iwp                                      : etime=00:00:00.0    ctime=00:00:00.0    rss=141.438 Mbyte     virtual=135.410 Mbyte     

  2. symbolic matrix setup                          : etime=00:00:03.2    ctime=00:00:03.6    rss=459.234 Mbyte     virtual=455.262 Mbyte     

  3. iwp                                            : etime=00:00:00.0    ctime=00:00:00.0    rss=459.234 Mbyte     virtual=455.262 Mbyte     

  4. Frequency 1 kHz                                : etime=00:00:40.3    ctime=00:01:11.5    rss=  3.235 Gbyte     virtual=  3.332 Gbyte     
     1. constructing matrix                         : etime=00:00:05.8    ctime=00:00:10.6    rss=462.797 Mbyte     virtual=457.746 Mbyte     
        1. 1d                                       : etime=00:00:00.0    ctime=00:00:00.0    rss=462.797 Mbyte     virtual=457.746 Mbyte     
        2. 3d                                       : etime=00:00:04.8    ctime=00:00:09.6    rss=462.797 Mbyte     virtual=457.746 Mbyte     
        3. 2d                                       : etime=00:00:01.0    ctime=00:00:01.0    rss=462.797 Mbyte     virtual=457.746 Mbyte     
     2. setup direct solver PARDISO (LU-factorization): etime=00:00:33.3    ctime=00:00:58.5    rss=  3.203 Gbyte     virtual=  3.300 Gbyte     
     3. constructing excitation (527358 x 2)        : etime=00:00:00.0    ctime=00:00:00.0    rss=  3.219 Gbyte     virtual=  3.316 Gbyte     
     4. direct solve (backsubstitution)             : etime=00:00:01.2    ctime=00:00:02.3    rss=  3.235 Gbyte     virtual=  3.332 Gbyte     

  5. Frequency 2 GHz                                : etime=00:00:28.4    ctime=00:00:53.9    rss=  3.236 Gbyte     virtual=  3.332 Gbyte     
     1. constructing matrix                         : etime=00:00:06.6    ctime=00:00:11.9    rss=  3.235 Gbyte     virtual=  3.332 Gbyte     
        1. 1d                                       : etime=00:00:00.0    ctime=00:00:00.0    rss=  3.235 Gbyte     virtual=  3.332 Gbyte     
        2. 3d                                       : etime=00:00:05.5    ctime=00:00:10.8    rss=  3.235 Gbyte     virtual=  3.332 Gbyte     
        3. 2d                                       : etime=00:00:01.1    ctime=00:00:01.1    rss=  3.235 Gbyte     virtual=  3.332 Gbyte     
     2. setup direct solver PARDISO (LU-factorization): etime=00:00:20.8    ctime=00:00:40.0    rss=  3.235 Gbyte     virtual=  3.332 Gbyte     
     3. constructing excitation (527358 x 2)        : etime=00:00:00.0    ctime=00:00:00.0    rss=  3.236 Gbyte     virtual=  3.332 Gbyte     
     4. direct solve (backsubstitution)             : etime=00:00:01.0    ctime=00:00:02.0    rss=  3.236 Gbyte     virtual=  3.332 Gbyte     
