; Top Design: "TRX_Project_lib:Budget_TX_PShifter_RX:schematic"
; Netlisted using Hierarchy Policy: "Standard"

Options ResourceUsage=yes UseNutmegFormat=no EnableOptim=no TopDesignName="TRX_Project_lib:Budget_TX_PShifter_RX:schematic" DcopOutputNodeVoltages=yes DcopOutputPinCurrents=yes DcopOutputAllSweepPoints=no DcopOutputDcopType=0
; Library Name: TRX_Project_lib
; Cell Name: PhaseShifter
; View Name: schematic
define PhaseShifter ( P1  P2 ) 
parameters  ph=90  IL=6 
#uselib "ckt" , "PhaseShift"
PhaseShift:PS1  P1 N__3 Phase=ph PhaseSlope=0. RTConj=0 ZRef=50. Ohm 
#uselib "ckt" , "BPF_Butterworth"
BPF_Butterworth:BPF2  N__3 P2 Fcenter=3.8 GHz BWpass=3 GHz Apass=3 dB BWstop=6 GHz Astop=50 dB StopType="open" N=2 IL=IL dB Qu=1E308 Z1=50 Ohm Z2=50 Ohm 
end PhaseShifter


Options:Options1 Temp=30 Tnom=25 TopologyCheck=yes ForceS_Params=yes GiveAllWarnings=yes  \
MaxWarnings=10 ForceM_Params=yes InitialGuessAnnotation=0 TopologyCheckMessages=no doDeltaAC=no  \
ReduceSPortRatio=0.5 WarnSOA=yes MaxWarnSOA=5 Census=no MinNodalR=1e-2 Ohm  \
LargeCapThreshold=1e-3 F EnableAssertChecks=no EnableSpareRemoval=no 

Port:PORT1  vin 0 Num=1 Z=50 Ohm P[1]=polar(dbmtow(0),0) Freq[1]=3.5 GHz    Noise=yes Pac=polar(dbmtow(0),0) 
Port:TermG2  vout 0 Num=2 Z=50 Ohm Noise=yes 
PhaseShifter:X1  vin vout ph=90 IL=6 
Budget:Budget1  NonlinearAnalysis=1 NonlinearHarmonicOrder=3 CmpMaxPin=40 _dBm NoiseFreqSpan=1 Hz NoiseFreqStep=0 Hz NoiseResolutionBW=1 Hz TableComponentFormat=1 MeasurementFrequencyUnit=0 MeasurementAngleUnit=0 AutoFormatDisplay=0 OutputCSVFile=0 RunCommand=0 SystemCommand=" " Measurement[1]="Cmp_NF_dB" Measurement[2]="Cmp_S21_dB" Measurement[3]="Cmp_OutTOI_dBm" Measurement[4]="NF_RefIn_dB" Measurement[5]="NF_RefIn_NoImage_dB" Measurement[6]="NF_RefOut_NoImage_dB" Measurement[7]="OutPwr_dBm" Measurement[8]="OutPGain_dB" Measurement[9]="OutPGainChange_dB" Measurement[10]="InReflCoeff_dB" Measurement[11]="InReflCoeff_SS_dB" Measurement[12]="OutVGainRefl_dB" Measurement[13]="OutVGainRefl_SS_dB" Measurement[14]="InPwrInc_dBm" 
