
Options ResourceUsage=yes UseNutmegFormat=no EnableOptim=no TopDesignName="RFSystem_lib:Mixer_Noise1:schematic"
#uselib "sml" , "Mixer2"
Mixer2:MIX1  N__0 N__1 N__2 SideBand=-1 OutputSidebandSuppression=-200 dB InputImageRejection=-200 dB ConvGain=1.0 +j*0. RevConvGain=polar(0,0) SP11=polar(0,0) SP12=polar(0,0) SP13=polar(0,0) SP21=polar(0,0) SP22=polar(0,0) SP23=polar(0,0) SP31=polar(0,0) SP32=polar(0,0) SP33=polar(0,0) PminLO=-100 DetBW=1e100 Hz NF=0 dB Z1=50 Ohm Z2=50 Ohm Z3=50 Ohm GainCompType=0 ReferToInput=0 GainCompSat=5.0 dB GainComp=1. ClipDataFile=1 ImpMaxFreq=10 GHz ImpMaxOrder=32 ImpWindow=0 
Port:PORT1  N__4 0 Num=1 Z=50 Ohm P[1]=dbmtow(0) Freq[1]=1 GHz    Noise=no 
Port:PORT3  N__2 0 Num=3  Z=50 Ohm  Freq[1]=1.05 GHz    P[1]=dbmtow(0) Noise=no 
HB:HB2 MaxOrder=3 Freq[1]=1.0 GHz Freq[2]=1.05 GHz Order[1]=3 Order[2]=3 StatusLevel=2 FundOversample=1 \
Restart=no UseAllSS_Freqs=yes UseOutFile=no UseInFile=no InputFreq=0.999 GHz FreqForNoise=51 MHz NoiseInputPort=1 NoiseOutputPort=2 PhaseNoise=no SortNoise=0 IncludePortNoise=yes NoisyTwoPort=yes BandwidthForNoise=1.0 Hz \
OutputPlan="HB2_Output" 

OutputPlan:HB2_Output \
      Type="Output" \
      UseNodeNestLevel=yes \
      NodeNestLevel=2 \
      UseEquationNestLevel=yes \
      EquationNestLevel=2 \
      UseSavedEquationNestLevel=yes \
      SavedEquationNestLevel=2 \
      UseDeviceCurrentNestLevel=no \
      DeviceCurrentNestLevel=0 \
      DeviceCurrentDeviceType="All" \
      DeviceCurrentSymSyntax=yes \
      UseCurrentNestLevel=yes \
      CurrentNestLevel=999 \
      UseDeviceVoltageNestLevel=no \
      DeviceVoltageNestLevel=0 \
      DeviceVoltageDeviceType="All"

Tran:HB2_tran HB_Sol=1 SteadyState=1 StatusLevel=3 \
Freq[1]=1.0 GHz Order[1]=3 \
OutputPlan="HB2_Output"

Component:tahb_HB2 Module="ATAHB" Type="ModelExtractor" \ 
 Tran_Analysis="HB2_tran" HB_Analysis="HB2" 

Amplifier:AMP1  N__4 N__5 S21=1.+j*0. S11=0. S22=0. S12=0. NF=3 GainCompType=0 ReferToInput=0 GainComp=1. ClipDataFile=0 
#uselib "ckt" , "BPF_Elliptic"
BPF_Elliptic:BPF1  N__5 N__0 Fcenter=1 GHz BWpass=.01 GHz Ripple=1 dB BWstop=.05 GHz Astop=60 dB StopType="open" MaxRej=80 dB N=0 IL=0 dB Qu=1E308 Z1=50 Ohm Z2=50 Ohm 
Port:Term2  N__1 0 Num=2 Z=50 Ohm Noise=no 
Options:Options1  Temp=16.85 Tnom=25 TopologyCheck=yes V_RelTol=1e-6 V I_RelTol=1e-6 A GiveAllWarnings=yes MaxWarnings=10 SaveBranchCurrents=no OutputInternalNodes=no ForceM_Params=yes DC_ReadInitialGuess=no DC_WriteFinalSolution=no TopologyCheckMessages=no GPU=no doDeltaAC=yes ReduceSPort=no ReduceSPortRatio=0.5 WarnSOA=yes MaxWarnSOA=5 ASCII_Rawfile=yes 
