0.86588644003116255
0.75307748501641625
0.74040609749653885
0.64623512656726123
0.64079026741241296
0.62361820860099604
0.6197686492404858
0.55830486699892901
0.5496046628931891
0.53735098197628461
0.53306577016610956
0.52122539194300377
0.50881655119450298
0.490030017075677
0.48326496999393892
0.48230489532547127
0.48093814828924086
0.48067616705575295
0.47988756123347476
0.46550571775954114
0.45856449757945672
0.44490433555791659
0.44473167448823997
0.42755837005521652
0.42739981974303715
0.42713669850090563
0.42572280776803983
0.41799819314470549
0.41685813909987868
0.41592189749653946
0.41381105143828151
0.41301196014337255
0.40804129242209614
0.40499137032027316
0.40485527286909057
0.40418135770039532
0.40023060245086522
0.39899808571030132
0.39226080935544427
0.3872044170917156
0.38355088659490699
0.37863681650147912
0.37515422553717742
0.37319504416389637
0.36503772627736003
0.36080976863930664
0.3606720243817963
0.35980047501254081
0.35664340189687699
0.35393981651131318
0.34916949962492599
0.34159446554020761
0.33983839472818617
0.33738365443273904
0.33702284220077494
0.33449617027210404
0.33354795511885899
0.33037642019155228
0.32974562929786783
0.32550217617640009
0.32493810983735888
0.31830493689342548
0.3128586540743491
0.30498308197602675
0.30047290861398585
0.29694577915280407
0.29508576794496449
0.29404150468173329
0.28870447819832762
0.28770393751930401
0.28608226878002918
0.28458603058191095
0.28371361300186071
0.28208212297977886
0.28182610172849415
0.28172470046139858
0.28136379877159406
0.28020344156836285
0.27902758982074977
0.27545829753368778
0.27537702352173354
0.27333667884711843
0.27150221822943682
0.26971357471898399
0.26663241555665029
0.2654820717230586
0.26524033840789041
0.26518681401647354
0.26510026584642793
0.26496758408113513
0.26446596922763366
0.26345862737859527
0.26275148311637714
0.26148266163626199
0.26069907798728376
0.2599076601653485
0.25792321025631498
0.25367150601794297
0.25279531464506055
0.25037099056403639
0.24811133122205822
0.24777059278706279
0.24771551919517765
0.24753330204178248
0.24576773982726971
0.2452626126631082
0.24502248059220094
0.24430148887503089
0.24288757046999851
0.24238058391358308
0.24235910693794477
0.24022413581497815
0.23912395396581182
0.23658665203691398
0.23640699868384452
0.23555094692815384
0.23528106007452271
0.23494600434897367
0.2338605012870616
0.23334062345814471
0.23107919510397923
0.23037348853728018
0.23034316720828366
0.22935515657828009
0.22765462883060805
0.22669423177391554
0.2256936383858614
0.22326515026079072
0.22267066117135775
0.22252921431323569
0.22183377552573869
0.22111010051331847
0.22092233704430761
0.22009250147468612
0.2172535015618185
0.21682053575241444
0.21499163185505593
0.21457659083882635
0.21151011012637258
0.20914511819847564
0.20879592751775375
0.20550438374833332
0.20496718972031341
0.20482025041863366
0.20393352585201188
0.20299635920826004
0.20221937290611536
0.20202618531441488
0.2008883127080473
0.20073011025974904
0.20040162508235851
0.1990101121978147
0.1988417413864555
0.19693929687689898
0.19693104286993457
0.1967747452523412
0.19644745751343712
0.19588276109902281
0.19500933750660171
0.19472058954348853
0.19438147026098065
0.19429019923117818
0.19156671013312684
0.19076060316296289
0.18890219654012921
0.18743706357163212
0.18720772672103256
0.18691525178937049
0.18095096839964311
0.18012826927113115
0.17954379602610662
0.17917233192051285
0.17871390677091811
0.17807190430182698
0.17704515470594215
0.17627817381032726
0.17614448468391208
0.17465416797944436
0.1732752549713939
0.17135487158596255
0.17101718831981352
0.17098270614789995
0.1708272466912642
0.17023050712781324
0.1697521006115835
0.16905135136461016
0.16799395433190614
0.16718650628131806
0.16633781315004706
0.16585938233102862
0.16458613806273387
0.16359591126610301
0.16214239972886377
0.16212994907778275
0.16199730925700842
0.1613263155518177
0.16064368895935574
0.15991273935667794
0.15981962498502567
0.1593818411553885
0.15879306297358795
0.15842706634650802
0.15630951435771209
0.15610524634005768
0.15549711025196711
0.15472085341670913
0.15456994914188535
0.15435848574805885
0.15432734794596581
0.15407680011139802
0.15394542298917321
0.15210692453418423
0.15173281198690874
0.15159401151511437
0.15002315307050004
0.14993749449868776
0.149508432995205
0.14907565380568974
0.14905372344899342
0.14845561349809416
0.14752827990315295
0.14694808932373879
0.1468783847717639
0.14650055219057984
0.1464425755118742
0.14610358181721786
0.14588107602143163
0.14523518720790268
0.14484609371601923
0.14451862650695141
0.14420761013470276
0.14395447543412299
0.14384312349462774
0.14380163979370325
0.14365230545738353
0.14287468491978658
0.14195967451955835
0.14191808892179547
0.14180569683654126
0.14165684408905205
0.14124577736218383
0.14096003270749449
0.14094515480651199
0.14088744025419098
0.14065264678827025
0.14051663869264697
0.14011176874116396
0.14000376266564771
0.13974062188294323
0.13924983362864302
0.13920745321049943
0.13911088106630845
0.13842811565916777
0.13778681680829005
0.13733337781554542
0.13709659544066538
0.13666226906468509
0.13605730570424759
0.13604812228924543
0.13584718079854194
0.1357499589520294
0.13450171899252916
0.1343986972802651
0.13347041240036736
0.13327457060900383
0.1329490708642613
0.13254000451355702
0.13211289275144089
0.1321113853145239
0.13197441376048341
0.13174943633390968
0.13160176604097065
0.13128354663612926
0.13116807051965057
0.13071452375547346
0.13064513606924866
0.13002754068214845
0.1290017391410653
0.12883161922540193
0.12867760410228821
0.1279333353012225
0.12787750252184227
0.12756991276168331
0.12742006985835821
0.12669412104253328
0.12616700456707888
0.12490311680592617
0.12418878963664012
0.12344400104353825
0.12344097062631169
0.12321035881782073
0.12305080695259805
0.12292098148865255
0.12251227034159434
0.12248570109268291
0.12236380566299929
0.12139275872467591
0.12137266256127369
0.12129949892321196
0.12103293752928326
0.12004769792061849
0.11923116868590299
0.11882617460781018
0.11819099401299102
0.11776430848389792
0.11741231293377818
0.11685518409278335
0.11672236347050208
0.11661693265675037
0.11610443140289499
0.11594569867343907
0.11593245571883554
0.11566340421084989
0.11551760351006327
0.11532076080741555
0.11525773372286356
0.11510240644130967
0.11476650203437762
0.11472610315430941
0.11453794364371557
0.11326004609174746
0.11315740275903224
0.11313393930506788
0.11275749641452505
0.11256766080893141
0.11229849252051576
0.11225979610314361
0.11219869994452439
0.11174521816462153
0.11163958672067123
0.11157151031866373
0.1112531048395036
0.11072433614355734
0.11071866969022687
0.11058601886812984
0.10973990069961163
0.10961472223479703
0.10897390506709803
0.10886181099944867
0.10857225419395279
0.1078216057247425
0.10752136220486241
0.10721131668649388
0.10710132075523608
0.10622556956099199
0.10620532150170534
0.1060010941104437
0.10560722350718622
0.10535642461399326
0.10489266737530946
0.10455314843154279
0.10398307026196373
0.10333896078357109
0.10316923207710231
0.10311953994235327
0.10288606503482854
0.10284188554623525
0.10257170198061688
0.10253906499492381
0.10135827438047924
0.10114701234910012
0.10086373256899116
0.1008556444756314
0.10043494760283687
0.10042871617355473
0.10040764214219683
0.10027210414839136
0.10002804652021453
0.10002130426360197
0.099528792618358106
0.099047337485676998
0.098776339469858893
0.098628196380184177
0.098549696703808268
0.098471008011417227
0.098430099530932
0.098038125623999439
0.097828677398122552
0.097801429044952565
0.097643392974382251
0.097487056904565633
0.097302442461131705
0.097288284862724617
0.097008247347438695
0.096528509786232591
0.096119901701591973
0.095513562967053892
0.094723911552127379
0.094507159875584001
0.094283721532952572
0.094054984617996856
0.093911761136560634
0.093903179089398284
0.093829558777833236
0.093806288459307025
0.093801869563889473
0.093423296681183543
0.093421480574242891
0.09326995511235335
0.092991666891680605
0.09284461260452935
0.092674898283692311
0.092256521240535211
0.092251000399147728
0.092073897829291262
0.091904975610733977
0.091676729138863683
0.089701653168660897
0.089030946438703615
0.088809349633871812
0.08875645626597102
0.088734206622642212
0.088609357360489388
0.088597081383504431
0.088578725519456419
0.088306311619123404
0.088206255185240348
0.088042221437789558
0.087882084815997311
0.087771631946466602
0.08772502277503548
0.087018442320206113
0.087010195118718617
0.086883062674142905
0.086439030934625349
0.086400499937615394
0.086379357249466146
0.086244143824681638
0.086225644427930181
0.08621562024509101
0.085885873745040822
0.08551023654822329
0.084889044207762804
0.084843156587535898
0.084659185526641492
0.084597869541966422
0.084550963143115956
0.084334280763993574
0.084129459053971803
0.084103715319603103
0.084014669791178956
0.083620572057458722
0.083466974276742725
0.082773549172230343
0.082742643730131377
0.082517792502354401
0.082477841012703529
0.082371644752148171
0.082351934394085682
0.082324961587488463
0.081738774175256379
0.081655815399151718
0.081377185579207936
0.081365742849283398
0.081112535344963974
0.081108671900019969
0.080711165980582728
0.080550777741887555
0.080325180807010954
0.079922140062211502
0.079620187048536989
0.079585817921341867
0.079551141267555789
0.079417451700061661
0.078715472137665735
0.07870918193399136
0.078654139023960998
0.078406496970328768
0.078142759712402324
0.077757371290559055
0.077310388221927609
0.077265066050734202
0.077220985258883851
0.077113816283149283
0.076850449147427571
0.076636200004250518
0.076245344163366355
0.075878474006991645
0.075651808298365694
0.075424067505278317
0.075383161025556658
0.075250663647820626
0.075104136926302037
0.074900144303130606
0.074878204528582529
0.074857377267484149
0.074721855202864909
0.074603517562161756
0.074528076921808156
0.074367020571065257
0.073846713365178326
0.07347547223191217
0.073475306611615207
0.073397403934743893
0.073152256886519801
0.071846571100368933
0.071648464501196302
0.07160906325414565
0.071460265906259451
0.070856242198943681
0.070832795022612235
0.070732935551638135
0.070585749840346629
0.070583101835802908
0.07050025944262929
0.070485107979771547
0.070040174678495437
0.069942094333604002
0.069750426586992764
0.069635782449616435
0.069405548566581529
0.069073998332841641
0.06899308687025632
0.068934915152055867
0.068829896440567015
0.068820341502388679
0.068569010230930705
0.068536557924758115
0.06852717943619123
0.068270396904478725
0.068204839042495718
0.067955861479771007
0.067708944293998666
0.067705461185828111
0.067499511390480604
0.066952422934039482
0.066912429539000576
0.066574706416006407
0.06653901036421675
0.066366552711544721
0.066263363677355372
0.066166555039353453
0.066142882959304983
0.065765491019238898
0.065732085924602168
0.06565298421296234
0.065633742774304157
0.065628744318839152
0.065607822549391875
0.065583314591943456
0.065490989780536704
0.06541739086556364
0.065350815930285536
0.065065436163878873
0.064956056853462271
0.064782742041720534
0.064378482208606994
0.064321670075327506
0.063607435088905415
0.06350025511224594
0.063473633836055657
0.063341409841432245
0.063297992721775068
0.063285460707446645
0.06311241498631745
0.062817335357700885
0.062793019356409963
0.062747116620173723
0.062738838279567569
0.062677677045510638
0.062463924152331471
0.062420268272718973
0.062068197679578378
0.062054990978273147
0.061858944679863109
0.061818552319473981
0.061593073372930116
0.061541056378699728
0.061125442277935732
0.061080693888450416
0.061018404755689273
0.060991519763433484
0.060836842196876975
0.060812906542635187
0.060708334983494372
0.060648910966981995
0.060350513677675556
0.060346749354344587
0.060210578337518521
0.059702610112598878
0.059576008865107763
0.059553805259612208
0.059522773019228002
0.05930490550362659
0.058787278336984501
0.058576993795069365
0.058504144937207105
0.058494928538186636
0.058449838565355967
0.058254440170962457
0.058250603909828759
0.058220017339683017
0.058061960479127213
0.05805573917872691
0.058024757313053607
0.058004663011818544
0.057966026349938575
0.057959549559598804
0.057958348600532734
0.057834454511478686
0.05780549445936814
0.057691187317531666
0.057679615716278228
0.057654361849936282
0.057595183662179167
0.057519131742475152
0.057516672080102804
0.057500143311795752
0.057437111272761757
0.057332860034051823
0.057259909913423404
0.057126602590247488
0.05702899575227767
0.057016320171356362
0.056943122267148649
0.056759227777672047
0.056724094658159113
0.056711911446186182
0.056176976398761194
0.056047323422883107
0.056045495724031266
0.056037043384470728
0.055865877332544008
0.055683856297169265
0.055681862016927701
0.055673173609251815
0.055623717293108964
0.055422880309998
0.05539459761383729
0.05538552484056801
0.055385306594427731
0.05527018675940313
0.055153071360347999
0.055029694270196307
0.054955456358745033
0.054916165856722425
0.05484770633300514
0.054829264663778132
0.05470078092563848
0.054679940823251866
0.05465109126545957
0.054481276816000297
0.054477758458760184
0.054447362839878083
0.054193567978456918
0.054103670247135124
0.053877948169210092
0.053703625590177183
0.053368815125693053
0.053355658972462777
0.053307893167532296
0.05328816406235265
0.053272289180248227
0.053235552191444831
0.053142401166975169
0.053129799726666399
0.053088143598241253
0.053039532482089785
0.053010202696759087
0.05292134664418293
0.052883313736576884
0.052752399892536918
0.052545456760820251
0.052435977669576909
0.0523928655391366
0.052317389558106157
0.052275974195196036
0.051478003615054342
0.051380499949476882
0.051277184777538717
0.051222441985733308
0.051121897251868872
0.050791623440491845
0.050750514420030535
0.050747813818306009
0.050694020049542515
0.050502424612681639
0.050399062037277557
0.050363703159063564
0.050321209751970401
0.050289225094529752
0.050280304024305555
0.050212315331915433
0.049998972207317312
0.049828241886911449
0.04972968086414007
0.049656036250020873
0.049594716865624264
0.049111064095588769
0.048920927062408817
0.048888510412913797
0.048870105870872059
0.048641796491376309
0.048454474700318863
0.048426909207609031
0.04842641991688728
0.048403386902791973
0.048377379712400873
0.048350414589006949
0.048314493679339467
0.048274560225712915
0.048273228495121535
0.048137326749494759
0.048046364536042746
0.047804668754608565
0.047789511257223583
0.047691186856218537
0.047687874169787578
0.047681325962108334
0.04760033667513567
0.047488679918957846
0.047315352343874906
0.047252073014990431
0.047240585429095372
0.04723829712462304
0.047177821507919729
0.047122840056105016
0.047086570113750878
0.046851743580111994
0.0466336222201943
0.046550984511411729
0.046397795621953695
0.046335872053556243
0.046231453769453604
0.046191023836267352
0.046160511201742631
0.045957603477379316
0.045833384685858139
0.045824836545225713
0.045772595119736213
0.04538305500774803
0.045297360790807518
0.045264602828653473
0.045259868914115223
0.045146811755529988
0.04500393068774175
0.044815894973917018
0.044803564388086969
0.044799867329803809
0.044685433188308865
0.044659914464916135
0.044564292886312321
0.044058152241172564
0.043921715713058848
0.043894476063824503
0.043707898791083742
0.043686974885915282
0.043611898212939482
0.043543496178929809
0.043456183712555156
0.043374324704725097
0.043300032281000364
0.04327235171105371
0.043252666196240297
0.043151856508110174
0.043106667296263529
0.0429616903678657
0.042953091609929134
0.042857456205998637
0.042769667962332655
0.042682151081871837
0.04267955473562883
0.042678578219069931
0.042635484469646372
0.042555613789647978
0.042542037911405699
0.042439196274379823
0.042336901908476922
0.042244848463824952
0.042159909008391172
0.042106466068340634
0.042046984884794324
0.041919969149357292
0.041902153039522307
0.041895288886928055
0.041780943661323594
0.041741456219124493
0.041679435073350354
0.041559075918987054
0.041331359579444303
0.04122931193429246
0.041116453153748532
0.041075953287719388
0.040986944950658466
0.040972036046080643
0.040944531475459109
0.040929557384865492
0.04080609624323793
0.040799717064020267
0.040667898685215906
0.040572590599519148
0.040531695571662162
0.040498279980854757
0.040447060677660816
0.040324596233639036
0.040323610906934232
0.040227002181565219
0.04021327423190299
0.040147771054996513
0.040105023258886256
0.040079273825786355
0.039997381792573151
0.039957517022824789
0.039926691824184159
0.039884334438376981
0.039645403286357232
0.039640304976411439
0.039539952304228174
0.039513481486342747
0.039506032991085072
0.039407169508119289
0.039391849600132409
0.039318361793993437
0.039284405594267657
0.039142762892513956
0.038933557759271632
0.038884745956164458
0.038752647922621404
0.038729571201801857
0.038703906799103148
0.038639168695087239
0.038545728776074852
0.038545258402141847
0.038305087310400485
0.03826649884301226
0.038206044034398409
0.038119320710660057
0.03804151775130904
0.03799165094347965
0.037951614199866486
0.037948782853682937
0.037813553721400911
0.03779790234941667
0.037761353922566507
0.037631989575190553
0.037577101356546322
0.037575384608933574
0.037573498360191478
0.037497821067591468
0.037415847672069687
0.037381255596025745
0.037035086268749552
0.03701597352786716
0.036939329136180026
0.036840910455504215
0.036835150523008356
0.036796787251550812
0.036792635914722344
0.036782526539486243
0.036774470185282765
0.036677437231087823
0.036602029689393696
0.036512890613326993
0.036490321396057956
0.036458024145965301
0.036340107415269968
0.036307699790899803
0.036297115091362728
0.036287688230308597
0.036210468319357487
0.036181378747660808
0.036110817567680024
0.036087326174852892
0.036071536403447443
0.036034389252481598
0.035959738961647905
0.035914245737598695
0.035891365934822811
0.035826324869958286
0.035776009701587223
0.035699245389289605
0.035687063508473178
0.035602002143830504
0.035568191978766796
0.035527967965329574
0.035492989459176054
0.035361776178096778
0.035347972422237674
0.035312373184825628
0.035257179965126013
0.035171035655947605
0.035159077609748693
0.035038800290673959
0.035032933556551384
0.035006511947740571
0.034851605521636762
0.034769341764856042
0.034661495115990468
0.034655277830284291
0.034635436240277741
0.034605032302218612
0.034544615212816494
0.034516279829196354
0.034391096881696795
0.034385118876823016
0.034271305810839675
0.034255748091114653
0.034247000695609597
0.034239750037861991
0.034106700328616041
0.034102861094580432
0.034065372423233917
0.034018790163621547
0.03399101888742067
0.033937772736424558
0.033866975002163541
0.033789233876399288
0.033733405767137258
0.033691182641297342
0.033569845540651323
0.033459783368912505
0.033378177120784905
0.033307946812265683
0.033297405966095726
0.03329375108203575
0.033287012498000645
0.033215531573586012
0.033178257391874945
0.0331214181301503
0.03307473728905886
0.033015822998668114
0.032987111306681839
0.03287125706441698
0.032834611761081052
0.032825953041339617
0.032800472867068164
0.032795486500063954
0.032790086423472982
0.032753838610574001
0.03273045673556331
0.032639306673989087
0.032637789415390743
0.032637371332980253
0.032611485373908088
0.032572655882047441
0.032534464522435261
0.032466797322493836
0.032428163088802447
0.032401362053611264
0.032384029838448465
0.032203103355471864
0.032183801744663093
0.032177631115127649
0.0321404292456463
0.032014633504943171
0.031988999510228919
0.031944976674916623
0.031877269664504208
0.031825342245174408
0.031825088280532175
0.031820631468932555
0.031737472068831971
0.031719316832672914
0.031710116780018484
0.031700157390630965
0.031695922476611009
0.031632445151483037
0.03162998316538413
0.031611649543621223
0.03161009817336527
0.031610065161829071
0.031501883489372946
0.031497582993017768
0.03149331235346859
0.031268375252821702
0.031015305094727805
0.031004918532406819
0.030979509317123385
0.030963843294690169
0.030907635992379331
0.030901928332511871
0.030867792868718703
0.030782853843750763
0.030780541022404184
0.030774633544575655
0.030732965392547391
0.030706826748394388
0.030699493661789284
0.030689695357870403
0.030683384679701841
0.030613287501319971
0.030568722225090442
0.030508707372735193
0.030489847497973385
0.030380481725835844
0.030347982277344067
0.030321855926998296
0.030046549101833568
0.030034164564342814
0.030024381136097445
0.030004472767075775
0.029996583314390275
0.029868360168230006
0.029857264391654533
0.029824408331531847
0.029814715114718171
0.029805694836503339
0.029798166172652078
0.029782091200439089
0.0297523996897445
0.029745766710983636
0.029724816456946974
0.029686179363366993
0.029555352378270387
0.029499442143990404
0.029398566192599201
0.029366346344678242
0.029361442876892518
0.029329839728789331
0.029318198203059202
0.029278999452145099
0.029255069111847106
0.029232931607891081
0.029196930727373453
0.029149134059591436
0.029083134303254991
0.029082548495073437
0.029057779947803678
0.029042859222104131
0.028994696576255048
0.028885705983707755
0.028879410462635653
0.028841029968638292
0.02872187040403051
0.028680988731222094
0.028660610018469524
0.028633724417476841
0.028512142541728423
0.028472278213860891
0.028427025153116108
0.028391181308362486
0.028381458171419745
0.028202655780444327
0.02818159226355146
0.02817798205724804
0.028060348911444509
0.027923659234101224
0.027813475503971688
0.027787710078770844
0.027767044156057713
0.027736360414295922
0.027713455302293043
0.027652339807300422
0.027638669768956063
0.027540967173726047
0.02751095637798447
0.027435128224038586
0.027426160225045151
0.027424097500659283
0.02732569573310991
0.027317135909840008
0.027300047154749214
0.027286486724956358
0.027250398055376671
0.027241715191588085
0.027241655042122281
0.027232008867752313
0.027202477734031796
0.027048927995903381
0.027024519527917013
0.026993123070465988
0.026932423492434177
0.02687310421193009
0.026849123535563586
0.026822375123747039
0.026821368150985375
0.026763618544041502
0.026762033921892511
0.026753750489717731
0.026720963855111468
0.026697831728697243
0.026606594083386548
0.026593684731197834
0.026484054067878939
0.026395956283398133
0.026392666499650882
0.02637428060977819
0.026362889353306225
0.026315425122756683
0.026292656430672353
0.026281024265216602
0.026263683547149919
0.026253468122061745
0.02621710046412563
0.026214712572012796
0.026168406064779302
0.026148606716308979
0.026147136661454386
0.026130707435272852
0.026115711911071409
0.026061067569936366
0.026051549314939026
0.026047516986909994
0.026031831737156366
0.026018215839120135
0.026017819872215051
0.025988443666165088
0.025916455079149563
0.025891874824684764
0.025839017205541982
0.025764213245096493
0.025686610497748532
0.025663281348712815
0.025616878091816061
0.025503580337170793
0.02547550144631586
0.025453259991870092
0.025373265545017027
0.025357214228460569
0.025316741431995003
0.025316021306860229
0.025313804044461714
0.025297803856522087
0.02529535548489344
0.02524084750366317
0.025196010273878976
0.025194346899317484
0.025190327357857333
0.025156820776156941
0.025075017438847384
0.025052273019955457
0.025022406412209777
0.025014626672891734
0.025013322311007224
0.02499970874699136
0.02497193089906681
0.0249232413841643
0.024905321800316238
0.024829580995500745
0.024824126144847809
0.024821561511019847
0.024818334242762606
0.024804880960208133
0.024804001012930392
0.024737834154277254
0.024696245777751081
0.024660858520467597
0.024648389198928949
0.02463844691960939
0.024635938580259822
0.024607698841306546
0.02454712291519489
0.024355486535125356
0.02434476175090159
0.024318763453339675
0.024249655489307836
0.02424590105385982
0.024244343412186946
0.024177350450133306
0.02417401894131091
0.02414293738935833
0.024123642988651842
0.02411993857870464
0.024106772291825982
0.024055191433233751
0.024035822822961697
0.024016067014902075
0.023963036158781599
0.023916665926193868
0.023910183573969387
0.023903557169503604
0.023886441974294841
0.023832926754079668
0.023804736909229844
0.023712906983097311
0.023641182231936942
0.023628255676136391
0.023621820579016201
0.023613274184792039
0.023611459949563471
0.023587214876476557
0.023559542082552322
0.023521733489092603
0.023517212396262505
0.023467047591636248
0.023434235800004765
0.023415256833254891
0.023385629385309623
0.023382049977039489
0.023328244390331199
0.023315340888110218
0.023283174116572485
0.023253197961081433
0.02325072430543321
0.023248941574728853
0.023243386144711043
0.023240724159170011
0.023191554896067661
0.023158825524897533
0.023153650194711873
0.023094476901940924
0.023087518187127645
0.023036319417608538
0.023006468040801344
0.022987797413343027
0.022933539655602041
0.022897565035139764
0.022897344435259908
0.022851158311953279
0.022826906718229713
0.02276423448063003
0.02275976221538693
0.022753461370557549
0.022746627371254977
0.02266894052721263
0.022668206519082943
0.022661440448109908
0.022606941803478501
0.022591937216219576
0.022579144289178499
0.022570529085866278
0.022555683582441293
0.022548857154993079
0.022505653936897681
0.022416068101341242
0.022406402630016562
0.022367877259070766
0.022356208929175603
0.022332850994337981
0.022322156174355096
0.022315306835278659
0.022283633339642023
0.022278531707774933
0.022274001325638983
0.02224857601734077
0.022222649433556136
0.022206367411830734
0.022147880689372314
0.022124964546971198
0.022111581163550109
0.022068680812193674
0.022052985368005654
0.022049635632866722
0.022022012466734655
0.021996118487777071
0.021990313223198037
0.021967014232682557
0.021861605478290577
0.021855098532754844
0.021808904884734845
0.021746265202367405
0.021743912761339579
0.021669933083482831
0.021649193937856442
0.021621008587424381
0.021609445919152533
0.021599107449762463
0.021579648989170672
0.021567293540656788
0.021513944754172079
0.02139092056006393
0.021374691391691854
0.021331773586323665
0.021327757240175358
0.021290460112785032
0.021250589149860697
0.021173473566071674
0.021144519516004972
0.02113193363635097
0.021095168341705377
0.021092318946934717
0.021086737869801649
0.021029194452218677
0.021017374721843139
0.020979372536083046
0.020947688529579778
0.020944008508576549
0.020934271504230977
0.020828778229925807
0.020801181679923276
0.020791587960887228
0.020777625613683584
0.020752582621710126
0.020738020047804499
0.020732141095688165
0.020729106599682044
0.020690546368283221
0.020664117150528613
0.020653712771517185
0.020635823123132946
0.020609245360205763
0.020587618945056656
0.020581100126991603
0.020546155667032058
0.020534104004250757
0.020499768852982877
0.020468404285316152
0.020438759047111954
0.020393487560870241
0.020375866860487191
0.020373023679654718
0.020365917430838838
0.020361525879839179
0.02031282277961147
0.020300147703548422
0.020278453050737711
0.020270519979297404
0.020266551460275929
0.020247505854845822
0.020195865583465422
0.020191160346687824
0.020133088245082302
0.020126598938010665
0.020121906182673219
0.020121243617074007
0.020111353904130953
0.020109803873860407
0.02004815992491089
0.020047626148523394
0.020037736839034644
0.019961129735587738
0.019932446883690284
0.019924278005611154
0.019909154483922168
0.019883900926511888
0.019877674116842148
0.019868563721274258
0.019859713372887614
0.019855265368592428
0.019855027977278738
0.019854060478695076
0.019844534667521809
0.019833802091004282
0.019817394255986956
0.019805253354369216
0.01978590173385425
0.019777727407431864
0.019714421094629273
0.019689733705103619
0.019672512804632301
0.019665730088004287
0.019662869806300699
0.019662367685055488
0.019619978668007482
0.019610021448192787
0.01960260656494715
0.01958940430234743
0.01955181188601646
0.019544360636117367
0.019543480090493941
0.019542698080068806
0.019537642771565139
0.019508063457870751
0.019496347938430962
0.019491426270696312
0.019421721966597531
0.019417968038896154
0.019403696353013523
0.019378039101502206
0.019374738952401681
0.0193713605956921
0.019364436077617477
0.019341230181115169
0.019336492341678155
0.019333324867500216
0.019332967710902829
0.019327757321416519
0.019326979025477385
0.019312006891081535
0.019306335635498332
0.019289739318501455
0.019289251471385799
0.019251320697231008
0.019243353355481919
0.019197726122001855
0.019196814430506786
0.019153589555294306
0.019145501528797262
0.019093984445558179
0.019061853659437106
0.01903444855144101
0.019026169125704456
0.018991131553017258
0.018970189176252383
0.018949357456762395
0.018921661121830708
0.018910876098355584
0.018871154763959955
0.018870407901383633
0.018809012166887261
0.018775120674068894
0.018766296495868348
0.01870971191548251
0.018671882916609619
0.018610596599743411
0.018606810405977812
0.018596352188137412
0.018594832611141865
0.018589632482850556
0.018568838926007948
0.018561918690343782
0.018540651673793311
0.018522271079945019
0.018510138823441415
0.018502774686446614
0.01848614998405182
0.01847476311384609
0.018450992719028222
0.018432128385937555
0.01842981492204103
0.018424197658948625
0.018384655099582391
0.018384452736692321
0.01836874216718612
0.01831128594569471
0.01828617637818904
0.018267391231831052
0.018242521661130117
0.018228154946350755
0.018195756327221348
0.018189528267802985
0.018170385212489371
0.018169111104897762
0.018166626878868258
0.018149400110140046
0.018134373941572749
0.018110050105685914
0.018097415858146743
0.018096670468660304
0.018064647127542133
0.018045781831690318
0.018035474826073494
0.017950312869311459
0.01790561315564267
0.017891615028624443
0.017838921363749288
0.017799983445930225
0.017785221811324827
0.017759997018513642
0.017750147972325145
0.017702015807527449
0.017660949498936845
0.017641694886335726
0.017611543460075981
0.017609206661403011
0.01759787707707125
0.017588032747779519
0.017582084808944212
0.017564808853877265
0.017521610266421336
0.01750860591933872
0.017477846905034441
0.017473219046609808
0.017471576596468238
0.017456779094411474
0.017451412063961644
0.017415503494425135
0.017403895982215801
0.017400681091786233
0.017391532167967339
0.017355104062770858
0.017333277511704655
0.017313558625837513
0.01729849196779697
0.017288049127729885
0.017281787088266602
0.017280681862997055
0.017273333109003263
0.017248275346127211
0.0172138723089891
0.017207181252039627
0.017199420162887561
0.017197599185604411
0.017190897875137268
0.017173186072201845
0.017143580553960851
0.017134652467767592
0.017106878742212818
0.017080329087134249
0.01704580032873021
0.017043403768919833
0.017040657743015716
0.017029020479396331
0.01702334599752019
0.017018531260436256
0.017015395475732571
0.017000543034057423
0.016986711318789961
0.016980450578285605
0.016979155097061556
0.016961196878704995
0.01696019021995944
0.016940458777520696
0.016919928256063296
0.016901843917338285
0.016893058084145533
0.016888026691503098
0.016871524879392696
0.016866497323440553
0.01686571573225619
0.01684152658867422
0.016780764105557528
0.016723776937062666
0.016722874359560005
0.016722557466187594
0.016719847828795646
0.016689902016122998
0.016670598006198519
0.016663174040406115
0.016650694204216131
0.016633328485281387
0.016630470721136194
0.016629036958798228
0.016616530478454673
0.016614599526153174
0.016613629035005704
0.01661324905533999
0.016593383748136317
0.016588979134796202
0.016539187634785221
0.016523163236670319
0.016520353310096846
0.016503163324112863
0.016502025874656392
0.016485564836381163
0.016480231184480568
0.016471727045614917
0.016469373506544656
0.016445567015981908
0.016444290981919941
0.016428523327689352
0.016414878333466228
0.016407561792598467
0.016398119562297038
0.016393077854870139
0.016387383869652928
0.016378952162756647
0.016373111441299579
0.016369123628293708
0.016312732603788193
0.016294378522045863
0.016282006875523197
0.016245560343924468
0.01624341218269771
0.016216135471024885
0.016213357125424651
0.016210457401998449
0.016193664698026803
0.016175103086354191
0.016166126257547549
0.016152709677715538
0.016151714217531029
0.016130305495770391
0.016126617357445746
0.016092455183968065
0.01608861311559728
0.016041957483887228
0.016039772417158264
0.01600385799422822
0.016003203291892962
0.015976750666534475
0.015974231529129256
0.015962224824935124
0.01593953140686321
0.015936811223521179
0.015933390136748254
0.015923127539973044
0.015916275370422173
0.015900413514027555
0.015858474365002196
0.015851693227554541
0.015844757436848416
0.015802301543652125
0.015784907828184622
0.015766182758473024
0.015755942981575354
0.015754754001487129
0.015753419818983355
0.015740235051637987
0.015730837890186273
0.015729148966999978
0.015670527895821275
0.015668572658441366
0.015643007552582907
0.015633150943986027
0.01562816115060163
0.015589213590142079
0.015543157707398591
0.015518316694908954
0.015514802642394618
0.015497517362024276
0.015490083142933648
0.015477904186030643
0.015476630510737624
0.015433918848230857
0.015408352221363376
0.015374534702696844
0.015373436468596895
0.015372595907380042
0.015363480561631237
0.015339992706401689
0.015338752466326237
0.015338542885086391
0.015335337014104711
0.015313267229227446
0.015268525926167207
0.015260296725422964
0.015235093655322513
0.015233492287052215
0.015229556267460281
0.01522583421830917
0.015204246872788754
0.01517504947223549
0.015173675722080452
0.015148987216837472
0.015144408545189818
0.015141290368761448
0.01512895672237269
0.015098265427520702
0.015074596913389396
0.015072069632023804
0.01507096973002109
0.015043825696692601
0.014993440818096351
0.014983218581737789
0.014948025810813325
0.014927818968280059
0.014926524716625214
0.014919529931604079
0.014912025036781146
0.014906328146728636
0.014887904062155333
0.014887386540811261
0.014880473653377954
0.014873870291688003
0.014848624754670345
0.014837612923663862
0.01482431881719011
0.01482270162935675
0.014819026680722091
0.014818546110591227
0.014816611345489717
0.014774526155201351
0.014766380698225256
0.014739630649669346
0.014721636234219723
0.014707598110131713
0.014663148896308799
0.014657700202410298
0.014656203543638547
0.014652451743840774
0.014648364544805599
0.014640032448901788
0.014633997071195707
0.014605183823211918
0.014592041260166669
0.014559448168148392
0.014555089230992906
0.014545427591059477
0.014534634633796641
0.014532755634432102
0.014496832867497301
0.014476621001979183
0.014473196098677543
0.014464462255177751
0.014463687720342306
0.014402788129085953
0.0144020091279139
0.014385038632440382
0.014371976652002386
0.014354500533043147
0.014335018947102133
0.01432842104586919
0.014323905709700682
0.014318874554669778
0.014310267790499548
0.014294534196246565
0.014275542252856346
0.014272736674888478
0.014238219203933982
0.014235967682452479
0.014235754359194015
0.014222195569530015
0.014208672723113523
0.014188517826476378
0.01417550922084829
0.014174364237987729
0.014153027470001836
0.014152282144651862
0.014132356449283385
0.014131084714670169
0.014092710227889948
0.014091190834780434
0.014078125742168483
0.014072916491222397
0.014069858519617104
0.014067507780510895
0.014058683307994233
0.014057378430289445
0.014014954247662029
0.013992836132388465
0.013987275033909296
0.0139521544073521
0.013940433749794716
0.013933487629962759
0.013915924806623367
0.01391540332387437
0.013911180804423931
0.013881707345732946
0.013866339761295482
0.013864812008989424
0.013863724565704002
0.013861837702826788
0.013819816143574705
0.013815758554366536
0.01381445879128282
0.01381305658654477
0.013785900500909351
0.013773888122636356
0.013767599163750272
0.013766826073625631
0.013764627943230247
0.013746051129339017
0.013738633955577558
0.013727291588735365
0.013725575708846235
0.013722786473800132
0.013719267593719442
0.013684424651051002
0.013677006744481164
0.013641298029428935
0.01363826796679448
0.013625008677188976
0.0136214927633085
0.013615428589751255
0.013602088877258466
0.01357281602071682
0.013532685752811758
0.013532479324816844
0.013529647914070981
0.013527743224873694
0.013512550869000243
0.013505897588570036
0.013499216306308249
0.013462958293948703
0.013444155777113487
0.013440451484473382
0.013422814787545522
0.013412872568480408
0.013379942922556618
0.013375864107688692
0.013372746168997401
0.013346273584563794
0.013338421779967323
0.013332814380102078
0.013302753061107252
0.013278616124584046
0.013252171292430609
0.013237895687944725
0.013237421132978315
0.013234445951930443
0.013230641735106317
0.013225596171928828
0.013222301167664258
0.013214707804633866
0.013206449823238287
0.013204200380906223
0.013181871070445992
0.013173209681910726
0.013157024697785428
0.013150262235503172
0.013135036499806175
0.013126958711137617
0.013113033797653297
0.013107987006207553
0.013103589701995523
0.013102868732171721
0.013102685394220565
0.013098125585079879
0.013089852155550996
0.013087581619129212
0.013076545049204776
0.013075313235377506
0.013050206563414938
0.013043284284555078
0.013031478370398839
0.01302766739345879
0.013005091746548049
0.012908398735156349
0.012894218565058039
0.012886689762690938
0.012884616173888735
0.012866208005291493
0.012850029874032007
0.012844741026653551
0.012793084008908972
0.012782470653547016
0.012777774587806948
0.012776277265051728
0.012774925371167823
0.012770892982018774
0.012721992931587418
0.012704702165562005
0.012670958153204341
0.012662035322831618
0.012634027093098679
0.01261959446317476
0.012590483024502172
0.012581203558548195
0.01255078377666048
0.012545931180015431
0.012545066687104218
0.012542797555484989
0.01253687206692149
0.012523160495236045
0.012517108830948032
0.012515203909380523
0.012513182450448085
0.012510921898393996
0.012508241180334253
0.012506027111139609
0.012504445075284424
0.012497386654719266
0.012489111859242856
0.012479331381011713
0.01247186824631028
0.012469048625255136
0.01245623498209082
0.012452624991361998
0.012443258577295557
0.012439056984062006
0.01238127800978729
0.012371764295103106
0.012367686054911346
0.012366297687220302
0.012364698337418529
0.012363658420264451
0.012356391585116385
0.012342019572134892
0.012329986607331821
0.012322864245934925
0.01230567520907261
0.012301754997339438
0.01230088633146551
0.012290591638548532
0.012276115387556496
0.012256405602505585
0.012251625946584311
0.012231827630375149
0.012229863642407395
0.012229750797262521
0.012211897381740645
0.012199960219357641
0.012198770364174777
0.012182110845112098
0.012168739967884418
0.012154395144405531
0.012153768933422291
0.012153576461415799
0.012152203041481581
0.012144949529518693
0.012144483798663857
0.012140667090365874
0.012135341395834198
0.012125718486796238
0.012117899928495464
0.012103414714338692
0.012096455715695476
0.012086780675785844
0.01207248414268933
0.012070688191936052
0.012070013265776966
0.012058306862758781
0.012056112886520452
0.012049849011316878
0.012049397059611604
0.012036045917818374
0.012029938982359713
0.012014112914948329
0.012000586884796136
0.011981571037096879
0.011974160950600157
0.011963955964240495
0.011959732720432428
0.011952476181582983
0.011951062118553702
0.011945448911266057
0.011936287012744127
0.011925190163293532
0.011888414947700186
0.011874401135774129
0.011822014894440361
0.011804838312290082
0.01180190264345223
0.011794253513124077
0.011793200199551901
0.011790433043001395
0.011770801824142415
0.011761924282885102
0.011743890667939219
0.011726365850763476
0.01172212304622579
0.011695250134491301
0.011643198413218295
0.011642101509412668
0.011639497508313524
0.011634659837441377
0.01162698005726069
0.011622743918347842
0.011621862549189453
0.011617954631459449
0.011615572895214216
0.011608873182581747
0.011591218635674253
0.011590366671099007
0.011588031335330784
0.011580506713536273
0.011576531542941863
0.011570030683601712
0.011567549146544856
0.011563795433129055
0.011562858982142094
0.011561800677179372
0.01154642377486053
0.01154313479079821
0.011541480156389452
0.011532954072794737
0.011496161898924226
0.011489652039032898
0.01146185368232064
0.011455911980524843
0.011455874473805536
0.011453278454228367
0.011439026398824846
0.011436509960627207
0.011434553095070295
0.011430218484230738
0.011416883830502583
0.01140849982323555
0.011406166710538169
0.011390032840421501
0.011367950842561017
0.011367567912912012
0.011364943989598027
0.011363561861735485
0.011360901815921219
0.011355227497445577
0.011343252052107245
0.011338039602108432
0.011329778719116824
0.011311274100399457
0.011304142901549278
0.011291211145606894
0.011267747299576098
0.01126682562998902
0.011253115486455367
0.01124926277035093
0.011247554461494143
0.011236247634410531
0.011232986349944015
0.011228578934969346
0.01122301665456318
0.011201418722492449
0.011185619032529587
0.011175738446896824
0.011170854585739205
0.011167009318826566
0.011164091266567552
0.011152105508400503
0.011139471022076462
0.011118150338972291
0.011113559495261119
0.011107483117178614
0.011101668347333876
0.01109305575515537
0.011068718709297409
0.011030641772765396
0.011030593076210167
0.011014547632620756
0.01101415696564337
0.01100922479583636
0.011006445775616906
0.011005035365825899
0.010995592177846914
0.010984146438997313
0.010977409990281999
0.010949003436600694
0.010942386422425926
0.010936693784511843
0.010918380357158553
0.010911070048654822
0.010904139599342283
0.010894616392756499
0.010881052638756527
0.010879829223017915
0.010878755072026665
0.010870373659727744
0.010869128177977947
0.010841995780915272
0.010840804333067696
0.010831709808728093
0.010829147352052771
0.010827158122650461
0.010812288538553103
0.010796830171028438
0.010793121363182855
0.010791089828318669
0.010789672021000134
0.010785385046700353
0.010766185639158394
0.010761839589895732
0.010741149991168595
0.010734984962790708
0.010734973995782706
0.010726319894710776
0.01071338958606422
0.010683417912128753
0.010679169568948686
0.010647904127253272
0.010645995090998507
0.010629538618873299
0.010621588312200626
0.010617832792918598
0.01061231224800758
0.010607387277135585
0.01059858419905748
0.010591648146830397
0.010587476487691694
0.010586615189846936
0.010582051787907734
0.010572007284051057
0.010558304245639622
0.010555181306904079
0.010554565424085232
0.010536546462810563
0.010520185805215345
0.010509193282272896
0.010506402355115158
0.010497525205314688
0.010497511872821445
0.010487498362749065
0.010473638089880759
0.010455430254003029
0.010443717969073804
0.010426234221074328
0.010417871705990747
0.01041109403542575
0.010411039648939894
0.010408319195298315
0.010404488004454737
0.010399670010730548
0.010374515468017638
0.010368613200419222
0.010366478819569931
0.010339569556760833
0.010334864082993157
0.010331584575004212
0.010329876101812911
0.010326841392287183
0.010316964151157145
0.010314545157178827
0.01031339563207076
0.010294810534784319
0.010293895757101816
0.010291890623511999
0.010283287302030229
0.010278460209421794
0.010276447580151166
0.010276216119146534
0.010264677553431851
0.010262837906004947
0.010259696855633719
0.010253943583305399
0.010252389052309695
0.010236409361620704
0.010235315459589955
0.01022961028600943
0.010218918749433873
0.010218282627888023
0.010183509896414023
0.010179348701150951
0.010172845366260733
0.010171319789113162
0.010155346808478708
0.01015404206778747
0.010135093353233825
0.010121372469111944
0.010109503108383867
0.010104487288093602
0.010103627574096261
0.010096873972415961
0.010090514291332535
0.010077319611076494
0.010076563333906897
0.010072942177192633
0.010043743509773417
0.010039733189673801
0.010033075972075976
0.010024483457451744
0.010021293661671749
0.010009009376617176
0.010008252215503877
0.010006903790006863
0.010005211160043114
0.0099912117998920882
0.0099900759063399954
0.0099751168405895208
0.0099457007377428009
0.0099307688592519261
0.0099074153565796869
0.0099034410190061064
0.0098938945937442381
0.0098913760138564198
0.0098852702919535688
0.0098843766757796877
0.0098816158039452678
0.0098748052618927457
0.009864808157508129
0.0098623394495310889
0.0098570277566371739
0.0098567860091169635
0.0098491331862466044
0.0098478414626564821
0.0098468167114216399
0.0098382554034983378
0.0098246189566624197
0.0098211835308331958
0.0098155865579938988
0.0097818511469984337
0.0097763763562559031
0.0097666424367403772
0.009762010291735854
0.009761681397019651
0.0097591521581797298
0.0097357870485186397
0.0097309899833244798
0.0097229609340098722
0.009707234193774901
0.0097041989240470427
0.0096923517179179526
0.0096923411487154394
0.0096481764515860702
0.0096479694012306539
0.0096406434244322384
0.0095988498855739662
0.0095855847599484525
0.0095814328644595916
0.0095722002754770139
0.0095716509177408999
0.009566779849010958
0.0095665019872447962
0.0095618328415516384
0.0095517792770596077
0.0095507335161742167
0.0095477585338594358
0.0095459803050949588
0.0095372456185759385
0.009520431314141313
0.0095003156156493913
