; Top Design: "WMAN_WiBro_lib:WiBro_UL_VSA:schematic"
; Netlisted using Hierarchy Policy: "Standard"

Options ResourceUsage=yes UseNutmegFormat=no EnableOptim=no TopDesignName="WMAN_WiBro_lib:WiBro_UL_VSA:schematic" DcopOutputNodeVoltages=yes DcopOutputPinCurrents=yes DcopOutputAllSweepPoints=no DcopOutputDcopType=0
; Library Name: WMAN
; Cell Name: WMAN_M_PDU_CRC
; View Name: schematic
define WMAN_M_PDU_CRC ( N__4  N__7 ) 
parameters  CRC32_Mode=0  MessageLength=240  CRCLength=32 
_vKeysightEEsof_dHOF_nIfElse_lhofstars:I1  N__4 N__1 N__3 N__2 N__0 N__3 Condition=int (CRC32_Mode) 
_vKeysightEEsof_dSDF_nReverse_lsdfstars:R5  N__2 N__1 N=8 
_vKeysightEEsof_dSDF_nReverse_lsdfstars:R6  N__6 N__5 N=8 
_vKeysightEEsof_dHOF_nIfElse_lhofstars:I2  N__9 N__5 N__8 N__6 N__7 N__8 Condition=int (CRC32_Mode) 
_v_dSDF_nWMAN_x5fM_x5fCRC_x5fCoder_lsdfwman_x5fmstars:W9  N__0 N__9 ParityPosition=0 ReverseData=0 ReverseParity=0 ComplementParity=1 MessageLength=MessageLength CRCLength=CRCLength InitialState="1 1 1 1 1 1 1 1 1 1 1 1 1 1 1 1 1 1 1 1 1 1 1 1 1 1 1 1 1 1 1 1 1" Polynomial="1 0 0 0 0 0 1 0 0 1 1 0 0 0 0 0 1 0 0 0 1 1 1 0 1 1 0 1 1 0 1 1 1" 
end WMAN_M_PDU_CRC

; Library Name: Numeric
; Cell Name: Bits
; View Name: schematic
define Bits ( N__3 ) 
parameters  Type=0  ProbOfZero=0.5  LFSR_Length=12  LFSR_InitState=1 
_vKeysightEEsof_dSDF_nImpulseFloat_lsdfstars:R1  N__0 Level=1.0 Period=2 Delay=1 
_vKeysightEEsof_dHOF_nBus_lhofstars:B1  N__2 N__1 BusWidth=1 
_vKeysightEEsof_dHOF_nBus_lhofstars:B3  N__4 N__3 BusWidth=1 
_vKeysightEEsof_dHOF_nIfElse_lhofstars:I6  N__9 N__5 N__7 N__6 N__4 N__8 Condition=int( Type ) 
_vKeysightEEsof_dHOF_nBus_lhofstars:B2  N__10 N__9 BusWidth=1 
_vKeysightEEsof_dHOF_nIfElse_lhofstars:I4  N__14 N__0 N__12 N__11 N__2 N__13 Condition=int( Type ) 
_vKeysightEEsof_dSDF_nLFSR_lsdfomnistars:L1  N__16 N__15 Seed="LFSR_Seed" FeedbackList="List" 
_vKeysightEEsof_dHOF_nIfElse_lhofstars:I5  N__1 N__15 N__17 N__16 N__10 N__18 Condition=int( Type ) 
_vKeysightEEsof_dSDF_nIID_x5fUniform_lsdfstars:I7  N__12 Lower=0.0 Upper=1.0 
_vKeysightEEsof_dSDF_nFloatToInt_lsdfstars:F14  N__8 N__7 
_vKeysightEEsof_dSDF_nQuant_lsdfstars:Q14  N__18 N__17 Thresholds="Thresholds" Levels="" 
_vKeysightEEsof_dSDF_nDownSample_lsdfstars:D1  N__6 N__5 Factor=2 Phase=1 

Thresholds=if ( ProbOfZero <= 0 ) then "-1.0" elseif ( ProbOfZero >= 1 ) then "2.0" else "ProbOfZero" endif

L=if ( ( LFSR_Length > 1 ) && ( LFSR_Length < 32 ) ) then LFSR_Length else 12 endif
LFSR_Seed=if ( ( LFSR_InitState > 0 ) && ( LFSR_InitState < 2**L ) ) then LFSR_InitState else 1 endif
List=if (L<=9) then List1 elseif (L<=17) then List2 elseif (L<=25) then List3 else List4 endif
List1=if (L==2) then L2 elseif (L==3) then L3 elseif (L==4) then L4 elseif (L==5) then L5 elseif (L==6) then L6 elseif (L==7) then L7 elseif (L==8) then L8 else L9 endif
List2=if (L==10) then L10 elseif (L==11) then L11 elseif (L==12) then L12 elseif (L==13) then L13 elseif (L==14) then L14 elseif (L==15) then L15 elseif (L==16) then L16 else L17 endif
List3=if (L==18) then L18 elseif (L==19) then L19 elseif (L==20) then L20 elseif (L==21) then L21 elseif (L==22) then L22 elseif (L==23) then L23 elseif (L==24) then L24 else L25 endif
List4=if (L==26) then L26 elseif (L==27) then L27 elseif (L==28) then L28 elseif (L==29) then L29 elseif (L==30) then L30 else L31 endif
List5=if (L==2) then L2 elseif (L==3) then L3 elseif (L==4) then L4 elseif (L==5) then L5 elseif (L==6) then L6 elseif (L==7) then L7 elseif (L==8) then L8 elseif (L==9) then L9 elseif (L==10) then L10 elseif (L==11) then L11 elseif (L==12) then L12 elseif (L==13) then L13 elseif (L==14) then L14 elseif (L==15) then L15 elseif (L==16) then L16 elseif (L==17) then L17 elseif (L==18) then L18 elseif (L==19) then L19 elseif (L==20) then L20 elseif (L==21) then L21 elseif (L==22) then L22 elseif (L==23) then L23 elseif (L==24) then L24 elseif (L==25) then L25 elseif (L==26) then L26 elseif (L==27) then L27 elseif (L==28) then L28 elseif (L==29) then L29 elseif (L==30) then L30 else L31 endif

L2="2 1"
L3="3 1"
L4="4 1"
L5="5 2"
L6="6 1"
L7="7 1"
L8="8 5 3 1"

L9="9 4"
L10="10 3"
L11="11 7 3 2"
L12="12 6 4 1"
L13="13 4 3 1"
L14="14 12 2 1"
L15="15 1"

L16="16 12 3 1"
L17="17 3"
L18="18 7"
L19="19 5 2 1"
L20="20 3"
L21="21 2"
L22="22 1"

L23="23 5"
L24="24 7 2"
L25="25 3"
L26="26 6 2 1"
L27="27 5 2 1"
L28="28 3"
L29="29 2"
L30="30 23 2 1"
L31="31 3"
end Bits

; Library Name: WMAN
; Cell Name: WMAN_M_MACPDU
; View Name: schematic
define WMAN_M_MACPDU ( N__5  N__1  N__7 ) 
parameters  CRC32_Mode=0  DataLength=100  CID=0  AutoMACHeaderSetting=0  HT=0  EC=0 
_vKeysightEEsof_dHOF_nNop_lhofstars_pinput_x3d2_aBusMerge2:BusMerge  N__2 N__1 N__0 
_vKeysightEEsof_dSDF_nAsyncCommutator_lsdfstars:AsyncCommutator  N__0 N__3 BlockSizes={ 6*8, DataLength*8 } 
_vKeysightEEsof_dSDF_nMux_lsdfstars_pinput_x3d2_aMux2:Mux2  N__4 N__5 N__6 N__2 BlockSize=1 
_vKeysightEEsof_dSDF_nConstInt_lsdfstars:ConstInt  N__4 Level=AutoMACHeaderSetting 
_vKeysightEEsof_dSDF_nWMAN_x5fM_x5fMACHeader_lsdfwman_x5fmstars:W8  N__6 DataLength=DataLength CID=CID HT=HT EC=EC 
WMAN_M_PDU_CRC:W10  N__3 N__7 CRC32_Mode=CRC32_Mode MessageLength=(DataLength+6)*8 CRCLength=4*8 
end WMAN_M_MACPDU

; Library Name: WMAN
; Cell Name: WMAN_M_UL_FEC
; View Name: schematic
define WMAN_M_UL_FEC ( N__1  N__7 ) 
parameters  BurstAssignedSlot=2  CodingType=0  Rate_ID=1  RepetitionCoding=0  STC_Encoder=0  STC_Matrix=0  DataLength=8  HARQ_Enable=0 
_vKeysightEEsof_dSDF_nWMAN_x5fM_x5fUL_x5fRandomizer_lsdfwman_x5fmstars:Randomizer  N__1 N__0 BurstAssignedSlot=BurstAssignedSlot CodingType=CodingType Rate_ID=Rate_ID RepetitionCoding=RepetitionCoding STC_Encoder=STC_Encoder STC_Matrix=STC_Matrix DataLength=DataLength HARQ_Enable=HARQ_Enable 
_vKeysightEEsof_dHOF_nIfElse_lhofstars:I1  N__0 N__3 N__5 N__4 N__2 N__6 Condition=int (CodingType) 
_vKeysightEEsof_dSDF_nWMAN_x5fM_x5fUL_x5fRepetition_lsdfwman_x5fmstars:Repetition  N__2 N__7 BurstAssignedSlot=BurstAssignedSlot CodingType=CodingType Rate_ID=Rate_ID RepetitionCoding=RepetitionCoding STC_Encoder=STC_Encoder STC_Matrix=STC_Matrix 
_vKeysightEEsof_dSDF_nWMAN_x5fM_x5fUL_x5fCTC_lsdfwman_x5fmstars:CTC  N__4 N__3 BurstAssignedSlot=BurstAssignedSlot Rate_ID=Rate_ID RepetitionCoding=RepetitionCoding STC_Encoder=STC_Encoder STC_Matrix=STC_Matrix 
_vKeysightEEsof_dSDF_nWMAN_x5fM_x5fUL_x5fCC_lsdfwman_x5fmstars:CC  N__6 N__8 BurstAssignedSlot=BurstAssignedSlot Rate_ID=Rate_ID RepetitionCoding=RepetitionCoding STC_Encoder=STC_Encoder STC_Matrix=STC_Matrix 
_vKeysightEEsof_dSDF_nWMAN_x5fM_x5fUL_x5fInterleaver_lsdfwman_x5fmstars:Interleaver  N__8 N__5 BurstAssignedSlot=BurstAssignedSlot Rate_ID=Rate_ID RepetitionCoding=RepetitionCoding STC_Encoder=STC_Encoder STC_Matrix=STC_Matrix 
end WMAN_M_UL_FEC

; Library Name: WMAN_16e
; Cell Name: WMAN_M_UL_RangingGuard
; View Name: schematic
define WMAN_M_UL_RangingGuard ( To_AddGuard  After_AddGuard ) 
parameters  Bandwidth=3.5 MHz  OversamplingOption=1  FFTSize=1  CyclicPrefix=0.125  FrameMode=0  DL_Ratio=0.5  FrameDuration=5  IdleInterval=0 usec  ZoneNumOfSym=24  RangingMethod=0  RangingAllocation={0,0,3,6}  RangingTimingOffset=0 usec 
_vKeysightEEsof_dSDF_nChop_lsdfstars:RestoreEntireFrame  N__1 After_AddGuard nRead=RangingAllocation[3]*int(FFTLen*(1+CyclicPrefix)) nWrite=IdleSize+FrameSample Offset=IdleSize+UL_FrameOffset+RangingAllocation[1]*int(FFTLen*(1+CyclicPrefix))+TimingOffsetInSamples UsePastInputs=0 
_vKeysightEEsof_dSDF_nChop_lsdfstars:RemoveEmptySymbols  N__3 N__2 nRead=RangingNumOfSyms*FFTLen nWrite=(RangingNumOfSyms-EmptySyms)*FFTLen Offset=0 UsePastInputs=0 
_vKeysightEEsof_dHOF_nIfElse_lhofstars:I1  N__7 N__4 N__5 N__3 N__1 N__6 Condition=Condition 
_vKeysightEEsof_dSDF_nConst_lsdfstars:C19  N__8 Level=1.0 
_vKeysightEEsof_dSDF_nConst_lsdfstars:C17  N__9 Level=1.0 
_vKeysightEEsof_dSDF_nConst_lsdfstars:C16  N__10 Level=1.0 
_vKeysightEEsof_dSDF_nDistributor_lsdfstars_poutput_x3d2_aDistributor2:D2  N__2 N__12 N__11 BlockSize=FFTLen 
_vKeysightEEsof_dSDF_nCommutator_lsdfstars_pinput_x3d2_aCommutator2:C18  N__15 N__14 N__13 BlockSize=int(FFTLen*(1+CyclicPrefix)) 
_vKeysightEEsof_dSDF_nChop_lsdfstars:GetRangingSymbols  To_AddGuard N__7 nRead=ZoneNumOfSym*FFTLen nWrite=RangingAllocation[3]*FFTLen Offset=-RangingAllocation[1]*FFTLen UsePastInputs=0 
_vKeysightEEsof_dSDF_nChop_lsdfstars:RestoreEmptySymbols  N__13 N__4 nRead=(RangingNumOfSyms-EmptySyms)*int(FFTLen*(1+CyclicPrefix)) nWrite=RangingNumOfSyms*int(FFTLen*(1+CyclicPrefix)) Offset=0 UsePastInputs=0 
_vKeysightEEsof_dSDF_nAddGuard_lsdfadvcommstars:AddPostGuard  N__11 N__9 N__14 IFFTSize=FFTLen PreGuard=0 PostGuard=int(FFTLen*CyclicPrefix) Intersection=0 
_vKeysightEEsof_dSDF_nAddGuard_lsdfadvcommstars:AddPreGuard1  N__12 N__10 N__15 IFFTSize=FFTLen PreGuard=int(FFTLen*CyclicPrefix) PostGuard=0 Intersection=0 
_vKeysightEEsof_dSDF_nAddGuard_lsdfadvcommstars:AddPreGuard2  N__6 N__8 N__5 IFFTSize=FFTLen PreGuard=int(FFTLen*CyclicPrefix) PostGuard=0 Intersection=0 

MethodMapTable={1,1,0,0,0,0,1,1}
SymsPerOppTable={2,4,1,3,1,3,2,4}
RangingNumOfSyms=RangingAllocation[3]
Condition=MethodMapTable[int(RangingMethod)+1]
SymsPerOpp=SymsPerOppTable[int(RangingMethod)+1]
EmptySyms=fmod(RangingNumOfSyms,SymsPerOpp)
FFTLen =2^FFTOrder
FFTOrder =if(FFTSize==0) then 11+int(OversamplingOption) elseif(FFTSize==1) then 10+int(OversamplingOption) else 9+int(OversamplingOption) endif
n_num=if(0==fmod(int(Bandwidth),1750000)) then 8 elseif(0==fmod(int(Bandwidth),1500000)) then 28 elseif(0==fmod(int(Bandwidth),1250000)) then 28 elseif(0==fmod(int(Bandwidth),2750000)) then 28 elseif(0==fmod(int(Bandwidth),2000000)) then 28 else 8 endif
n_den=if(0==fmod(int(Bandwidth),1750000)) then 7 elseif(0==fmod(int(Bandwidth),1500000)) then 25 elseif(0==fmod(int(Bandwidth),1250000)) then 25 elseif(0==fmod(int(Bandwidth),2750000)) then 25 elseif(0==fmod(int(Bandwidth),2000000)) then 25 else 7 endif
SamplingRate=floor(Bandwidth*n_num/(n_den*8000))*8000*2^int(OversamplingOption)
FrameDur_Table={2ms, 2.5 ms, 4 ms, 5 ms, 8 ms, 10 ms, 12.5 ms, 20 ms}
TimingOffsetInSamples=int(RangingTimingOffset*SamplingRate)
IdleSize=int(IdleInterval * SamplingRate)
FrameSample=int(FrameDur_Table[int(FrameDuration)+1]*SamplingRate)
UL_FrameOffset=if(FrameMode==0) then 0 else int(FrameSample*DL_Ratio) endif
end WMAN_M_UL_RangingGuard

; Library Name: Timed
; Cell Name: RF_Modulator
; View Name: schematic
define RF_Modulator ( N__2  N__0  N__10 ) 
parameters  ROut=DefaultROut  RTemp=DefaultRTemp  FCarrier=1900 MHz  Power=0.01 W  VRef=1 V  SamplingRate=25e3  MirrorSpectrum=0  GainImbalance=0.0  PhaseImbalance=0.0  I_OriginOffset=0.0  Q_OriginOffset=0.0  IQ_Rotation=0.0 
_vKeysightEEsof_dSDF_nGain_lsdfstars:G5  N__0 N__3 Gain=Q_Gain 
_vKeysightEEsof_dTSDF_nFloatToTimed_ltsdfstars:F2  N__3 N__4 TStep=TStep 
_vKeysightEEsof_dSDF_nGain_lsdfstars:G6  N__2 N__5 Gain=I_Gain 
_vKeysightEEsof_dTSDF_nFloatToTimed_ltsdfstars:F1  N__5 N__6 TStep=TStep 
_vKeysightEEsof_dTSDF_n_x5fQAM_x5fMod_ltsdfstars:Q1  N__6 N__4 N__7 RIn=50.0 Ohm ROut=ROut Ohm RTemp=-273.15 FCarrier=FCarrier Hz Power=Power W VRef=4*VRef Phase=0 GainImbalance=GainImbalance PhaseImbalance=PhaseImbalance 
_vKeysightEEsof_dTSDF_n_x5fPhaseShiftRF_ltsdfstars:P1  N__7 N__8 RIn=ROut Ohm ROut=ROut Ohm RTemp=-273.15 PhaseShift=IQ_Rotation 
_vKeysightEEsof_dTSDF_nConstTimed_ltsdfstars:C3  N__9 TStep=TStep FCarrier=FCarrier Hz Value=Offset 
R:R2  N__1 N__10 R=ROut Temp=RTemp 

I_Gain=1
Q_Gain=if ( MirrorSpectrum == 0 ) then I_Gain else ( -I_Gain ) endif
Offset=( I_OriginOffset + j * Q_OriginOffset ) * sqrt( 2 * ROut * Power ) / 100
TStep=1 / SamplingRate
_vKeysightEEsof_dTSDF_n_x5fSummerRF_ltsdfstars:S1  N__9 N__8 N__1 RIn=ROut Ohm ROut=ROut Ohm RTemp=-273.15 FcOut=2 
end RF_Modulator

; Library Name: WMAN
; Cell Name: WMAN_M_DataPattern
; View Name: schematic
define WMAN_M_DataPattern ( N__3 ) 
parameters  Pattern=0  DataLength=100 
_vKeysightEEsof_dSDF_nWaveForm_lsdfstars:S_Modulation  N__0 Value=PatternType2 ControlSimulation=0 Periodic=1 Period=0 
_vKeysightEEsof_dSDF_nDataPattern_lsdfdspstars:DataPattern  N__1 DataPattern=PatternType1 
_vKeysightEEsof_dSDF_nConstInt_lsdfstars:ConstInt  N__2 Level=Control 
_vKeysightEEsof_dSDF_nMux_lsdfstars_pinput_x3d2_aMux2:Mux2  N__2 N__4 N__1 N__3 BlockSize=1 
_vKeysightEEsof_dSDF_nIntToBits_lsdfstars:IntToBits  N__5 N__4 nBits=8 
_vKeysightEEsof_dSDF_nChop_lsdfstars:C1  N__0 N__5 nRead=BeforeChop nWrite=AfterChop Offset=0 UsePastInputs=0 

UnitLength=if (Control==1) then 1 else if (Pattern==8) then 4 else if (Pattern==9) then 8 else 48 endif endif endif
BeforeChop=ceil(DataLength*1.0/UnitLength)*UnitLength
AfterChop=DataLength

Control=if (Pattern<8) then 1 else 0 endif
PatternType1 = if (1==Control) then Pattern else 0 endif
PatternType2 = if (0==Control) then if (8==Pattern) then SQPSK else if (9==Pattern) then S16QAM else S64QAM endif endif else SQPSK endif

SQPSK={0xE4, 0xB1, 0xE1, 0xB4}
S16QAM={0xA8, 0x20, 0xB9, 0x31, 0xEC, 0x64, 0xFD, 0x75}
S64QAM={0xB6, 0x93, 0x49, 0xB2, 0x83, 0x08, 0x96, 0x11, 0x41, 0x92, 0x01, 0x00,0xBA, 0xA3, 0x8A, 0x9A, 0x21, 0x82, 0xD7, 0x15, 0x51, 0xD3, 0x05,0x10, 0xDB, 0x25, 0x92, 0xF7, 0x97, 0x59, 0xF3, 0x87, 0x18, 0xBE,0xB3, 0xCB, 0x9E, 0x31, 0xC3, 0xDF, 0x35, 0xD3, 0xFB, 0xA7,0x9A, 0xFF, 0xB7, 0xDB}
end WMAN_M_DataPattern

; Library Name: WMAN_16e
; Cell Name: WMAN_M_UL_Src_Ranging
; View Name: schematic
define WMAN_M_UL_Src_Ranging ( N__76  N__70  N__78  N__2  N__1  N__74  N__75 ) 
parameters  Bandwidth=10 MHz  OversamplingOption=1  FFTSize=1  CyclicPrefix=0.125  FrameMode=1  DL_Ratio=0.5  FrameDuration=3  IdleInterval=0 usec  PreambleIndex=3  FrameNumber=0  FrameIncreased=0  UL_PermBase=0  AutoMACHeaderSetting=1  MAC_Header={0XA2, 0X48, 0X22, 0X4F, 0X93, 0X0E}  CRC32_Mode=0  ZoneType=0  ZoneNumOfSym=24  ZoneSymOffset=0  SubchannelRotation=1  NumberOfBurst=1  BurstWithFEC=1  BurstSymOffset={3}  BurstSubchOffset={0}  BurstAssignedSlot={96}  DataLength={300}  CodingType={0}  Rate_ID={3}  RepetitionCoding={0}  BurstPowerOffset={0}  RangingEnable=0  RangingMethod=0  RangingAllocation={0,29,3,6}  RangingCodeChosen={0}  RangingSlotChosen=0  RangingPowerOffset=0  RangingTimingOffset=0 usec  FastFeedBackEnable=0  FastFeedBackType=0  FastFeedBackAllocation={3,28,12,7}  FastFeedBackCodeChosen={0}  FastFeedBackSlotChosen=0  FastFeedBackPowerOffset=0  HARQ_ACK_Enable=0  HARQ_ACK_Allocation={0,25,3,4}  HARQ_ACK_CodeChosen={1}  HARQ_ACK_SlotChosen=0  HARQ_ACK_PowerOffset=0  PowerType=1  HARQ_Enable=0 
_vKeysightEEsof_dSDF_nConstInt_lsdfstars:Ranging_Pilots  N__0 Level=0 
WMAN_M_UL_FEC:WMAN_M_UL_FEC  N__2 N__3 BurstAssignedSlot=BurstAssignedSlot[BurstWithFEC] CodingType=CodingType[BurstWithFEC] Rate_ID=Rate_ID[BurstWithFEC] RepetitionCoding=RepetitionCoding[BurstWithFEC] STC_Encoder=0 STC_Matrix=0 DataLength=DataLength[BurstWithFEC] HARQ_Enable=HARQ_Enable 
_vKeysightEEsof_dHOF_nNop_lhofstars_pinput_x3d4_aBusMerge4:MergeFrame  N__10 N__9 N__8 N__7 N__5 
_vKeysightEEsof_dHOF_nNop_lhofstars_pinput_x3d3_aBusMerge3:Merge_Data_FFB_HARQ  N__14 N__13 N__12 N__11 
_vKeysightEEsof_dSDF_nGainCx_lsdfstars:G3  N__16 N__15 Gain=(2^FFTOrder)/sqrt(1.0*UsedCarriers) 
_vKeysightEEsof_dHOF_nNop_lhofstars_pinput_x3d2_aBusMerge2:MergeRanging  N__18 N__4 N__17 
_vKeysightEEsof_dSDF_nAddCx_lsdfstars:A2  N__17 N__16 
_vKeysightEEsof_dSDF_nLoadIFFTBuff802_lsdfadvcommstars:UL_BurstLoadFFT1  N__20 N__19 Carriers=UsedCarriers DCCarrier=0 DCPilotValue=1.333333+j*0.0 FullSubcarriers=1 SubcarrierList={-21, -7, 7, 21} Order=FFTOrder 
_vKeysightEEsof_dSDF_nFFT_x5fCx_lsdfdspstars:UL_BurstFFT1  N__19 N__6 Order=FFTOrder Size=FFTLen Direction=0 
_vKeysightEEsof_dSDF_nLoadIFFTBuff802_lsdfadvcommstars:UL_BurstLoadFFT2  N__22 N__21 Carriers=UsedCarriers DCCarrier=0 DCPilotValue=1.333333+j*0.0 FullSubcarriers=1 SubcarrierList={-21, -7, 7, 21} Order=FFTOrder 
_vKeysightEEsof_dSDF_nConstCx_lsdfstars:FrameTail  N__7 Real=0.0 Imag=0.0 
_vKeysightEEsof_dSDF_nConstCx_lsdfstars:DL_inTDD  N__9 Real=0.0 Imag=0.0 
_vKeysightEEsof_dSDF_nConstCx_lsdfstars:IdleData  N__10 Real=0.0 Imag=0.0 
_vKeysightEEsof_dSDF_nAddCx_lsdfstars:A1  N__11 N__8 
Bits:B1  N__23 Type=0 ProbOfZero=0.5 LFSR_Length=12 LFSR_InitState=1 
_vKeysightEEsof_dSDF_nConst_lsdfstars:C9  N__24 Level=1.0 
_vKeysightEEsof_dSDF_nGainCx_lsdfstars:GainMapping  N__26 N__25 Gain=MappingGain 
_vKeysightEEsof_dSDF_nWaveForm_lsdfstars:MAC_Header  N__27 Value=MAC_Header ControlSimulation=0 Periodic=1 Period=0 
_vKeysightEEsof_dSDF_nBitsToInt_lsdfstars:BitsToInt  N__3 N__28 nBits=ModBits 
_vKeysightEEsof_dSDF_nTableCx_lsdfstars:TableMapping  N__28 N__26 Values=MappingTable 
_vKeysightEEsof_dSDF_nIntToBits_lsdfstars:MAC_Header_ToBits  N__27 N__29 nBits=8 
_vKeysightEEsof_dSDF_nLoadIFFTBuff802_lsdfadvcommstars:UL_BurstLoadFFT  N__31 N__30 Carriers=UsedCarriers DCCarrier=0 DCPilotValue=1.333333+j*0.0 FullSubcarriers=1 SubcarrierList={-21, -7, 7, 21} Order=FFTOrder 
_vKeysightEEsof_dSDF_nAddGuard_lsdfadvcommstars:UL_BurstAddGuard1  N__32 N__24 N__12 IFFTSize=FFTLen PreGuard=int(FFTLen*GI) PostGuard=0 Intersection=0 
_vKeysightEEsof_dSDF_nFFT_x5fCx_lsdfdspstars:UL_BurstFFT  N__30 N__32 Order=FFTOrder Size=FFTLen Direction=0 
_vKeysightEEsof_dHOF_nIfElse_lhofstars:FFB_Enable  N__37 N__33 N__35 N__34 N__13 N__36 Condition=int(FastFeedBackEnable) 
_vKeysightEEsof_dHOF_nNop_lhofstars_pinput_x3d2_aBusMerge2:FFB_BusMerge2  FFB_Pos FFB_Pilot N__37 
_vKeysightEEsof_dHOF_nNop_lhofstars_poutput_x3d2_aBusSplit2:B3  N__34 N__41 N__40 
_vKeysightEEsof_dSDF_nConst_lsdfstars:C14  N__42 Level=1.0 
_vKeysightEEsof_dSDF_nFFT_x5fCx_lsdfdspstars:UL_BurstFFT2  N__21 N__43 Order=FFTOrder Size=FFTLen Direction=0 
_vKeysightEEsof_dSDF_nAddGuard_lsdfadvcommstars:UL_BurstAddGuard3  N__43 N__42 N__33 IFFTSize=FFTLen PreGuard=int(FFTLen*GI) PostGuard=0 Intersection=0 
_vKeysightEEsof_dSDF_nAddGuard_lsdfadvcommstars:UL_BurstAddGuard4  N__46 N__45 N__44 IFFTSize=FFTLen PreGuard=int(FFTLen*GI) PostGuard=0 Intersection=0 
_vKeysightEEsof_dSDF_nFFT_x5fCx_lsdfdspstars:UL_BurstFFT3  N__47 N__46 Order=FFTOrder Size=FFTLen Direction=0 
_vKeysightEEsof_dSDF_nConst_lsdfstars:C15  N__45 Level=1.0 
_vKeysightEEsof_dHOF_nNop_lhofstars_poutput_x3d2_aBusSplit2:B4  N__50 N__49 N__48 
_vKeysightEEsof_dSDF_nLoadIFFTBuff802_lsdfadvcommstars:UL_BurstLoadFFT3  N__51 N__47 Carriers=UsedCarriers DCCarrier=0 DCPilotValue=1.333333+j*0.0 FullSubcarriers=1 SubcarrierList={-21, -7, 7, 21} Order=FFTOrder 
_vKeysightEEsof_dHOF_nNop_lhofstars_pinput_x3d2_aBusMerge2:FFB_BusMerge3  HARQ_ACK_Pos HARQ_ACK_Pilot N__52 
_vKeysightEEsof_dHOF_nIfElse_lhofstars:HARQ_ACK_Enable  N__52 N__44 N__55 N__50 N__14 N__56 Condition=int(HARQ_ACK_Enable) 
_vKeysightEEsof_dSDF_nConstCx_lsdfstars:FFB_Null  N__35 Real=0.0 Imag=0.0 
_vKeysightEEsof_dSDF_nConstCx_lsdfstars:HARQ_ACK_Null  N__55 Real=0.0 Imag=0.0 
_vKeysightEEsof_dSDF_nConstCx_lsdfstars:Ranging_Null  N__57 Real=0.0 Imag=0.0 
_vKeysightEEsof_dHOF_nIfElse_lhofstars:RangingEnable  Ranging_Pos N__58 N__57 N__59 N__18 N__60 Condition=int(RangingEnable) 
_vKeysightEEsof_dSDF_nWaveForm_lsdfstars:RangingCode  N__62 Value=RangingCodeChosen ControlSimulation=0 Periodic=1 Period=0 
_vKeysightEEsof_dSDF_nWaveForm_lsdfstars:HARQACKCode  N__63 Value=HARQ_ACK_CodeChosen ControlSimulation=0 Periodic=1 Period=0 
_vKeysightEEsof_dSDF_nWaveForm_lsdfstars:FFBCode  N__64 Value=FastFeedBackCodeChosen ControlSimulation=0 Periodic=1 Period=0 
_vKeysightEEsof_dSDF_nWMAN_x5fM_x5fUL_x5fSrc_x5fRanging_x5fRangeCheck_lsdfwman_x5fmstars:RangeCheck  
_vKeysightEEsof_dSDF_nWMAN_x5fM_x5fUL_x5fMuxOFDMSym_lsdfwman_x5fmstars:HARQ_ACK_MuxOFDMSym  N__66 N__49 N__48 N__65 FFTSize=FFTSize ZoneType=ZoneType ZoneNumOfSym=ZoneNumOfSym AMC_Mode=2 NumberOfBurst=1 BurstSymOffset=HARQ_ACK_SymOffset BurstSubchOffset=HARQ_ACK_SubchOffset BurstAssignedSlot=HARQ_ACK_AssignedSlot BurstPowerOffset=HARQ_ACK_PowerOffset RangingBurst=0 FFB_ACK_Burst=1 
_vKeysightEEsof_dSDF_nWMAN_x5fM_x5fUL_x5fMuxOFDMSym_lsdfwman_x5fmstars:FastFeedBack_MuxOFDMSym  N__68 N__41 N__40 N__67 FFTSize=FFTSize ZoneType=ZoneType ZoneNumOfSym=ZoneNumOfSym AMC_Mode=2 NumberOfBurst=1 BurstSymOffset=FastFeedBackSymOffset BurstSubchOffset=FastFeedBackSubchOffset BurstAssignedSlot=FastFeedBackAssignedSlot BurstPowerOffset=FastFeedBackPowerOffset RangingBurst=0 FFB_ACK_Burst=1 
_vKeysightEEsof_dSDF_nWMAN_x5fM_x5fUL_x5fPowerAdjust_lsdfwman_x5fmstars:W6  N__15 N__69 FFTSize=FFTSize ZoneType=ZoneType ZoneNumOfSym=ZoneNumOfSym AMC_Mode=2 NumberOfBurst=NumberOfBurst BurstSymOffset=BurstSymOffset BurstSubchOffset=BurstSubchOffset BurstAssignedSlot=BurstAssignedSlot BurstPowerOffset=BurstPowerOffset RangingEnable=RangingEnable RangingAllocation=RangingAllocation RangingPowerOffset=RangingPowerOffset FastFeedBackEnable=FastFeedBackEnable FastFeedBackAllocation=FastFeedBackAllocation FastFeedBackPowerOffset=FastFeedBackPowerOffset HARQ_ACK_Enable=HARQ_ACK_Enable HARQ_ACK_Allocation=HARQ_ACK_Allocation HARQ_ACK_PowerOffset=HARQ_ACK_PowerOffset FrameLength=FrameSample+IdleSize PowerType=PowerType 
_vKeysightEEsof_dSDF_nWMAN_x5fM_x5fSymWindow_lsdfwman_x5fmstars:W5  N__69 N__70 Direction=1 Bandwidth=Bandwidth OversamplingOption=OversamplingOption FFTSize=FFTSize CyclicPrefix=CyclicPrefix IdleInterval=IdleInterval FrameMode=FrameMode DL_Ratio=DL_Ratio FrameDuration=FrameDuration ZoneType=ZoneType ZoneNumOfSym=ZoneNumOfSym ULMAP_Enable=0 WindowLength=16 FDD_Enable=0 ActiveDLSubframe=0 DL1_NumOfSyms=23 DL2_NumOfSyms=22 Gap_DL1_DL2=1 UnusedTimePosition=0 
WMAN_M_UL_RangingGuard:W3  N__6 N__58 Bandwidth=Bandwidth OversamplingOption=OversamplingOption FFTSize=FFTSize CyclicPrefix=CyclicPrefix FrameMode=FrameMode DL_Ratio=DL_Ratio FrameDuration=FrameDuration IdleInterval=IdleInterval ZoneNumOfSym=ZoneNumOfSym RangingMethod=RangingMethod RangingAllocation=RangingAllocation RangingTimingOffset=RangingTimingOffset 
_vKeysightEEsof_dSDF_nWMAN_x5fM_x5fUL_x5fRanging_lsdfwman_x5fmstars:W4  N__62 N__73 N__1 ZoneType=ZoneType UL_PermBase=UL_PermBase RangingMethod=RangingMethod RangingAllocation=RangingAllocation RangingSlotChosen=RangingSlotChosen 
_vKeysightEEsof_dSDF_nWMAN_x5fM_x5fUL_x5fFFB_lsdfwman_x5fmstars:W8  N__64 N__68 N__74 FFB_ChannelType=FastFeedBackType FFB_Allocation=FastFeedBackAllocation FFB_SlotChosen=FastFeedBackSlotChosen 
_vKeysightEEsof_dSDF_nWMAN_x5fM_x5fUL_x5fACK_lsdfwman_x5fmstars:W7  N__63 N__66 N__75 ACK_Allocation=HARQ_ACK_Allocation ACK_SlotChosen=HARQ_ACK_SlotChosen 
_vKeysightEEsof_dSDF_nWMAN_x5fM_x5fUL_x5fZonePerm_x5fRect_lsdfwman_x5fmstars:UL_ZonePerm_Rect  Data_Pos Pilot_Pos Ranging_Pos FFB_Pos FFB_Pilot HARQ_ACK_Pos HARQ_ACK_Pilot FFTSize=FFTSize ZoneType=ZoneType ZoneNumOfSym=ZoneNumOfSym NumberOfBurst=NumberOfBurst BurstSymOffset=BurstSymOffset BurstSubchOffset=BurstSubchOffset BurstAssignedSlot=BurstAssignedSlot SubchannelRotation=SubchannelRotation UL_PermBase=UL_PermBase RangingEnable=RangingEnable RangingAllocation=RangingAllocation FastFeedBackEnable=FastFeedBackEnable FastFeedBackAllocation=FastFeedBackAllocation HARQ_ACK_Enable=HARQ_ACK_Enable HARQ_ACK_Allocation=HARQ_ACK_Allocation 
_vKeysightEEsof_dSDF_nWMAN_x5fM_x5fUL_x5fSubcarrRandomizer_lsdfwman_x5fmstars:UL_SubcarrierRandomizer_HARQ_ACK  N__65 N__51 Mode=0 FFTSize=FFTSize ZoneType=ZoneType AMC_Mode=1 ZoneNumOfSym=ZoneNumOfSym ZoneSymOffset=ZoneSymOffset PreambleIndex=PreambleIndex FrameNumber=FrameNumber FrameIncreased=FrameIncreased PilotPN_Phase=0 
_vKeysightEEsof_dSDF_nWMAN_x5fM_x5fUL_x5fMuxBurst_lsdfwman_x5fmstars:WMAN_M_UL_MuxBurst  N__25 N__79 N__78 FFTSize=FFTSize ZoneType=ZoneType ZoneNumOfSym=ZoneNumOfSym NumberOfBurst=NumberOfBurst BurstWithFEC=BurstWithFEC BurstSymOffset=BurstSymOffset BurstSubchOffset=BurstSubchOffset BurstAssignedSlot=BurstAssignedSlot STC_Encoder=0 STC_Matrix=0 
_vKeysightEEsof_dSDF_nWMAN_x5fM_x5fUL_x5fBurstWoFEC_lsdfwman_x5fmstars:WMAN_M_UL_BurstWoFEC  N__23 N__79 FFTSize=FFTSize ZoneType=ZoneType ZoneNumOfSym=ZoneNumOfSym NumberOfBurst=NumberOfBurst BurstWithFEC=BurstWithFEC BurstSymOffset=BurstSymOffset BurstSubchOffset=BurstSubchOffset BurstAssignedSlot=BurstAssignedSlot DataLength=DataLength CodingType=CodingType Rate_ID=Rate_ID STC_Encoder=0 STC_Matrix=0 
WMAN_M_MACPDU:MACPDU  N__29 N__76 N__2 CRC32_Mode=CRC32_Mode DataLength=DataLength[BurstWithFEC] CID=1 AutoMACHeaderSetting=AutoMACHeaderSetting HT=0 EC=0 
_vKeysightEEsof_dSDF_nWMAN_x5fM_x5fCommutator_lsdfwman_x5fmstars:MuxFrame  N__5 N__4 BlockSizes={IdleSize, DL_Frame, DataZoneSize, Zeros} BlockEnable={IdleEnable, DL_Enable,1, ZerosEnable} 
_vKeysightEEsof_dSDF_nWMAN_x5fM_x5fUL_x5fSubcarrRandomizer_lsdfwman_x5fmstars:UL_SubcarrierRandomizer  N__77 N__31 Mode=0 FFTSize=FFTSize ZoneType=ZoneType AMC_Mode=1 ZoneNumOfSym=ZoneNumOfSym ZoneSymOffset=ZoneSymOffset PreambleIndex=PreambleIndex FrameNumber=FrameNumber FrameIncreased=FrameIncreased PilotPN_Phase=0 
_vKeysightEEsof_dSDF_nWMAN_x5fM_x5fUL_x5fMuxOFDMSym_lsdfwman_x5fmstars:WMAN_M_UL_MuxOFDMSym  N__78 Data_Pos Pilot_Pos N__77 FFTSize=FFTSize ZoneType=ZoneType ZoneNumOfSym=ZoneNumOfSym AMC_Mode=2 NumberOfBurst=NumberOfBurst BurstSymOffset=BurstSymOffset BurstSubchOffset=BurstSubchOffset BurstAssignedSlot=BurstAssignedSlot BurstPowerOffset=BurstPowerOffset RangingBurst=0 FFB_ACK_Burst=0 
_vKeysightEEsof_dSDF_nWMAN_x5fM_x5fUL_x5fSubcarrRandomizer_lsdfwman_x5fmstars:UL_SubcarrierRandomizer_FFB  N__67 N__22 Mode=0 FFTSize=FFTSize ZoneType=ZoneType AMC_Mode=1 ZoneNumOfSym=ZoneNumOfSym ZoneSymOffset=ZoneSymOffset PreambleIndex=PreambleIndex FrameNumber=FrameNumber FrameIncreased=FrameIncreased PilotPN_Phase=0 

FFTLen =2^FFTOrder
FFTOrder =if(FFTSize==0) then 11+int(OversamplingOption) elseif(FFTSize==1) then 10+int(OversamplingOption) else 9+int(OversamplingOption) endif
UsedCarriers=if(FFTSize==0) then UsedCarriers_2048 elseif(FFTSize==1) then UsedCarriers_1024 else UsedCarriers_512 endif
UsedCarriers_2048 = if(ZoneType==UL_PUSC) then 1680 else 1728 endif
UsedCarriers_1024 = if(ZoneType==UL_PUSC) then 840 else 864 endif
UsedCarriers_512 = if(ZoneType==UL_PUSC) then 408 else 432 endif
UL_PUSC=0
UL_OPUSC=1
UL_AMC = 2
FrameDur_Table={2ms, 2.5 ms, 4 ms, 5 ms, 8 ms, 10 ms, 12.5 ms, 20 ms}
ZerosOriginal=if(0 == int(FrameMode)) then (FrameSample-ZoneNumOfSym*int(FFTLen*(1+GI))) else (FrameSample-DL_Frame-ZoneNumOfSym*int(FFTLen*(1+GI))) endif
Zeros=if(ZerosOriginal>0) then ZerosOriginal else 0 endif
GI=CyclicPrefix
DataZoneSize = ZoneNumOfSym*int(FFTLen*(1+GI))
IdleSize=int(IdleInterval * SamplingRate)
SamplingRate=floor(Bandwidth*n_num/(n_den*8000))*8000*2^int(OversamplingOption)
n_num=if(0==fmod(int(Bandwidth),1750000)) then 8 elseif(0==fmod(int(Bandwidth),1500000)) then 28 elseif(0==fmod(int(Bandwidth),1250000)) then 28 elseif(0==fmod(int(Bandwidth),2750000)) then 28 elseif(0==fmod(int(Bandwidth),2000000)) then 28 else 8 endif
n_den=if(0==fmod(int(Bandwidth),1750000)) then 7 elseif(0==fmod(int(Bandwidth),1500000)) then 25 elseif(0==fmod(int(Bandwidth),1250000)) then 25 elseif(0==fmod(int(Bandwidth),2750000)) then 25 elseif(0==fmod(int(Bandwidth),2000000)) then 25 else 7 endif
IdleEnable = if(0 == IdleInterval) then 0 else 1 endif
ZerosEnable = if (0 == Zeros) then 0 else 1 endif
DL_Enable = if (0 == FrameMode) then 0 else 1 endif
FrameSample=int(FrameDur_Table[int(FrameDuration)+1]*SamplingRate)
DL_Frame=int(FrameSample*DL_Ratio)

ModTypeTable={2, 2, 4, 4, 6, 6, 6, 6}
ModBits=ModTypeTable[int(Rate_ID[BurstWithFEC])+1]
MappingTable=if(ModBits==2) then QPSK elseif(ModBits==4) then QAM16 else QAM64 endif
MappingGain=if(ModBits==2) then 1.0/sqrt(2) elseif(ModBits==4) then 1.0/sqrt(10) else 1.0/sqrt(42) endif
QPSK = {1+j,1-j,-1+j,-1-j}
QAM16 ={1+j,1+3*j,1-j,1-3*j,3+j,3+3*j,3-j,3-3*j,-1+j,-1+3*j,-1-j,-1-3*j,-3+j,-3+3*j,-3-j,-3-3*j}
QAM64 ={3+3*j,3+1*j,3+5*j,3+7*j,3-3*j,3-1*j,3-5*j,3-7*j,1+3*j,1+1*j,1+5*j,1+7*j,1-3*j,1-1*j,1-5*j,1-7*j,5+3*j,5+1*j,5+5*j,5+7*j,5-3*j,5-1*j,5-5*j,5-7*j,7+3*j,7+1*j,7+5*j,7+7*j,7-3*j,7-1*j,7-5*j,7-7*j,-3+3*j,-3+1*j,-3+5*j,-3+7*j,-3-3*j,-3-1*j,-3-5*j,-3-7*j,-1+3*j,-1+1*j,-1+5*j,-1+7*j,-1-3*j,-1-1*j,-1-5*j,-1-7*j, -5+3*j,-5+1*j,-5+5*j,-5+7*j,-5-3*j,-5-1*j,-5-5*j,-5-7*j,-7+3*j,-7+1*j,-7+5*j,-7+7*j,-7-3*j,-7-1*j,-7-5*j,-7-7*j}

RangingSymOffset=RangingAllocation[1]
RangingSubchOffset=RangingAllocation[2]
RangingAssignedSlot=RangingAllocation[3]/3*RangingAllocation[4]
FastFeedBackSymOffset=FastFeedBackAllocation[1]
FastFeedBackSubchOffset=FastFeedBackAllocation[2]
FastFeedBackAssignedSlot=FastFeedBackAllocation[3]/3*FastFeedBackAllocation[4]
HARQ_ACK_SymOffset=HARQ_ACK_Allocation[1]
HARQ_ACK_SubchOffset=HARQ_ACK_Allocation[2]
HARQ_ACK_AssignedSlot=HARQ_ACK_Allocation[3]/3*HARQ_ACK_Allocation[4]
_vKeysightEEsof_dSDF_nWMAN_x5fM_x5fUL_x5fMuxOFDMSym_lsdfwman_x5fmstars:Ranging_MuxOFDMSym  N__73 N__59 N__0 N__20 FFTSize=FFTSize ZoneType=ZoneType ZoneNumOfSym=ZoneNumOfSym AMC_Mode=2 NumberOfBurst=1 BurstSymOffset=RangingSymOffset BurstSubchOffset=RangingSubchOffset BurstAssignedSlot=RangingAssignedSlot BurstPowerOffset=RangingPowerOffset RangingBurst=1 FFB_ACK_Burst=0 
end WMAN_M_UL_Src_Ranging

; Library Name: WMAN_16e
; Cell Name: WMAN_M_UL_Src_Ranging_RF
; View Name: schematic
define WMAN_M_UL_Src_Ranging_RF ( N__7  N__5  N__4  N__0  N__3  N__2  N__1 ) 
parameters  ROut=DefaultROut  RTemp=DefaultRTemp  FCarrier=3407 MHz  Power=0.01 W  MirrorSpectrum=0  GainImbalance=0.0  PhaseImbalance=0.0  I_OriginOffset=0.0  Q_OriginOffset=0.0  IQ_Rotation=0.0  Bandwidth=10 MHz  OversamplingOption=1  FFTSize=1  CyclicPrefix=0.125  FrameMode=1  DL_Ratio=0.5  FrameDuration=3  PreambleIndex=3  FrameNumber=0  FrameIncreased=0  UL_PermBase=0  DataPattern=0  AutoMACHeaderSetting=1  MAC_Header={0XA2, 0X48, 0X22, 0X4F, 0X93, 0X0E}  CRC32_Mode=0  ZoneType=0  ZoneNumOfSym=24  SubchannelRotation=1  NumberOfBurst=1  BurstWithFEC=1  BurstSymOffset={3}  BurstSubchOffset={0}  BurstAssignedSlot={96}  DataLength={300}  CodingType={0}  Rate_ID={3}  RepetitionCoding={0}  BurstPowerOffset={0}  RangingEnable=0  RangingMethod=0  RangingAllocation={0,29,3,6}  RangingCodeChosen={0}  RangingSlotChosen=0  RangingPowerOffset=0  RangingTimingOffset=0 usec  FastFeedBackEnable=0  FastFeedBackType=0  FastFeedBackAllocation={3,28,12,7}  FastFeedBackCodeChosen={0}  FastFeedBackSlotChosen=0  FastFeedBackPowerOffset=0  HARQ_ACK_Enable=0  HARQ_ACK_Allocation={0,25,3,4}  HARQ_ACK_CodeChosen={1}  HARQ_ACK_SlotChosen=0  HARQ_ACK_PowerOffset=0  PowerType=1  HARQ_Enable=0 
WMAN_M_UL_Src_Ranging:WMAN_M_UL_SignalSrc  N__0 N__6 N__5 N__4 N__3 N__2 N__1 Bandwidth=Bandwidth OversamplingOption=OversamplingOption FFTSize=FFTSize CyclicPrefix=CyclicPrefix FrameMode=FrameMode DL_Ratio=DL_Ratio FrameDuration=FrameDuration IdleInterval=0 usec PreambleIndex=PreambleIndex FrameNumber=FrameNumber FrameIncreased=FrameIncreased UL_PermBase=UL_PermBase AutoMACHeaderSetting=AutoMACHeaderSetting MAC_Header=MAC_Header CRC32_Mode=CRC32_Mode ZoneType=ZoneType ZoneNumOfSym=ZoneNumOfSym ZoneSymOffset=0 SubchannelRotation=SubchannelRotation NumberOfBurst=NumberOfBurst BurstWithFEC=BurstWithFEC BurstSymOffset=BurstSymOffset BurstSubchOffset=BurstSubchOffset BurstAssignedSlot=BurstAssignedSlot DataLength=DataLength CodingType=CodingType Rate_ID=Rate_ID RepetitionCoding=RepetitionCoding BurstPowerOffset=BurstPowerOffset RangingEnable=RangingEnable RangingMethod=RangingMethod RangingAllocation=RangingAllocation RangingCodeChosen=RangingCodeChosen RangingSlotChosen=RangingSlotChosen RangingPowerOffset=RangingPowerOffset RangingTimingOffset=RangingTimingOffset FastFeedBackEnable=FastFeedBackEnable FastFeedBackType=FastFeedBackType FastFeedBackAllocation=FastFeedBackAllocation FastFeedBackCodeChosen=FastFeedBackCodeChosen FastFeedBackSlotChosen=FastFeedBackSlotChosen FastFeedBackPowerOffset=FastFeedBackPowerOffset HARQ_ACK_Enable=HARQ_ACK_Enable HARQ_ACK_Allocation=HARQ_ACK_Allocation HARQ_ACK_CodeChosen=HARQ_ACK_CodeChosen HARQ_ACK_SlotChosen=HARQ_ACK_SlotChosen HARQ_ACK_PowerOffset=HARQ_ACK_PowerOffset PowerType=PowerType HARQ_Enable=HARQ_Enable 
_vKeysightEEsof_dSDF_nCxToRect_lsdfstars:C9  N__6 N__9 N__8 
RF_Modulator:RF_Modulator  N__9 N__8 N__7 ROut=ROut RTemp=RTemp FCarrier=FCarrier Power=Power VRef=1 V SamplingRate=RF_SamplingRate MirrorSpectrum=MirrorSpectrum GainImbalance=GainImbalance dB PhaseImbalance=PhaseImbalance I_OriginOffset=I_OriginOffset Q_OriginOffset=Q_OriginOffset IQ_Rotation=IQ_Rotation 

n_num=if(0==fmod(int(Bandwidth),1750000)) then 8 elseif(0==fmod(int(Bandwidth),1500000)) then 28 elseif(0==fmod(int(Bandwidth),1250000)) then 28 elseif(0==fmod(int(Bandwidth),2750000)) then 28 elseif(0==fmod(int(Bandwidth),2000000)) then 28 else 8 endif
n_den=if(0==fmod(int(Bandwidth),1750000)) then 7 elseif(0==fmod(int(Bandwidth),1500000)) then 25 elseif(0==fmod(int(Bandwidth),1250000)) then 25 elseif(0==fmod(int(Bandwidth),2750000)) then 25 elseif(0==fmod(int(Bandwidth),2000000)) then 25 else 7 endif
RF_SamplingRate=floor(Bandwidth*n_num/(n_den*8000))*8000*(2^int(OversamplingOption))
WMAN_M_DataPattern:RandomBits  N__0 Pattern=DataPattern DataLength=DataLength[BurstWithFEC] 
end WMAN_M_UL_Src_Ranging_RF

; Library Name: Obsolete
; Cell Name: WiBro_UL_VSA_Info
; View Name: schematic
define WiBro_UL_VSA_Info () 
;parameters 
end WiBro_UL_VSA_Info

WMAN_M_UL_Src_Ranging_RF:WMAN_M_UL_Src_Ranging_RF  N__9 N__5 N__4 N__3 N__2 N__1 N__0 ROut=50 Ohm RTemp=-273.15 FCarrier=FCarrier Power=Power MirrorSpectrum=0 GainImbalance=0.0 PhaseImbalance=0.0 I_OriginOffset=0.0 Q_OriginOffset=0.0 IQ_Rotation=0.0 Bandwidth=Bandwidth OversamplingOption=OversamplingOption FFTSize=FFTSize CyclicPrefix=CyclicPrefix FrameMode=1 DL_Ratio=0.63592 FrameDuration=FrameDuration PreambleIndex=PreambleIndex FrameNumber=FrameNumber FrameIncreased=FrameIncreased UL_PermBase=UL_PermBase DataPattern=1 AutoMACHeaderSetting=1 MAC_Header={0XA2, 0X48, 0X22, 0X4F, 0X93, 0X0E} CRC32_Mode=0 ZoneType=ZoneType ZoneNumOfSym=ZoneNumOfSym SubchannelRotation=1 NumberOfBurst=NumberOfBurst BurstWithFEC=BurstWithFEC BurstSymOffset=BurstSymOffset BurstSubchOffset=BurstSubchOffset BurstAssignedSlot=BurstAssignedSlot DataLength=DataLength CodingType=CodingType Rate_ID=Rate_ID RepetitionCoding=RepetitionCoding BurstPowerOffset=BurstPowerOffset RangingEnable=1 RangingMethod=0 RangingAllocation={0,0,3,6} RangingCodeChosen={0} RangingSlotChosen=0 RangingPowerOffset=0 RangingTimingOffset=0 usec FastFeedBackEnable=1 FastFeedBackType=0 FastFeedBackAllocation={0,6,3,14} FastFeedBackCodeChosen={0} FastFeedBackSlotChosen=0 FastFeedBackPowerOffset=0 HARQ_ACK_Enable=1 HARQ_ACK_Allocation={0,20,3,15} HARQ_ACK_CodeChosen={1} HARQ_ACK_SlotChosen=0 HARQ_ACK_PowerOffset=0 PowerType=0 HARQ_Enable=0 
DefaultNumericStart=0
DefaultNumericStop=10000
DefaultTimeStart=0 usec
DefaultTimeStop=100 usec
DefaultSeed=1234567
DefaultRIn=50 Ohm
DefaultROut=50 Ohm
DefaultRLoad=1.0e18 Ohm
DefaultRTemp=-273.15
__DefaultPartition=1
__SimulationID=0
_vKeysightEEsof_dTSDF_nDF_ltsdf:DF DefaultTimeUnit=3 DefaultSeed=if (DefaultSeed==0) then 0 else (DefaultSeed+__SimulationID) endif DefaultPartition=__DefaultPartition OutVar="" ProfileTimes="" logFile="" DeadlockManager=0 CktCosimInputs=0 OutputPlan="DF_Output" 
OutputPlan:DF_Output \
      Type="Output" \
      UseSavedEquationNestLevel=yes \
      SavedEquationNestLevel=2

R:R7  0 N__9 R=50 Ohm Temp=-273.15 
WiBro_UL_VSA_Info:Information  

FCarrier=2304.5 MHz
Power=dbmtow(-10)
Bandwidth=8.75 MHz
OversamplingOption=1
FFTSize=1
CyclicPrefix=0.125
FrameDuration=3
PreambleIndex=4
FrameNumber=0
FrameIncreased=0
UL_PermBase=11
ZoneType=0
ZoneNumOfSym=15
NumberOfBurst=1
BurstWithFEC=1
BurstSymOffset={3}
BurstSubchOffset={0}
BurstAssignedSlot={70}
DataLength={100}
CodingType={1}
Rate_ID={3}
RepetitionCoding={0}
BurstPowerOffset={0}
_vKeysightEEsof_dTSDF_nVSA_x5f89600B_x5fSink_lvsa89600models:V1  N__9 VSATitle="Simulation output" TStep=0 sec SamplesPerSymbol=0.0 SetupFile="wiBro_UL_VSA.set" RestoreHW=0 Start=DefaultNumericStart Stop=DefaultNumericStop TclTkMode=1 RecordMode=0 SetFreqProp=1 
