Momentum MomEngine_64 2022.00.265 (*) built: Jul  2 2021
Copyright  1992 - 2021 Keysight Technologies
Geometry processing started on: Fri Dec 26 20:15:37 2025
Using the minimal snap distance of 0.0004 mm
(4 layout resolution points) for layout healing.
Layout simplification started
.........|.........|.........|.........| 
Layout simplification finished
Geometry processing finished on: Fri Dec 26 20:16:32 2025
Starting FEM simulation.
Setting environment for using simulator engine
Setting EMPROHOME to C:\Program Files\Keysight\ADS2022\fem\2022.00\win32_64\bin\
Setting PYTHONHOME to C:\Program Files\Keysight\ADS2022\fem\2022.00\win32_64\bin\\tools\win32\python (override using EMPRO_PYTHONHOME)
Setting PYTHONPATH to C:\Program Files\Keysight\ADS2022\fem\2022.00\win32_64\bin\ (override using EMPRO_PYTHONPATH)
License checkout started
License checkout completed
License checkout started
License checkout completed
CONFIGURATION VARIABLES WITH NON-DEFAULT VALUES:
                                        Actual             Default
  
  
FEM engine                : 410.000 2021-07-26
FEM solver                : 1.3.11
AFS                       : 3.1.1
Machine                             : rfcourse
Maximum number of threads           : Automatic
Date                                : Fri Dec 26 20:17:07 2025
Design                              : C:\Users\simucstvsl\Documents\ADS_Course\TLines_wrk\simulation\TLines_lib\CPWG\layout\emSetup_FEM\proj.ep\Simulations\000001\emds_dsn\design
FEM Mesher: 2.7.0
    
Automatic initial target mesh size: 1.67e+01 mm
   
 
INITIAL MESH
------------
 
nbPoints     : 19349
nbTetrahedra : 80509
  
REFINING
--------
                     |              MESHING                |                           SOLVING
 level    frequency  |  nbTetr  Elapsed time    CPU time   |  nbUnknowns   mem(GB)   Elapsed time    CPU time  Delta(S)             solver  nbIter     normRes            
---------------------|-------------------------------------|--------------------------------------------------------------------------------------------------
     1    6.000 GHz  |   80509    00:00:52.5  00:00:51.5   |      527358     3.234     00:00:50.3  00:01:19.4         /               Dm64                                
     2    6.000 GHz  |   93722    00:00:09.9  00:00:09.8   |      612448     4.004     00:01:09.7  00:01:56.7    0.0162 [-&gt;0.0200]    Dm64                                
 
COMPUTING SOLUTION
------------------
 
sample    frequency  |  nbUnknowns    mem(GB)  Elapsed time     CPU time  solver  nbIter     normRes
---------------------|------------------------------------------------------------------------------
     1    0.000 Hz   |      527358      3.235    00:00:50.1   00:01:20.8      LF                    
     2    6.000 GHz  |      527358      3.234    00:00:50.3   00:01:19.4   reuse                    
     3    2.000 GHz  |      527358      3.236    00:00:29.0   00:00:54.2    Dm64                    
