Momentum MomEngine_64 2022.00.265 (*) built: Jul  2 2021
Copyright  1992 - 2021 Keysight Technologies
Geometry processing started on: Fri Dec 26 16:10:10 2025
Using the minimal snap distance of 0.0004 mm
(4 layout resolution points) for layout healing.
Layout simplification started
.........|.........|.........|.........| 
Layout simplification finished
Geometry processing finished on: Fri Dec 26 16:10:10 2025
Starting FEM simulation.
Setting environment for using simulator engine
Setting EMPROHOME to C:\Program Files\Keysight\ADS2022\fem\2022.00\win32_64\bin\
Setting PYTHONHOME to C:\Program Files\Keysight\ADS2022\fem\2022.00\win32_64\bin\\tools\win32\python (override using EMPRO_PYTHONHOME)
Setting PYTHONPATH to C:\Program Files\Keysight\ADS2022\fem\2022.00\win32_64\bin\ (override using EMPRO_PYTHONPATH)
License checkout started
License checkout completed
License checkout started
License checkout completed
CONFIGURATION VARIABLES WITH NON-DEFAULT VALUES:
                                        Actual             Default
  
  
FEM engine                : 410.000 2021-07-26
FEM solver                : 1.3.11
AFS                       : 3.1.1
Machine                             : rfcourse
Maximum number of threads           : Automatic
Date                                : Fri Dec 26 16:10:40 2025
Design                              : C:\Users\simucstvsl\Documents\ADS_Course\TLines_wrk\simulation\TLines_lib\Msline\layout\emSetup_FEM\proj.ep\Simulations\000001\emds_dsn\design
FEM Mesher: 2.7.0
    
Automatic initial target mesh size: 1.67e+01 mm
   
 
INITIAL MESH
------------
 
nbPoints     : 1273
nbTetrahedra : 5571
  
REFINING
--------
                     |              MESHING                |                           SOLVING
 level    frequency  |  nbTetr  Elapsed time    CPU time   |  nbUnknowns   mem(GB)   Elapsed time    CPU time  Delta(S)             solver  nbIter     normRes            
---------------------|-------------------------------------|--------------------------------------------------------------------------------------------------
     1    6.000 GHz  |    5571    00:00:02.6  00:00:02.0   |       38704     0.229     00:00:03.3  00:00:04.1         /               Dm64                                
     2    6.000 GHz  |    6458    00:00:00.6  00:00:00.6   |       44808     0.259     00:00:02.8  00:00:04.4    0.2446 [-&gt;0.0200]    Dm64                                
     3    6.000 GHz  |    7462    00:00:00.4  00:00:00.4   |       51472     0.288     00:00:03.0  00:00:04.9    0.0803 [-&gt;0.0200]    Dm64                                
     4    6.000 GHz  |    8754    00:00:00.6  00:00:00.6   |       59990     0.346     00:00:03.5  00:00:05.9    0.0814 [-&gt;0.0200]    Dm64                                
     5    6.000 GHz  |   10121    00:00:00.7  00:00:00.6   |       68934     0.397     00:00:04.1  00:00:07.1    0.0260 [-&gt;0.0200]    Dm64                                
     6    6.000 GHz  |   11694    00:00:00.7  00:00:00.6   |       79178     0.467     00:00:04.8  00:00:08.2    0.0323 [-&gt;0.0200]    Dm64                                
     7    6.000 GHz  |   13516    00:00:01.0  00:00:00.9   |       91106     0.555     00:00:05.7  00:00:09.7    0.0653 [-&gt;0.0200]    Dm64                                
     8    6.000 GHz  |   15652    00:00:01.1  00:00:01.1   |      105038     0.653     00:00:06.8  00:00:11.6    0.0368 [-&gt;0.0200]    Dm64                                
     9    6.000 GHz  |   18484    00:00:01.3  00:00:01.2   |      123388     0.794     00:00:08.6  00:00:14.9    0.0449 [-&gt;0.0200]    Dm64                                
    10    6.000 GHz  |   21328    00:00:01.6  00:00:01.5   |      141810     0.929     00:00:10.4  00:00:17.6    0.0128 [-&gt;0.0200]    Dm64                                
 
COMPUTING SOLUTION
------------------
 
sample    frequency  |  nbUnknowns    mem(GB)  Elapsed time     CPU time  solver  nbIter     normRes
---------------------|------------------------------------------------------------------------------
     1    0.000 Hz   |      123388      0.797    00:00:09.2   00:00:14.6      LF                    
     2    6.000 GHz  |      123388      0.794    00:00:08.6   00:00:14.9   reuse                    
     3    2.000 GHz  |      123388      0.798    00:00:05.7   00:00:10.3    Dm64                    
     4    4.000 GHz  |      123388      0.798    00:00:05.3   00:00:10.2    Dm64                    
     5    1.000 GHz  |      123388      0.798    00:00:05.8   00:00:10.0    Dm64                    
     6    1.500 GHz  |      123388      0.798    00:00:05.8   00:00:10.3    Dm64                    
     7    5.000 GHz  |      123388      0.798    00:00:05.3   00:00:09.9    Dm64                    
     8    4.500 GHz  |      123388      0.798    00:00:05.7   00:00:10.2    Dm64                    
     9    4.750 GHz  |      123388      0.798    00:00:05.7   00:00:10.2    Dm64                    
    10    5.500 GHz  |      123388      0.798    00:00:05.4   00:00:10.1    Dm64                    
    11  500.001 MHz  |      123388      0.798    00:00:05.6   00:00:09.9    Dm64                    
    12  250.001 MHz  |      123388      0.798    00:00:05.6   00:00:10.1    Dm64                    
    13    3.000 GHz  |      123388      0.798    00:00:05.6   00:00:09.9    Dm64                    
    14    3.500 GHz  |      123388      0.798    00:00:05.7   00:00:10.2    Dm64                    
------------------------------------------------
DISTRIBUTION SUMMARY:
controller with id 0    on rfcourse 
solver with id 1    on rfcourse:  #freq:13    
------------------------------------------------
------------------------------------------------
  Total Elapsed Time = 0:02:43
------------------------------------------------
Simulation results can be reused
The simulation results have been saved in dataset "Msline_FEM".
