
CONFIGURATION VARIABLES WITH NON-DEFAULT VALUES:
                                        Actual             Default
  
  
FEM engine                : 410.000 2021-07-26
FEM solver                : 1.3.11
AFS                       : 3.1.1
Machine                             : rfcourse
Maximum number of threads           : Automatic
Date                                : Wed Jan 21 21:25:28 2026
Design                              : C:\Users\simucstvsl\Documents\ADS_Course\TRX_Project_wrk\simulation\TRX_Project_lib\WilkinsonCPW\layout\emSetup_FEM\proj.ep\Simulations\000001\emds_dsn\design
FEM Mesher: 2.7.0
    
Automatic initial target mesh size: 2.00e+01 mm
   
 
INITIAL MESH
------------
 
nbPoints     : 12103
nbTetrahedra : 55008
  
REFINING
--------
                     |              MESHING                |                           SOLVING
 level    frequency  |  nbTetr  Elapsed time    CPU time   |  nbUnknowns   mem(GB)   Elapsed time    CPU time  Delta(S)             solver  nbIter     normRes            
---------------------|-------------------------------------|--------------------------------------------------------------------------------------------------
     1    5.000 GHz  |   55008    00:00:36.2  00:00:36.0   |      375468     2.283     00:00:38.1  00:01:00.4         /               Dm64                                
     2    5.000 GHz  |   63635    00:00:09.0  00:00:08.7   |      432524     2.748     00:00:46.5  00:01:13.7    0.0382 [-&gt;0.0200]    Dm64                                
     3    5.000 GHz  |   73333    00:00:11.2  00:00:11.0   |      496776     3.209     00:00:53.2  00:01:24.5    0.0133 [-&gt;0.0200]    Dm64                                
 
COMPUTING SOLUTION
------------------
 
sample    frequency  |  nbUnknowns    mem(GB)  Elapsed time     CPU time  solver  nbIter     normRes
---------------------|------------------------------------------------------------------------------
     1    5.000 GHz  |      432524      2.748    00:00:46.5   00:01:13.7   reuse                    
     2    1.000 GHz  |      432524      2.748    00:00:44.9   00:01:08.5    Dm64                    
     3    2.333 GHz  |      432524      2.748    00:00:31.0   00:00:56.6    Dm64                    
     4    3.667 GHz  |      432524      2.748    00:00:25.9   00:00:49.3    Dm64                    
     5    4.333 GHz  |      432524      2.748    00:00:26.0   00:00:48.7    Dm64                    
     6    1.667 GHz  |      432524      2.748    00:00:26.2   00:00:49.2    Dm64                    
     7    1.333 GHz  |      432524      2.749    00:00:25.6   00:00:48.0    Dm64                    
     8    3.000 GHz  |      432524      2.749    00:00:27.1   00:00:50.3    Dm64                    
     9    3.333 GHz  |      432524      2.749    00:00:29.7   00:00:53.4    Dm64                    
------------------------------------------------
DISTRIBUTION SUMMARY:
controller with id 0    on rfcourse 
solver with id 1    on rfcourse:  #freq:8     
------------------------------------------------
------------------------------------------------
  Total Elapsed Time = 0:07:31
------------------------------------------------
Simulation results can be reused